<?xml version="1.0"?>
<link_info>
   <banner>TI ARM Linker PC v16.9.6.LTS</banner>
   <copyright>Copyright (c) 1996-2017 Texas Instruments Incorporated</copyright>
   <link_time>0x5b057fbd</link_time>
   <link_errors>0x0</link_errors>
   <output_file>PowerHourVer2.out</output_file>
   <entry_point>
      <name>_c_int00</name>
      <address>0x6d8d</address>
   </entry_point>
   <input_file_list>
      <input_file id="fl-2">
         <path>.\</path>
         <kind>object</kind>
         <file>startup_msp432p401r_ccs.obj</file>
         <name>startup_msp432p401r_ccs.obj</name>
      </input_file>
      <input_file id="fl-3">
         <path>.\</path>
         <kind>object</kind>
         <file>system_msp432p401r.obj</file>
         <name>system_msp432p401r.obj</name>
      </input_file>
      <input_file id="fl-4">
         <path>.\HW\</path>
         <kind>object</kind>
         <file>backlight.obj</file>
         <name>backlight.obj</name>
      </input_file>
      <input_file id="fl-5">
         <path>.\HW\</path>
         <kind>object</kind>
         <file>bitmaps.obj</file>
         <name>bitmaps.obj</name>
      </input_file>
      <input_file id="fl-6">
         <path>.\HW\</path>
         <kind>object</kind>
         <file>buttons.obj</file>
         <name>buttons.obj</name>
      </input_file>
      <input_file id="fl-7">
         <path>.\HW\</path>
         <kind>object</kind>
         <file>buzzer.obj</file>
         <name>buzzer.obj</name>
      </input_file>
      <input_file id="fl-8">
         <path>.\HW\</path>
         <kind>object</kind>
         <file>display_drv.obj</file>
         <name>display_drv.obj</name>
      </input_file>
      <input_file id="fl-9">
         <path>.\HW\</path>
         <kind>object</kind>
         <file>font.obj</file>
         <name>font.obj</name>
      </input_file>
      <input_file id="fl-a">
         <path>.\HW\</path>
         <kind>object</kind>
         <file>register.obj</file>
         <name>register.obj</name>
      </input_file>
      <input_file id="fl-b">
         <path>.\HW\</path>
         <kind>object</kind>
         <file>spi_drv.obj</file>
         <name>spi_drv.obj</name>
      </input_file>
      <input_file id="fl-c">
         <path>.\HW\</path>
         <kind>object</kind>
         <file>uartmgr.obj</file>
         <name>uartmgr.obj</name>
      </input_file>
      <input_file id="fl-d">
         <path>.\HW\driverlib\MSP432P4xx\</path>
         <kind>object</kind>
         <file>adc14.obj</file>
         <name>adc14.obj</name>
      </input_file>
      <input_file id="fl-e">
         <path>.\HW\driverlib\MSP432P4xx\</path>
         <kind>object</kind>
         <file>aes256.obj</file>
         <name>aes256.obj</name>
      </input_file>
      <input_file id="fl-f">
         <path>.\HW\driverlib\MSP432P4xx\</path>
         <kind>object</kind>
         <file>comp_e.obj</file>
         <name>comp_e.obj</name>
      </input_file>
      <input_file id="fl-10">
         <path>.\HW\driverlib\MSP432P4xx\</path>
         <kind>object</kind>
         <file>cpu.obj</file>
         <name>cpu.obj</name>
      </input_file>
      <input_file id="fl-11">
         <path>.\HW\driverlib\MSP432P4xx\</path>
         <kind>object</kind>
         <file>crc32.obj</file>
         <name>crc32.obj</name>
      </input_file>
      <input_file id="fl-12">
         <path>.\HW\driverlib\MSP432P4xx\</path>
         <kind>object</kind>
         <file>cs.obj</file>
         <name>cs.obj</name>
      </input_file>
      <input_file id="fl-13">
         <path>.\HW\driverlib\MSP432P4xx\</path>
         <kind>object</kind>
         <file>dma.obj</file>
         <name>dma.obj</name>
      </input_file>
      <input_file id="fl-14">
         <path>.\HW\driverlib\MSP432P4xx\</path>
         <kind>object</kind>
         <file>flash.obj</file>
         <name>flash.obj</name>
      </input_file>
      <input_file id="fl-15">
         <path>.\HW\driverlib\MSP432P4xx\</path>
         <kind>object</kind>
         <file>fpu.obj</file>
         <name>fpu.obj</name>
      </input_file>
      <input_file id="fl-16">
         <path>.\HW\driverlib\MSP432P4xx\</path>
         <kind>object</kind>
         <file>gpio.obj</file>
         <name>gpio.obj</name>
      </input_file>
      <input_file id="fl-17">
         <path>.\HW\driverlib\MSP432P4xx\</path>
         <kind>object</kind>
         <file>i2c.obj</file>
         <name>i2c.obj</name>
      </input_file>
      <input_file id="fl-18">
         <path>.\HW\driverlib\MSP432P4xx\</path>
         <kind>object</kind>
         <file>interrupt.obj</file>
         <name>interrupt.obj</name>
      </input_file>
      <input_file id="fl-19">
         <path>.\HW\driverlib\MSP432P4xx\</path>
         <kind>object</kind>
         <file>mpu.obj</file>
         <name>mpu.obj</name>
      </input_file>
      <input_file id="fl-1a">
         <path>.\HW\driverlib\MSP432P4xx\</path>
         <kind>object</kind>
         <file>pcm.obj</file>
         <name>pcm.obj</name>
      </input_file>
      <input_file id="fl-1b">
         <path>.\HW\driverlib\MSP432P4xx\</path>
         <kind>object</kind>
         <file>pmap.obj</file>
         <name>pmap.obj</name>
      </input_file>
      <input_file id="fl-1c">
         <path>.\HW\driverlib\MSP432P4xx\</path>
         <kind>object</kind>
         <file>pss.obj</file>
         <name>pss.obj</name>
      </input_file>
      <input_file id="fl-1d">
         <path>.\HW\driverlib\MSP432P4xx\</path>
         <kind>object</kind>
         <file>ref_a.obj</file>
         <name>ref_a.obj</name>
      </input_file>
      <input_file id="fl-1e">
         <path>.\HW\driverlib\MSP432P4xx\</path>
         <kind>object</kind>
         <file>reset.obj</file>
         <name>reset.obj</name>
      </input_file>
      <input_file id="fl-1f">
         <path>.\HW\driverlib\MSP432P4xx\</path>
         <kind>object</kind>
         <file>rtc_c.obj</file>
         <name>rtc_c.obj</name>
      </input_file>
      <input_file id="fl-20">
         <path>.\HW\driverlib\MSP432P4xx\</path>
         <kind>object</kind>
         <file>spi.obj</file>
         <name>spi.obj</name>
      </input_file>
      <input_file id="fl-21">
         <path>.\HW\driverlib\MSP432P4xx\</path>
         <kind>object</kind>
         <file>sysctl.obj</file>
         <name>sysctl.obj</name>
      </input_file>
      <input_file id="fl-22">
         <path>.\HW\driverlib\MSP432P4xx\</path>
         <kind>object</kind>
         <file>systick.obj</file>
         <name>systick.obj</name>
      </input_file>
      <input_file id="fl-23">
         <path>.\HW\driverlib\MSP432P4xx\</path>
         <kind>object</kind>
         <file>timer32.obj</file>
         <name>timer32.obj</name>
      </input_file>
      <input_file id="fl-24">
         <path>.\HW\driverlib\MSP432P4xx\</path>
         <kind>object</kind>
         <file>timer_a.obj</file>
         <name>timer_a.obj</name>
      </input_file>
      <input_file id="fl-25">
         <path>.\HW\driverlib\MSP432P4xx\</path>
         <kind>object</kind>
         <file>uart.obj</file>
         <name>uart.obj</name>
      </input_file>
      <input_file id="fl-26">
         <path>.\HW\driverlib\MSP432P4xx\</path>
         <kind>object</kind>
         <file>wdt_a.obj</file>
         <name>wdt_a.obj</name>
      </input_file>
      <input_file id="fl-27">
         <path>.\LOGIC\Menus\</path>
         <kind>object</kind>
         <file>Bargraph.obj</file>
         <name>Bargraph.obj</name>
      </input_file>
      <input_file id="fl-28">
         <path>.\LOGIC\Menus\</path>
         <kind>object</kind>
         <file>menu.obj</file>
         <name>menu.obj</name>
      </input_file>
      <input_file id="fl-29">
         <path>.\LOGIC\PowerHourGame\</path>
         <kind>object</kind>
         <file>ShotGlassAnimation.obj</file>
         <name>ShotGlassAnimation.obj</name>
      </input_file>
      <input_file id="fl-2a">
         <path>.\LOGIC\PowerHourGame\</path>
         <kind>object</kind>
         <file>SpecialTasks.obj</file>
         <name>SpecialTasks.obj</name>
      </input_file>
      <input_file id="fl-2b">
         <path>.\LOGIC\PowerHourGame\</path>
         <kind>object</kind>
         <file>clockDisplay.obj</file>
         <name>clockDisplay.obj</name>
      </input_file>
      <input_file id="fl-2c">
         <path>.\LOGIC\</path>
         <kind>object</kind>
         <file>Scheduler.obj</file>
         <name>Scheduler.obj</name>
      </input_file>
      <input_file id="fl-2d">
         <path>.\LOGIC\</path>
         <kind>object</kind>
         <file>main.obj</file>
         <name>main.obj</name>
      </input_file>
      <input_file id="fl-2e">
         <path>.\LOGIC\SnakeGame\</path>
         <kind>object</kind>
         <file>SnakeMain.obj</file>
         <name>SnakeMain.obj</name>
      </input_file>
      <input_file id="fl-2f">
         <path>.\MISC\</path>
         <kind>object</kind>
         <file>misc.obj</file>
         <name>misc.obj</name>
      </input_file>
      <input_file id="fl-37">
         <kind>object</kind>
         <file>&lt;internal&gt;</file>
         <name>&lt;internal&gt;</name>
      </input_file>
      <input_file id="fl-ed">
         <path>C:\ti\ccs7\ccsv7\tools\compiler\ti-cgt-arm_16.9.6.LTS\lib\</path>
         <kind>archive</kind>
         <file>rtsv7M4_T_le_v4SPD16_eabi.lib</file>
         <name>atoi.obj</name>
      </input_file>
      <input_file id="fl-ee">
         <path>C:\ti\ccs7\ccsv7\tools\compiler\ti-cgt-arm_16.9.6.LTS\lib\</path>
         <kind>archive</kind>
         <file>rtsv7M4_T_le_v4SPD16_eabi.lib</file>
         <name>boot.obj</name>
      </input_file>
      <input_file id="fl-ef">
         <path>C:\ti\ccs7\ccsv7\tools\compiler\ti-cgt-arm_16.9.6.LTS\lib\</path>
         <kind>archive</kind>
         <file>rtsv7M4_T_le_v4SPD16_eabi.lib</file>
         <name>copy_decompress_lzss.obj</name>
      </input_file>
      <input_file id="fl-f0">
         <path>C:\ti\ccs7\ccsv7\tools\compiler\ti-cgt-arm_16.9.6.LTS\lib\</path>
         <kind>archive</kind>
         <file>rtsv7M4_T_le_v4SPD16_eabi.lib</file>
         <name>copy_decompress_none.obj</name>
      </input_file>
      <input_file id="fl-f1">
         <path>C:\ti\ccs7\ccsv7\tools\compiler\ti-cgt-arm_16.9.6.LTS\lib\</path>
         <kind>archive</kind>
         <file>rtsv7M4_T_le_v4SPD16_eabi.lib</file>
         <name>copy_zero_init.obj</name>
      </input_file>
      <input_file id="fl-f2">
         <path>C:\ti\ccs7\ccsv7\tools\compiler\ti-cgt-arm_16.9.6.LTS\lib\</path>
         <kind>archive</kind>
         <file>rtsv7M4_T_le_v4SPD16_eabi.lib</file>
         <name>ctype.obj</name>
      </input_file>
      <input_file id="fl-f3">
         <path>C:\ti\ccs7\ccsv7\tools\compiler\ti-cgt-arm_16.9.6.LTS\lib\</path>
         <kind>archive</kind>
         <file>rtsv7M4_T_le_v4SPD16_eabi.lib</file>
         <name>exit.obj</name>
      </input_file>
      <input_file id="fl-f4">
         <path>C:\ti\ccs7\ccsv7\tools\compiler\ti-cgt-arm_16.9.6.LTS\lib\</path>
         <kind>archive</kind>
         <file>rtsv7M4_T_le_v4SPD16_eabi.lib</file>
         <name>memcpy_t2.obj</name>
      </input_file>
      <input_file id="fl-f5">
         <path>C:\ti\ccs7\ccsv7\tools\compiler\ti-cgt-arm_16.9.6.LTS\lib\</path>
         <kind>archive</kind>
         <file>rtsv7M4_T_le_v4SPD16_eabi.lib</file>
         <name>memory.obj</name>
      </input_file>
      <input_file id="fl-f6">
         <path>C:\ti\ccs7\ccsv7\tools\compiler\ti-cgt-arm_16.9.6.LTS\lib\</path>
         <kind>archive</kind>
         <file>rtsv7M4_T_le_v4SPD16_eabi.lib</file>
         <name>memset_t2.obj</name>
      </input_file>
      <input_file id="fl-f7">
         <path>C:\ti\ccs7\ccsv7\tools\compiler\ti-cgt-arm_16.9.6.LTS\lib\</path>
         <kind>archive</kind>
         <file>rtsv7M4_T_le_v4SPD16_eabi.lib</file>
         <name>mpu_init.obj</name>
      </input_file>
      <input_file id="fl-f8">
         <path>C:\ti\ccs7\ccsv7\tools\compiler\ti-cgt-arm_16.9.6.LTS\lib\</path>
         <kind>archive</kind>
         <file>rtsv7M4_T_le_v4SPD16_eabi.lib</file>
         <name>pre_init.obj</name>
      </input_file>
      <input_file id="fl-f9">
         <path>C:\ti\ccs7\ccsv7\tools\compiler\ti-cgt-arm_16.9.6.LTS\lib\</path>
         <kind>archive</kind>
         <file>rtsv7M4_T_le_v4SPD16_eabi.lib</file>
         <name>rand.obj</name>
      </input_file>
      <input_file id="fl-fa">
         <path>C:\ti\ccs7\ccsv7\tools\compiler\ti-cgt-arm_16.9.6.LTS\lib\</path>
         <kind>archive</kind>
         <file>rtsv7M4_T_le_v4SPD16_eabi.lib</file>
         <name>stkdepth_vars.obj</name>
      </input_file>
      <input_file id="fl-fb">
         <path>C:\ti\ccs7\ccsv7\tools\compiler\ti-cgt-arm_16.9.6.LTS\lib\</path>
         <kind>archive</kind>
         <file>rtsv7M4_T_le_v4SPD16_eabi.lib</file>
         <name>strcat.obj</name>
      </input_file>
      <input_file id="fl-fc">
         <path>C:\ti\ccs7\ccsv7\tools\compiler\ti-cgt-arm_16.9.6.LTS\lib\</path>
         <kind>archive</kind>
         <file>rtsv7M4_T_le_v4SPD16_eabi.lib</file>
         <name>strcpy.obj</name>
      </input_file>
      <input_file id="fl-fd">
         <path>C:\ti\ccs7\ccsv7\tools\compiler\ti-cgt-arm_16.9.6.LTS\lib\</path>
         <kind>archive</kind>
         <file>rtsv7M4_T_le_v4SPD16_eabi.lib</file>
         <name>_lock.obj</name>
      </input_file>
      <input_file id="fl-fe">
         <path>C:\ti\ccs7\ccsv7\tools\compiler\ti-cgt-arm_16.9.6.LTS\lib\</path>
         <kind>archive</kind>
         <file>rtsv7M4_T_le_v4SPD16_eabi.lib</file>
         <name>args_main.obj</name>
      </input_file>
      <input_file id="fl-ff">
         <path>C:\ti\ccs7\ccsv7\tools\compiler\ti-cgt-arm_16.9.6.LTS\lib\</path>
         <kind>archive</kind>
         <file>rtsv7M4_T_le_v4SPD16_eabi.lib</file>
         <name>autoinit.obj</name>
      </input_file>
      <input_file id="fl-100">
         <path>C:\ti\ccs7\ccsv7\tools\compiler\ti-cgt-arm_16.9.6.LTS\lib\</path>
         <kind>archive</kind>
         <file>rtsv7M4_T_le_v4SPD16_eabi.lib</file>
         <name>cpy_tbl.obj</name>
      </input_file>
      <input_file id="fl-101">
         <path>C:\ti\ccs7\ccsv7\tools\compiler\ti-cgt-arm_16.9.6.LTS\lib\</path>
         <kind>archive</kind>
         <file>rtsv7M4_T_le_v4SPD16_eabi.lib</file>
         <name>startup.obj</name>
      </input_file>
   </input_file_list>
   <object_component_list>
      <object_component id="oc-2c">
         <name>.intvecs:retain</name>
         <load_address>0x0</load_address>
         <run_address>0x0</run_address>
         <size>0xe4</size>
         <input_file_ref idref="fl-2"/>
      </object_component>
      <object_component id="oc-204">
         <name>.text</name>
         <load_address>0xe4</load_address>
         <run_address>0xe4</run_address>
         <size>0xd7c</size>
         <input_file_ref idref="fl-12"/>
      </object_component>
      <object_component id="oc-dd">
         <name>.text</name>
         <load_address>0xe60</load_address>
         <run_address>0xe60</run_address>
         <size>0xa90</size>
         <input_file_ref idref="fl-8"/>
      </object_component>
      <object_component id="oc-10f">
         <name>.text</name>
         <load_address>0x18f0</load_address>
         <run_address>0x18f0</run_address>
         <size>0x8a4</size>
         <input_file_ref idref="fl-20"/>
      </object_component>
      <object_component id="oc-1f2">
         <name>.text</name>
         <load_address>0x2194</load_address>
         <run_address>0x2194</run_address>
         <size>0x838</size>
         <input_file_ref idref="fl-1a"/>
      </object_component>
      <object_component id="oc-20a">
         <name>.text</name>
         <load_address>0x29cc</load_address>
         <run_address>0x29cc</run_address>
         <size>0x798</size>
         <input_file_ref idref="fl-24"/>
      </object_component>
      <object_component id="oc-2dc">
         <name>.text</name>
         <load_address>0x3164</load_address>
         <run_address>0x3164</run_address>
         <size>0x5e8</size>
         <input_file_ref idref="fl-2b"/>
      </object_component>
      <object_component id="oc-2ab">
         <name>.text</name>
         <load_address>0x374c</load_address>
         <run_address>0x374c</run_address>
         <size>0x508</size>
         <input_file_ref idref="fl-1f"/>
      </object_component>
      <object_component id="oc-109">
         <name>.text</name>
         <load_address>0x3c54</load_address>
         <run_address>0x3c54</run_address>
         <size>0x480</size>
         <input_file_ref idref="fl-16"/>
      </object_component>
      <object_component id="oc-d1">
         <name>.text</name>
         <load_address>0x40d4</load_address>
         <run_address>0x40d4</run_address>
         <size>0x41c</size>
         <input_file_ref idref="fl-25"/>
      </object_component>
      <object_component id="oc-115">
         <name>.text</name>
         <load_address>0x44f0</load_address>
         <run_address>0x44f0</run_address>
         <size>0x3f0</size>
         <input_file_ref idref="fl-18"/>
      </object_component>
      <object_component id="oc-387">
         <name>.text</name>
         <load_address>0x48e0</load_address>
         <run_address>0x48e0</run_address>
         <size>0x3d0</size>
         <input_file_ref idref="fl-f5"/>
      </object_component>
      <object_component id="oc-ca">
         <name>.text</name>
         <load_address>0x4cb0</load_address>
         <run_address>0x4cb0</run_address>
         <size>0x32c</size>
         <input_file_ref idref="fl-3"/>
      </object_component>
      <object_component id="oc-11b">
         <name>.text</name>
         <load_address>0x4fdc</load_address>
         <run_address>0x4fdc</run_address>
         <size>0x328</size>
         <input_file_ref idref="fl-a"/>
      </object_component>
      <object_component id="oc-47a">
         <name>.text</name>
         <load_address>0x5304</load_address>
         <run_address>0x5304</run_address>
         <size>0x320</size>
         <input_file_ref idref="fl-2a"/>
      </object_component>
      <object_component id="oc-d7">
         <name>.text</name>
         <load_address>0x5624</load_address>
         <run_address>0x5624</run_address>
         <size>0x31c</size>
         <input_file_ref idref="fl-2f"/>
      </object_component>
      <object_component id="oc-2b8">
         <name>.text</name>
         <load_address>0x5940</load_address>
         <run_address>0x5940</run_address>
         <size>0x244</size>
         <input_file_ref idref="fl-21"/>
      </object_component>
      <object_component id="oc-154">
         <name>.text</name>
         <load_address>0x5b84</load_address>
         <run_address>0x5b84</run_address>
         <size>0x238</size>
         <input_file_ref idref="fl-28"/>
      </object_component>
      <object_component id="oc-7e">
         <name>.text</name>
         <load_address>0x5dbc</load_address>
         <run_address>0x5dbc</run_address>
         <size>0x228</size>
         <input_file_ref idref="fl-c"/>
      </object_component>
      <object_component id="oc-14e">
         <name>.text</name>
         <load_address>0x5fe4</load_address>
         <run_address>0x5fe4</run_address>
         <size>0x210</size>
         <input_file_ref idref="fl-2c"/>
      </object_component>
      <object_component id="oc-15a">
         <name>.text</name>
         <load_address>0x61f4</load_address>
         <run_address>0x61f4</run_address>
         <size>0x1d0</size>
         <input_file_ref idref="fl-6"/>
      </object_component>
      <object_component id="oc-247">
         <name>.text</name>
         <load_address>0x63c4</load_address>
         <run_address>0x63c4</run_address>
         <size>0x178</size>
         <input_file_ref idref="fl-27"/>
      </object_component>
      <object_component id="oc-2e2">
         <name>.text</name>
         <load_address>0x653c</load_address>
         <run_address>0x653c</run_address>
         <size>0x124</size>
         <input_file_ref idref="fl-2e"/>
      </object_component>
      <object_component id="oc-186">
         <name>.text</name>
         <load_address>0x6660</load_address>
         <run_address>0x6660</run_address>
         <size>0x124</size>
         <input_file_ref idref="fl-9"/>
      </object_component>
      <object_component id="oc-84">
         <name>.text</name>
         <load_address>0x6784</load_address>
         <run_address>0x6784</run_address>
         <size>0xf0</size>
         <input_file_ref idref="fl-b"/>
      </object_component>
      <object_component id="oc-1fe">
         <name>.text</name>
         <load_address>0x6874</load_address>
         <run_address>0x6874</run_address>
         <size>0xd8</size>
         <input_file_ref idref="fl-26"/>
      </object_component>
      <object_component id="oc-2eb">
         <name>.text</name>
         <load_address>0x694c</load_address>
         <run_address>0x694c</run_address>
         <size>0xc0</size>
         <input_file_ref idref="fl-7"/>
      </object_component>
      <object_component id="oc-b7">
         <name>.text</name>
         <load_address>0x6a0c</load_address>
         <run_address>0x6a0c</run_address>
         <size>0xb4</size>
         <input_file_ref idref="fl-2d"/>
      </object_component>
      <object_component id="oc-3e">
         <name>.text</name>
         <load_address>0x6ac0</load_address>
         <run_address>0x6ac0</run_address>
         <size>0x9c</size>
         <input_file_ref idref="fl-f4"/>
      </object_component>
      <object_component id="oc-4a">
         <name>.text</name>
         <load_address>0x6b5c</load_address>
         <run_address>0x6b5c</run_address>
         <size>0x7a</size>
         <input_file_ref idref="fl-f6"/>
      </object_component>
      <object_component id="oc-56">
         <name>.text</name>
         <load_address>0x6bd6</load_address>
         <run_address>0x6bd6</run_address>
         <size>0x2</size>
         <input_file_ref idref="fl-f7"/>
      </object_component>
      <object_component id="oc-367">
         <name>.text</name>
         <load_address>0x6bd8</load_address>
         <run_address>0x6bd8</run_address>
         <size>0x70</size>
         <input_file_ref idref="fl-29"/>
      </object_component>
      <object_component id="oc-62">
         <name>.text</name>
         <load_address>0x6c48</load_address>
         <run_address>0x6c48</run_address>
         <size>0x70</size>
         <input_file_ref idref="fl-ff"/>
      </object_component>
      <object_component id="oc-148">
         <name>.text</name>
         <load_address>0x6cb8</load_address>
         <run_address>0x6cb8</run_address>
         <size>0x6c</size>
         <input_file_ref idref="fl-4"/>
      </object_component>
      <object_component id="oc-14">
         <name>.text:decompress:lzss</name>
         <load_address>0x6d24</load_address>
         <run_address>0x6d24</run_address>
         <size>0x68</size>
         <input_file_ref idref="fl-ef"/>
      </object_component>
      <object_component id="oc-26">
         <name>.text</name>
         <load_address>0x6d8c</load_address>
         <run_address>0x6d8c</run_address>
         <size>0x54</size>
         <input_file_ref idref="fl-ee"/>
      </object_component>
      <object_component id="oc-6e">
         <name>.text</name>
         <load_address>0x6de0</load_address>
         <run_address>0x6de0</run_address>
         <size>0x54</size>
         <input_file_ref idref="fl-f3"/>
      </object_component>
      <object_component id="oc-17f">
         <name>.text</name>
         <load_address>0x6e34</load_address>
         <run_address>0x6e34</run_address>
         <size>0x4c</size>
         <input_file_ref idref="fl-ed"/>
      </object_component>
      <object_component id="oc-a9">
         <name>.text</name>
         <load_address>0x6e80</load_address>
         <run_address>0x6e80</run_address>
         <size>0x4c</size>
         <input_file_ref idref="fl-100"/>
      </object_component>
      <object_component id="oc-1f8">
         <name>.text</name>
         <load_address>0x6ecc</load_address>
         <run_address>0x6ecc</run_address>
         <size>0x4c</size>
         <input_file_ref idref="fl-f9"/>
      </object_component>
      <object_component id="oc-1d5">
         <name>.text</name>
         <load_address>0x6f18</load_address>
         <run_address>0x6f18</run_address>
         <size>0x3e</size>
         <input_file_ref idref="fl-10"/>
      </object_component>
      <object_component id="oc-4d9">
         <name>.text</name>
         <load_address>0x6f56</load_address>
         <run_address>0x6f56</run_address>
         <size>0x1e</size>
         <input_file_ref idref="fl-fb"/>
      </object_component>
      <object_component id="oc-68">
         <name>.text</name>
         <load_address>0x6f74</load_address>
         <run_address>0x6f74</run_address>
         <size>0x18</size>
         <input_file_ref idref="fl-fe"/>
      </object_component>
      <object_component id="oc-16d">
         <name>.text</name>
         <load_address>0x6f8c</load_address>
         <run_address>0x6f8c</run_address>
         <size>0x14</size>
         <input_file_ref idref="fl-fd"/>
      </object_component>
      <object_component id="oc-4d3">
         <name>.text</name>
         <load_address>0x6fa0</load_address>
         <run_address>0x6fa0</run_address>
         <size>0x14</size>
         <input_file_ref idref="fl-fc"/>
      </object_component>
      <object_component id="oc-1a">
         <name>.text:decompress:none</name>
         <load_address>0x6fb4</load_address>
         <run_address>0x6fb4</run_address>
         <size>0xe</size>
         <input_file_ref idref="fl-f0"/>
      </object_component>
      <object_component id="oc-78">
         <name>.text</name>
         <load_address>0x6fc2</load_address>
         <run_address>0x6fc2</run_address>
         <size>0xe</size>
         <input_file_ref idref="fl-2"/>
      </object_component>
      <object_component id="oc-20">
         <name>.text:decompress:ZI</name>
         <load_address>0x6fd0</load_address>
         <run_address>0x6fd0</run_address>
         <size>0xc</size>
         <input_file_ref idref="fl-f1"/>
      </object_component>
      <object_component id="oc-5c">
         <name>.text</name>
         <load_address>0x6fdc</load_address>
         <run_address>0x6fdc</run_address>
         <size>0x4</size>
         <input_file_ref idref="fl-f8"/>
      </object_component>
      <object_component id="oc-af">
         <name>.text</name>
         <load_address>0x6fe0</load_address>
         <run_address>0x6fe0</run_address>
         <size>0x2</size>
         <input_file_ref idref="fl-101"/>
      </object_component>
      <object_component id="oc-3d8">
         <name>.const:.string:courierNew_12ptBitmaps</name>
         <load_address>0x6fe4</load_address>
         <run_address>0x6fe4</run_address>
         <size>0x59a</size>
         <input_file_ref idref="fl-9"/>
      </object_component>
      <object_component id="oc-3d0">
         <name>.const:.string:consolas_10ptBitmaps</name>
         <load_address>0x757e</load_address>
         <run_address>0x757e</run_address>
         <size>0x420</size>
         <input_file_ref idref="fl-9"/>
      </object_component>
      <object_component id="oc-3c8">
         <name>.const:.string:microsoftSansSerif_8ptBitmaps</name>
         <load_address>0x799e</load_address>
         <run_address>0x799e</run_address>
         <size>0x35a</size>
         <input_file_ref idref="fl-9"/>
      </object_component>
      <object_component id="oc-484">
         <name>.const:.string:strongdudeBitmaps</name>
         <load_address>0x7cf8</load_address>
         <run_address>0x7cf8</run_address>
         <size>0x300</size>
         <input_file_ref idref="fl-5"/>
      </object_component>
      <object_component id="oc-48e">
         <name>.const:.string:womanBitmaps</name>
         <load_address>0x7ff8</load_address>
         <run_address>0x7ff8</run_address>
         <size>0x2d8</size>
         <input_file_ref idref="fl-5"/>
      </object_component>
      <object_component id="oc-521">
         <name>.const:.string</name>
         <load_address>0x82d0</load_address>
         <run_address>0x82d0</run_address>
         <size>0x1c0</size>
         <input_file_ref idref="fl-2a"/>
      </object_component>
      <object_component id="oc-3e8">
         <name>.const:.string:courierNew_24ptBitmaps</name>
         <load_address>0x8490</load_address>
         <run_address>0x8490</run_address>
         <size>0x1b3</size>
         <input_file_ref idref="fl-9"/>
      </object_component>
      <object_component id="oc-489">
         <name>.const:.string:chadBitmaps</name>
         <load_address>0x8643</load_address>
         <run_address>0x8643</run_address>
         <size>0x188</size>
         <input_file_ref idref="fl-5"/>
      </object_component>
      <object_component id="oc-3cd">
         <name>.const:consolas_10ptDescriptors</name>
         <load_address>0x87cc</load_address>
         <run_address>0x87cc</run_address>
         <size>0x17c</size>
         <input_file_ref idref="fl-9"/>
      </object_component>
      <object_component id="oc-3d5">
         <name>.const:courierNew_12ptDescriptors</name>
         <load_address>0x8948</load_address>
         <run_address>0x8948</run_address>
         <size>0x17c</size>
         <input_file_ref idref="fl-9"/>
      </object_component>
      <object_component id="oc-3c5">
         <name>.const:microsoftSansSerif_8ptDescriptors</name>
         <load_address>0x8ac4</load_address>
         <run_address>0x8ac4</run_address>
         <size>0x17c</size>
         <input_file_ref idref="fl-9"/>
      </object_component>
      <object_component id="oc-493">
         <name>.const:.string:girl2Bitmaps</name>
         <load_address>0x8c40</load_address>
         <run_address>0x8c40</run_address>
         <size>0x160</size>
         <input_file_ref idref="fl-5"/>
      </object_component>
      <object_component id="oc-4a6">
         <name>.const:.string:shot_0_8Bitmaps</name>
         <load_address>0x8da0</load_address>
         <run_address>0x8da0</run_address>
         <size>0x108</size>
         <input_file_ref idref="fl-29"/>
      </object_component>
      <object_component id="oc-4ab">
         <name>.const:.string:shot_1_8Bitmaps</name>
         <load_address>0x8ea8</load_address>
         <run_address>0x8ea8</run_address>
         <size>0x108</size>
         <input_file_ref idref="fl-29"/>
      </object_component>
      <object_component id="oc-4b0">
         <name>.const:.string:shot_2_8Bitmaps</name>
         <load_address>0x8fb0</load_address>
         <run_address>0x8fb0</run_address>
         <size>0x108</size>
         <input_file_ref idref="fl-29"/>
      </object_component>
      <object_component id="oc-4b5">
         <name>.const:.string:shot_3_8Bitmaps</name>
         <load_address>0x90b8</load_address>
         <run_address>0x90b8</run_address>
         <size>0x108</size>
         <input_file_ref idref="fl-29"/>
      </object_component>
      <object_component id="oc-4ba">
         <name>.const:.string:shot_4_8Bitmaps</name>
         <load_address>0x91c0</load_address>
         <run_address>0x91c0</run_address>
         <size>0x108</size>
         <input_file_ref idref="fl-29"/>
      </object_component>
      <object_component id="oc-4bf">
         <name>.const:.string:shot_5_8Bitmaps</name>
         <load_address>0x92c8</load_address>
         <run_address>0x92c8</run_address>
         <size>0x108</size>
         <input_file_ref idref="fl-29"/>
      </object_component>
      <object_component id="oc-4c4">
         <name>.const:.string:shot_6_8Bitmaps</name>
         <load_address>0x93d0</load_address>
         <run_address>0x93d0</run_address>
         <size>0x108</size>
         <input_file_ref idref="fl-29"/>
      </object_component>
      <object_component id="oc-4c9">
         <name>.const:.string:shot_7_8Bitmaps</name>
         <load_address>0x94d8</load_address>
         <run_address>0x94d8</run_address>
         <size>0x108</size>
         <input_file_ref idref="fl-29"/>
      </object_component>
      <object_component id="oc-4ce">
         <name>.const:.string:shot_8_8Bitmaps</name>
         <load_address>0x95e0</load_address>
         <run_address>0x95e0</run_address>
         <size>0x108</size>
         <input_file_ref idref="fl-29"/>
      </object_component>
      <object_component id="oc-26c">
         <name>.const:.string:_ctypes_</name>
         <load_address>0x96e8</load_address>
         <run_address>0x96e8</run_address>
         <size>0x101</size>
         <input_file_ref idref="fl-f2"/>
      </object_component>
      <object_component id="oc-3e0">
         <name>.const:.string:cambriaMath_16ptBitmaps</name>
         <load_address>0x97e9</load_address>
         <run_address>0x97e9</run_address>
         <size>0xd4</size>
         <input_file_ref idref="fl-9"/>
      </object_component>
      <object_component id="oc-282">
         <name>.const:.string:priv_gray_pattern</name>
         <load_address>0x98bd</load_address>
         <run_address>0x98bd</run_address>
         <size>0x2</size>
         <input_file_ref idref="fl-8"/>
      </object_component>
      <object_component id="oc-409">
         <name>.const:.string</name>
         <load_address>0x98c0</load_address>
         <run_address>0x98c0</run_address>
         <size>0x86</size>
         <input_file_ref idref="fl-2b"/>
      </object_component>
      <object_component id="oc-27f">
         <name>.const</name>
         <load_address>0x9946</load_address>
         <run_address>0x9946</run_address>
         <size>0x2</size>
         <input_file_ref idref="fl-8"/>
      </object_component>
      <object_component id="oc-23b">
         <name>.const:priv_tasks</name>
         <load_address>0x9948</load_address>
         <run_address>0x9948</run_address>
         <size>0x64</size>
         <input_file_ref idref="fl-2c"/>
      </object_component>
      <object_component id="oc-1e1">
         <name>.const:g_pulRegs</name>
         <load_address>0x99ac</load_address>
         <run_address>0x99ac</run_address>
         <size>0x50</size>
         <input_file_ref idref="fl-18"/>
      </object_component>
      <object_component id="oc-40e">
         <name>.const:priv_girls_drink_events</name>
         <load_address>0x99fc</load_address>
         <run_address>0x99fc</run_address>
         <size>0x50</size>
         <input_file_ref idref="fl-2b"/>
      </object_component>
      <object_component id="oc-411">
         <name>.const:priv_guys_drink_events</name>
         <load_address>0x9a4c</load_address>
         <run_address>0x9a4c</run_address>
         <size>0x50</size>
         <input_file_ref idref="fl-2b"/>
      </object_component>
      <object_component id="oc-371">
         <name>.const:priv_normal_minute_events</name>
         <load_address>0x9a9c</load_address>
         <run_address>0x9a9c</run_address>
         <size>0x50</size>
         <input_file_ref idref="fl-2b"/>
      </object_component>
      <object_component id="oc-51c">
         <name>.const:.string:small_shotBitmaps</name>
         <load_address>0x9aec</load_address>
         <run_address>0x9aec</run_address>
         <size>0x36</size>
         <input_file_ref idref="fl-5"/>
      </object_component>
      <object_component id="oc-312">
         <name>.const:.string</name>
         <load_address>0x9b24</load_address>
         <run_address>0x9b24</run_address>
         <size>0x32</size>
         <input_file_ref idref="fl-2d"/>
      </object_component>
      <object_component id="oc-3dd">
         <name>.const:cambriaMath_16ptDescriptors</name>
         <load_address>0x9b56</load_address>
         <run_address>0x9b56</run_address>
         <size>0x2c</size>
         <input_file_ref idref="fl-9"/>
      </object_component>
      <object_component id="oc-3e5">
         <name>.const:courierNew_24ptDescriptors</name>
         <load_address>0x9b82</load_address>
         <run_address>0x9b82</run_address>
         <size>0x2c</size>
         <input_file_ref idref="fl-9"/>
      </object_component>
      <object_component id="oc-238">
         <name>.const:priv_logic_modules</name>
         <load_address>0x9bb0</load_address>
         <run_address>0x9bb0</run_address>
         <size>0x28</size>
         <input_file_ref idref="fl-2c"/>
      </object_component>
      <object_component id="oc-25b">
         <name>.const:StartMenuItemArray</name>
         <load_address>0x9bd8</load_address>
         <run_address>0x9bd8</run_address>
         <size>0x24</size>
         <input_file_ref idref="fl-2d"/>
      </object_component>
      <object_component id="oc-ef">
         <name>.const:uartConfig</name>
         <load_address>0x9bfc</load_address>
         <run_address>0x9bfc</run_address>
         <size>0x24</size>
         <input_file_ref idref="fl-c"/>
      </object_component>
      <object_component id="oc-3ae">
         <name>.const:.string:monochrom_arrow_downBitmaps</name>
         <load_address>0x9c20</load_address>
         <run_address>0x9c20</run_address>
         <size>0x22</size>
         <input_file_ref idref="fl-27"/>
      </object_component>
      <object_component id="oc-3a9">
         <name>.const:.string:monochrom_arrow_upBitmaps</name>
         <load_address>0x9c42</load_address>
         <run_address>0x9c42</run_address>
         <size>0x22</size>
         <input_file_ref idref="fl-27"/>
      </object_component>
      <object_component id="oc-1de">
         <name>.const:g_pulPriority</name>
         <load_address>0x9c64</load_address>
         <run_address>0x9c64</run_address>
         <size>0x20</size>
         <input_file_ref idref="fl-18"/>
      </object_component>
      <object_component id="oc-37d">
         <name>.const:priv_girl_intros</name>
         <load_address>0x9c84</load_address>
         <run_address>0x9c84</run_address>
         <size>0x20</size>
         <input_file_ref idref="fl-2b"/>
      </object_component>
      <object_component id="oc-37a">
         <name>.const:priv_guys_intros</name>
         <load_address>0x9ca4</load_address>
         <run_address>0x9ca4</run_address>
         <size>0x20</size>
         <input_file_ref idref="fl-2b"/>
      </object_component>
      <object_component id="oc-1ce">
         <name>.const:GPIO_PORT_TO_INT</name>
         <load_address>0x9cc4</load_address>
         <run_address>0x9cc4</run_address>
         <size>0x1c</size>
         <input_file_ref idref="fl-16"/>
      </object_component>
      <object_component id="oc-4e2">
         <name>.const:priv_special_tasks_girls_array</name>
         <load_address>0x9ce0</load_address>
         <run_address>0x9ce0</run_address>
         <size>0x1c</size>
         <input_file_ref idref="fl-2a"/>
      </object_component>
      <object_component id="oc-4e6">
         <name>.const:priv_special_tasks_guys_array</name>
         <load_address>0x9cfc</load_address>
         <run_address>0x9cfc</run_address>
         <size>0x1c</size>
         <input_file_ref idref="fl-2a"/>
      </object_component>
      <object_component id="oc-121">
         <name>.const:spiMasterConfig</name>
         <load_address>0x9d18</load_address>
         <run_address>0x9d18</run_address>
         <size>0x1c</size>
         <input_file_ref idref="fl-b"/>
      </object_component>
      <object_component id="oc-49a">
         <name>.const:.string</name>
         <load_address>0x9d34</load_address>
         <run_address>0x9d34</run_address>
         <size>0x18</size>
         <input_file_ref idref="fl-27"/>
      </object_component>
      <object_component id="oc-3bc">
         <name>.const:SettingsMenuItemArray</name>
         <load_address>0x9d4c</load_address>
         <run_address>0x9d4c</run_address>
         <size>0x18</size>
         <input_file_ref idref="fl-2d"/>
      </object_component>
      <object_component id="oc-213">
         <name>.const:hi_prio_timer_config</name>
         <load_address>0x9d64</load_address>
         <run_address>0x9d64</run_address>
         <size>0x18</size>
         <input_file_ref idref="fl-a"/>
      </object_component>
      <object_component id="oc-216">
         <name>.const:lo_prio_timer_config</name>
         <load_address>0x9d7c</load_address>
         <run_address>0x9d7c</run_address>
         <size>0x18</size>
         <input_file_ref idref="fl-a"/>
      </object_component>
      <object_component id="oc-195">
         <name>.const:priv_fill_patterns</name>
         <load_address>0x9d94</load_address>
         <run_address>0x9d94</run_address>
         <size>0x18</size>
         <input_file_ref idref="fl-8"/>
      </object_component>
      <object_component id="oc-374">
         <name>.const:priv_scheduler</name>
         <load_address>0x9dac</load_address>
         <run_address>0x9dac</run_address>
         <size>0x18</size>
         <input_file_ref idref="fl-2b"/>
      </object_component>
      <object_component id="oc-36e">
         <name>.const:priv_initial_event</name>
         <load_address>0x9dc4</load_address>
         <run_address>0x9dc4</run_address>
         <size>0x14</size>
         <input_file_ref idref="fl-2b"/>
      </object_component>
      <object_component id="oc-329">
         <name>.const:cambriaMath_16ptFontInfo</name>
         <load_address>0x9dd8</load_address>
         <run_address>0x9dd8</run_address>
         <size>0xc</size>
         <input_file_ref idref="fl-9"/>
      </object_component>
      <object_component id="oc-323">
         <name>.const:consolas_10ptFontInfo</name>
         <load_address>0x9de4</load_address>
         <run_address>0x9de4</run_address>
         <size>0xc</size>
         <input_file_ref idref="fl-9"/>
      </object_component>
      <object_component id="oc-326">
         <name>.const:courierNew_12ptFontInfo</name>
         <load_address>0x9df0</load_address>
         <run_address>0x9df0</run_address>
         <size>0xc</size>
         <input_file_ref idref="fl-9"/>
      </object_component>
      <object_component id="oc-32c">
         <name>.const:courierNew_24ptFontInfo</name>
         <load_address>0x9dfc</load_address>
         <run_address>0x9dfc</run_address>
         <size>0xc</size>
         <input_file_ref idref="fl-9"/>
      </object_component>
      <object_component id="oc-320">
         <name>.const:microsoftSansSerif_8ptFontInfo</name>
         <load_address>0x9e08</load_address>
         <run_address>0x9e08</run_address>
         <size>0xc</size>
         <input_file_ref idref="fl-9"/>
      </object_component>
      <object_component id="oc-41b">
         <name>.const:chad_bitmap</name>
         <load_address>0x9e14</load_address>
         <run_address>0x9e14</run_address>
         <size>0x8</size>
         <input_file_ref idref="fl-5"/>
      </object_component>
      <object_component id="oc-301">
         <name>.const:downArrowBitmap</name>
         <load_address>0x9e1c</load_address>
         <run_address>0x9e1c</run_address>
         <size>0x8</size>
         <input_file_ref idref="fl-27"/>
      </object_component>
      <object_component id="oc-1e7">
         <name>.const:g_pulDisRegs</name>
         <load_address>0x9e24</load_address>
         <run_address>0x9e24</run_address>
         <size>0x8</size>
         <input_file_ref idref="fl-18"/>
      </object_component>
      <object_component id="oc-1e4">
         <name>.const:g_pulEnRegs</name>
         <load_address>0x9e2c</load_address>
         <run_address>0x9e2c</run_address>
         <size>0x8</size>
         <input_file_ref idref="fl-18"/>
      </object_component>
      <object_component id="oc-1ea">
         <name>.const:g_pulPendRegs</name>
         <load_address>0x9e34</load_address>
         <run_address>0x9e34</run_address>
         <size>0x8</size>
         <input_file_ref idref="fl-18"/>
      </object_component>
      <object_component id="oc-1ed">
         <name>.const:g_pulUnpendRegs</name>
         <load_address>0x9e3c</load_address>
         <run_address>0x9e3c</run_address>
         <size>0x8</size>
         <input_file_ref idref="fl-18"/>
      </object_component>
      <object_component id="oc-420">
         <name>.const:girl_1_bitmap</name>
         <load_address>0x9e44</load_address>
         <run_address>0x9e44</run_address>
         <size>0x8</size>
         <input_file_ref idref="fl-5"/>
      </object_component>
      <object_component id="oc-423">
         <name>.const:girl_2_bitmap</name>
         <load_address>0x9e4c</load_address>
         <run_address>0x9e4c</run_address>
         <size>0x8</size>
         <input_file_ref idref="fl-5"/>
      </object_component>
      <object_component id="oc-2fb">
         <name>.const:priv_number_box</name>
         <load_address>0x9e54</load_address>
         <run_address>0x9e54</run_address>
         <size>0x8</size>
         <input_file_ref idref="fl-27"/>
      </object_component>
      <object_component id="oc-45b">
         <name>.const:priv_shot_0_bmp</name>
         <load_address>0x9e5c</load_address>
         <run_address>0x9e5c</run_address>
         <size>0x8</size>
         <input_file_ref idref="fl-29"/>
      </object_component>
      <object_component id="oc-45e">
         <name>.const:priv_shot_1_bmp</name>
         <load_address>0x9e64</load_address>
         <run_address>0x9e64</run_address>
         <size>0x8</size>
         <input_file_ref idref="fl-29"/>
      </object_component>
      <object_component id="oc-461">
         <name>.const:priv_shot_2_bmp</name>
         <load_address>0x9e6c</load_address>
         <run_address>0x9e6c</run_address>
         <size>0x8</size>
         <input_file_ref idref="fl-29"/>
      </object_component>
      <object_component id="oc-464">
         <name>.const:priv_shot_3_bmp</name>
         <load_address>0x9e74</load_address>
         <run_address>0x9e74</run_address>
         <size>0x8</size>
         <input_file_ref idref="fl-29"/>
      </object_component>
      <object_component id="oc-467">
         <name>.const:priv_shot_4_bmp</name>
         <load_address>0x9e7c</load_address>
         <run_address>0x9e7c</run_address>
         <size>0x8</size>
         <input_file_ref idref="fl-29"/>
      </object_component>
      <object_component id="oc-46a">
         <name>.const:priv_shot_5_bmp</name>
         <load_address>0x9e84</load_address>
         <run_address>0x9e84</run_address>
         <size>0x8</size>
         <input_file_ref idref="fl-29"/>
      </object_component>
      <object_component id="oc-46d">
         <name>.const:priv_shot_6_bmp</name>
         <load_address>0x9e8c</load_address>
         <run_address>0x9e8c</run_address>
         <size>0x8</size>
         <input_file_ref idref="fl-29"/>
      </object_component>
      <object_component id="oc-470">
         <name>.const:priv_shot_7_bmp</name>
         <load_address>0x9e94</load_address>
         <run_address>0x9e94</run_address>
         <size>0x8</size>
         <input_file_ref idref="fl-29"/>
      </object_component>
      <object_component id="oc-473">
         <name>.const:priv_shot_8_bmp</name>
         <load_address>0x9e9c</load_address>
         <run_address>0x9e9c</run_address>
         <size>0x8</size>
         <input_file_ref idref="fl-29"/>
      </object_component>
      <object_component id="oc-4ec">
         <name>.const:small_shot_bitmap</name>
         <load_address>0x9ea4</load_address>
         <run_address>0x9ea4</run_address>
         <size>0x8</size>
         <input_file_ref idref="fl-5"/>
      </object_component>
      <object_component id="oc-418">
         <name>.const:strong_dude_bitmap</name>
         <load_address>0x9eac</load_address>
         <run_address>0x9eac</run_address>
         <size>0x8</size>
         <input_file_ref idref="fl-5"/>
      </object_component>
      <object_component id="oc-2fe">
         <name>.const:upArrowBitmap</name>
         <load_address>0x9eb4</load_address>
         <run_address>0x9eb4</run_address>
         <size>0x8</size>
         <input_file_ref idref="fl-27"/>
      </object_component>
      <object_component id="oc-390">
         <name>.const:$P$T1$1</name>
         <load_address>0x9ebc</load_address>
         <run_address>0x9ebc</run_address>
         <size>0x4</size>
         <input_file_ref idref="fl-2e"/>
      </object_component>
      <object_component id="oc-554">
         <name>.cinit..data.load</name>
         <load_address>0x9ec0</load_address>
         <run_address>0x9ec0</run_address>
         <size>0x148</size>
      </object_component>
      <object_component id="oc-551">
         <name>__TI_handler_table</name>
         <load_address>0xa008</load_address>
         <run_address>0xa008</run_address>
         <size>0xc</size>
      </object_component>
      <object_component id="oc-555">
         <name>.cinit..bss.load</name>
         <load_address>0xa018</load_address>
         <run_address>0xa018</run_address>
         <size>0x8</size>
      </object_component>
      <object_component id="oc-553">
         <name>.cinit..vtable.load</name>
         <load_address>0xa020</load_address>
         <run_address>0xa020</run_address>
         <size>0x8</size>
      </object_component>
      <object_component id="oc-552">
         <name>__TI_cinit_table</name>
         <load_address>0xa028</load_address>
         <run_address>0xa028</run_address>
         <size>0x18</size>
      </object_component>
      <object_component id="oc-52e">
         <name>.binit</name>
         <load_address>0x0</load_address>
         <run_address>0x0</run_address>
         <size>0x0</size>
      </object_component>
      <object_component id="oc-1db">
         <name>.vtable</name>
         <uninitialized>true</uninitialized>
         <run_address>0x20000000</run_address>
         <size>0xe4</size>
         <input_file_ref idref="fl-18"/>
      </object_component>
      <object_component id="oc-179">
         <name>.data</name>
         <load_address>0x20000ca4</load_address>
         <run_address>0x20000ca4</run_address>
         <size>0x4</size>
         <input_file_ref idref="fl-3"/>
      </object_component>
      <object_component id="oc-234">
         <name>.data:pwmConfig</name>
         <load_address>0x20000bdc</load_address>
         <run_address>0x20000bdc</run_address>
         <size>0x18</size>
         <input_file_ref idref="fl-4"/>
      </object_component>
      <object_component id="oc-252">
         <name>.data:priv_button_config</name>
         <load_address>0x20000b88</load_address>
         <run_address>0x20000b88</run_address>
         <size>0x30</size>
         <input_file_ref idref="fl-6"/>
      </object_component>
      <object_component id="oc-39c">
         <name>.data</name>
         <load_address>0x20000c84</load_address>
         <run_address>0x20000c84</run_address>
         <size>0x8</size>
         <input_file_ref idref="fl-7"/>
      </object_component>
      <object_component id="oc-192">
         <name>.data</name>
         <load_address>0x20000cac</load_address>
         <run_address>0x20000cac</run_address>
         <size>0x1</size>
         <input_file_ref idref="fl-8"/>
      </object_component>
      <object_component id="oc-274">
         <name>.data:priv_fonts</name>
         <load_address>0x20000c30</load_address>
         <run_address>0x20000c30</run_address>
         <size>0x14</size>
         <input_file_ref idref="fl-9"/>
      </object_component>
      <object_component id="oc-210">
         <name>.data</name>
         <load_address>0x20000c98</load_address>
         <run_address>0x20000c98</run_address>
         <size>0x4</size>
         <input_file_ref idref="fl-a"/>
      </object_component>
      <object_component id="oc-124">
         <name>.data</name>
         <load_address>0x20000caa</load_address>
         <run_address>0x20000caa</run_address>
         <size>0x2</size>
         <input_file_ref idref="fl-b"/>
      </object_component>
      <object_component id="oc-e9">
         <name>.data</name>
         <load_address>0x20000cad</load_address>
         <run_address>0x20000cad</run_address>
         <size>0x1</size>
         <input_file_ref idref="fl-c"/>
      </object_component>
      <object_component id="oc-1cb">
         <name>.data:GPIO_PORT_TO_BASE</name>
         <load_address>0x20000b58</load_address>
         <run_address>0x20000b58</run_address>
         <size>0x30</size>
         <input_file_ref idref="fl-16"/>
      </object_component>
      <object_component id="oc-43f">
         <name>.data:TEST_BARGRAPH</name>
         <load_address>0x20000c08</load_address>
         <run_address>0x20000c08</run_address>
         <size>0x14</size>
         <input_file_ref idref="fl-27"/>
      </object_component>
      <object_component id="oc-43c">
         <name>.data:BRIGHTNESS_BARGRAPH</name>
         <load_address>0x20000bf4</load_address>
         <run_address>0x20000bf4</run_address>
         <size>0x14</size>
         <input_file_ref idref="fl-27"/>
      </object_component>
      <object_component id="oc-24d">
         <name>.data</name>
         <load_address>0x20000c94</load_address>
         <run_address>0x20000c94</run_address>
         <size>0x4</size>
         <input_file_ref idref="fl-28"/>
      </object_component>
      <object_component id="oc-404">
         <name>.data:priv_animation_bmps</name>
         <load_address>0x20000bb8</load_address>
         <run_address>0x20000bb8</run_address>
         <size>0x24</size>
         <input_file_ref idref="fl-29"/>
      </object_component>
      <object_component id="oc-4ef">
         <name>.data:priv_TextArrayGirls</name>
         <load_address>0x20000ae8</load_address>
         <run_address>0x20000ae8</run_address>
         <size>0x70</size>
         <input_file_ref idref="fl-2a"/>
      </object_component>
      <object_component id="oc-4f2">
         <name>.data:priv_TextArrayGuys</name>
         <load_address>0x20000a68</load_address>
         <run_address>0x20000a68</run_address>
         <size>0x80</size>
         <input_file_ref idref="fl-2a"/>
      </object_component>
      <object_component id="oc-4e5">
         <name>.data</name>
         <load_address>0x20000ca8</load_address>
         <run_address>0x20000ca8</run_address>
         <size>0x2</size>
         <input_file_ref idref="fl-2a"/>
      </object_component>
      <object_component id="oc-36d">
         <name>.data</name>
         <load_address>0x20000c1c</load_address>
         <run_address>0x20000c1c</run_address>
         <size>0x14</size>
         <input_file_ref idref="fl-2b"/>
      </object_component>
      <object_component id="oc-23e">
         <name>.data</name>
         <load_address>0x20000c7c</load_address>
         <run_address>0x20000c7c</run_address>
         <size>0x8</size>
         <input_file_ref idref="fl-2c"/>
      </object_component>
      <object_component id="oc-219">
         <name>.data</name>
         <load_address>0x20000c8c</load_address>
         <run_address>0x20000c8c</run_address>
         <size>0x8</size>
         <input_file_ref idref="fl-2d"/>
      </object_component>
      <object_component id="oc-313">
         <name>.data:SettingsMenu</name>
         <load_address>0x20000c5c</load_address>
         <run_address>0x20000c5c</run_address>
         <size>0xc</size>
         <input_file_ref idref="fl-2d"/>
      </object_component>
      <object_component id="oc-160">
         <name>.data:StartMenu</name>
         <load_address>0x20000c68</load_address>
         <run_address>0x20000c68</run_address>
         <size>0xc</size>
         <input_file_ref idref="fl-2d"/>
      </object_component>
      <object_component id="oc-bf">
         <name>.data:$O1$$</name>
         <load_address>0x20000c44</load_address>
         <run_address>0x20000c44</run_address>
         <size>0xc</size>
         <input_file_ref idref="fl-f3"/>
      </object_component>
      <object_component id="oc-42a">
         <name>.data:$O1$$</name>
         <load_address>0x20000c50</load_address>
         <run_address>0x20000c50</run_address>
         <size>0xc</size>
         <input_file_ref idref="fl-f5"/>
      </object_component>
      <object_component id="oc-2b3">
         <name>.data</name>
         <load_address>0x20000c9c</load_address>
         <run_address>0x20000c9c</run_address>
         <size>0x4</size>
         <input_file_ref idref="fl-f9"/>
      </object_component>
      <object_component id="oc-74">
         <name>.data</name>
         <load_address>0x20000ca0</load_address>
         <run_address>0x20000ca0</run_address>
         <size>0x4</size>
         <input_file_ref idref="fl-fa"/>
      </object_component>
      <object_component id="oc-c2">
         <name>.data:$O1$$</name>
         <load_address>0x20000c74</load_address>
         <run_address>0x20000c74</run_address>
         <size>0x8</size>
         <input_file_ref idref="fl-fd"/>
      </object_component>
      <object_component id="oc-39f">
         <name>.bss</name>
         <uninitialized>true</uninitialized>
         <run_address>0x20000660</run_address>
         <size>0x2</size>
         <input_file_ref idref="fl-7"/>
      </object_component>
      <object_component id="oc-18c">
         <name>.bss:priv_display_buffer</name>
         <uninitialized>true</uninitialized>
         <run_address>0x200000e4</run_address>
         <size>0x400</size>
         <input_file_ref idref="fl-8"/>
      </object_component>
      <object_component id="oc-198">
         <name>.bss:priv_split_buffer</name>
         <uninitialized>true</uninitialized>
         <run_address>0x200004e4</run_address>
         <size>0x80</size>
         <input_file_ref idref="fl-8"/>
      </object_component>
      <object_component id="oc-18f">
         <name>.bss:priv_page_validity_bits</name>
         <uninitialized>true</uninitialized>
         <run_address>0x20000604</run_address>
         <size>0x10</size>
         <input_file_ref idref="fl-8"/>
      </object_component>
      <object_component id="oc-271">
         <name>.bss</name>
         <uninitialized>true</uninitialized>
         <run_address>0x20000664</run_address>
         <size>0x1</size>
         <input_file_ref idref="fl-9"/>
      </object_component>
      <object_component id="oc-ec">
         <name>.bss:priv_receive_buffer</name>
         <uninitialized>true</uninitialized>
         <run_address>0x200005a4</run_address>
         <size>0x20</size>
         <input_file_ref idref="fl-c"/>
      </object_component>
      <object_component id="oc-f2">
         <name>.bss:priv_uart_buffer</name>
         <uninitialized>true</uninitialized>
         <run_address>0x200005c4</run_address>
         <size>0x20</size>
         <input_file_ref idref="fl-c"/>
      </object_component>
      <object_component id="oc-e6">
         <name>.bss</name>
         <uninitialized>true</uninitialized>
         <run_address>0x20000665</run_address>
         <size>0x1</size>
         <input_file_ref idref="fl-c"/>
      </object_component>
      <object_component id="oc-f5">
         <name>.bss:test_rect</name>
         <uninitialized>true</uninitialized>
         <run_address>0x20000650</run_address>
         <size>0x8</size>
         <input_file_ref idref="fl-c"/>
      </object_component>
      <object_component id="oc-2c0">
         <name>.bss</name>
         <uninitialized>true</uninitialized>
         <run_address>0x20000640</run_address>
         <size>0x8</size>
         <input_file_ref idref="fl-12"/>
      </object_component>
      <object_component id="oc-2f5">
         <name>.bss</name>
         <uninitialized>true</uninitialized>
         <run_address>0x20000658</run_address>
         <size>0x4</size>
         <input_file_ref idref="fl-27"/>
      </object_component>
      <object_component id="oc-2f8">
         <name>.bss:priv_buf</name>
         <uninitialized>true</uninitialized>
         <run_address>0x20000614</run_address>
         <size>0xc</size>
         <input_file_ref idref="fl-27"/>
      </object_component>
      <object_component id="oc-401">
         <name>.bss</name>
         <uninitialized>true</uninitialized>
         <run_address>0x20000637</run_address>
         <size>0x1</size>
         <input_file_ref idref="fl-29"/>
      </object_component>
      <object_component id="oc-4e9">
         <name>.bss:priv_str_buf</name>
         <uninitialized>true</uninitialized>
         <run_address>0x20000564</run_address>
         <size>0x40</size>
         <input_file_ref idref="fl-2a"/>
      </object_component>
      <object_component id="oc-4df">
         <name>.bss</name>
         <uninitialized>true</uninitialized>
         <run_address>0x20000638</run_address>
         <size>0x8</size>
         <input_file_ref idref="fl-2a"/>
      </object_component>
      <object_component id="oc-35e">
         <name>.bss:priv_timekeeper</name>
         <uninitialized>true</uninitialized>
         <run_address>0x20000662</run_address>
         <size>0x2</size>
         <input_file_ref idref="fl-2b"/>
      </object_component>
      <object_component id="oc-364">
         <name>.bss</name>
         <uninitialized>true</uninitialized>
         <run_address>0x2000062c</run_address>
         <size>0xb</size>
         <input_file_ref idref="fl-2b"/>
      </object_component>
      <object_component id="oc-361">
         <name>.bss:priv_timer_rect</name>
         <uninitialized>true</uninitialized>
         <run_address>0x20000648</run_address>
         <size>0x8</size>
         <input_file_ref idref="fl-2b"/>
      </object_component>
      <object_component id="oc-377">
         <name>.bss:priv_timer_str</name>
         <uninitialized>true</uninitialized>
         <run_address>0x20000620</run_address>
         <size>0xc</size>
         <input_file_ref idref="fl-2b"/>
      </object_component>
      <object_component id="oc-38d">
         <name>.bss</name>
         <uninitialized>true</uninitialized>
         <run_address>0x2000065c</run_address>
         <size>0x4</size>
         <input_file_ref idref="fl-2e"/>
      </object_component>
      <object_component id="oc-e3">
         <name>.common:sY</name>
         <uninitialized>true</uninitialized>
         <run_address>0x200005e4</run_address>
         <size>0x20</size>
      </object_component>
      <object_component id="oc-30">
         <name>.sysmem</name>
         <uninitialized>true</uninitialized>
         <run_address>0x20000668</run_address>
         <size>0x8</size>
         <input_file_ref idref="fl-f5"/>
      </object_component>
      <object_component id="oc-557">
         <name>.sysmem</name>
         <uninitialized>true</uninitialized>
         <run_address>0x20000668</run_address>
         <size>0x0</size>
      </object_component>
      <object_component id="oc-2f">
         <name>.stack</name>
         <uninitialized>true</uninitialized>
         <run_address>0x2000fe00</run_address>
         <size>0x0</size>
         <input_file_ref idref="fl-ee"/>
      </object_component>
      <object_component id="oc-556">
         <name>.stack</name>
         <uninitialized>true</uninitialized>
         <run_address>0x2000fe00</run_address>
         <size>0x0</size>
      </object_component>
      <object_component id="oc-8c">
         <name>.debug_info</name>
         <load_address>0x0</load_address>
         <run_address>0x0</run_address>
         <size>0x2af</size>
         <input_file_ref idref="fl-2"/>
      </object_component>
      <object_component id="oc-2d">
         <name>.debug_info</name>
         <load_address>0x2af</load_address>
         <run_address>0x2af</run_address>
         <size>0xed</size>
         <input_file_ref idref="fl-2"/>
      </object_component>
      <object_component id="oc-79">
         <name>.debug_info</name>
         <load_address>0x39c</load_address>
         <run_address>0x39c</run_address>
         <size>0x1b4</size>
         <input_file_ref idref="fl-2"/>
      </object_component>
      <object_component id="oc-39">
         <name>.debug_info</name>
         <load_address>0x550</load_address>
         <run_address>0x550</run_address>
         <size>0x84</size>
         <input_file_ref idref="fl-2"/>
      </object_component>
      <object_component id="oc-104">
         <name>.debug_info</name>
         <load_address>0x5d4</load_address>
         <run_address>0x5d4</run_address>
         <size>0x18b</size>
         <input_file_ref idref="fl-2"/>
      </object_component>
      <object_component id="oc-291">
         <name>.debug_info</name>
         <load_address>0x75f</load_address>
         <run_address>0x75f</run_address>
         <size>0x51d</size>
         <input_file_ref idref="fl-3"/>
      </object_component>
      <object_component id="oc-17a">
         <name>.debug_info</name>
         <load_address>0xc7c</load_address>
         <run_address>0xc7c</run_address>
         <size>0xe6</size>
         <input_file_ref idref="fl-3"/>
      </object_component>
      <object_component id="oc-cb">
         <name>.debug_info</name>
         <load_address>0xd62</load_address>
         <run_address>0xd62</run_address>
         <size>0x258</size>
         <input_file_ref idref="fl-3"/>
      </object_component>
      <object_component id="oc-1bc">
         <name>.debug_info</name>
         <load_address>0xfba</load_address>
         <run_address>0xfba</run_address>
         <size>0x37e2</size>
         <input_file_ref idref="fl-3"/>
      </object_component>
      <object_component id="oc-1c1">
         <name>.debug_info</name>
         <load_address>0x479c</load_address>
         <run_address>0x479c</run_address>
         <size>0x1055</size>
         <input_file_ref idref="fl-3"/>
      </object_component>
      <object_component id="oc-235">
         <name>.debug_info</name>
         <load_address>0x57f1</load_address>
         <run_address>0x57f1</run_address>
         <size>0xd3</size>
         <input_file_ref idref="fl-4"/>
      </object_component>
      <object_component id="oc-149">
         <name>.debug_info</name>
         <load_address>0x58c4</load_address>
         <run_address>0x58c4</run_address>
         <size>0x1bd</size>
         <input_file_ref idref="fl-4"/>
      </object_component>
      <object_component id="oc-ff">
         <name>.debug_info</name>
         <load_address>0x5a81</load_address>
         <run_address>0x5a81</run_address>
         <size>0x12c</size>
         <input_file_ref idref="fl-4"/>
      </object_component>
      <object_component id="oc-355">
         <name>.debug_info</name>
         <load_address>0x5bad</load_address>
         <run_address>0x5bad</run_address>
         <size>0x1b5</size>
         <input_file_ref idref="fl-4"/>
      </object_component>
      <object_component id="oc-342">
         <name>.debug_info</name>
         <load_address>0x5d62</load_address>
         <run_address>0x5d62</run_address>
         <size>0xc6</size>
         <input_file_ref idref="fl-4"/>
      </object_component>
      <object_component id="oc-2d7">
         <name>.debug_info</name>
         <load_address>0x5e28</load_address>
         <run_address>0x5e28</run_address>
         <size>0x341</size>
         <input_file_ref idref="fl-4"/>
      </object_component>
      <object_component id="oc-a0">
         <name>.debug_info</name>
         <load_address>0x6169</load_address>
         <run_address>0x6169</run_address>
         <size>0x2c</size>
         <input_file_ref idref="fl-4"/>
      </object_component>
      <object_component id="oc-223">
         <name>.debug_info</name>
         <load_address>0x6195</load_address>
         <run_address>0x6195</run_address>
         <size>0x131</size>
         <input_file_ref idref="fl-4"/>
      </object_component>
      <object_component id="oc-1c6">
         <name>.debug_info</name>
         <load_address>0x62c6</load_address>
         <run_address>0x62c6</run_address>
         <size>0xee</size>
         <input_file_ref idref="fl-4"/>
      </object_component>
      <object_component id="oc-290">
         <name>.debug_info</name>
         <load_address>0x63b4</load_address>
         <run_address>0x63b4</run_address>
         <size>0x137</size>
         <input_file_ref idref="fl-5"/>
      </object_component>
      <object_component id="oc-51d">
         <name>.debug_info</name>
         <load_address>0x64eb</load_address>
         <run_address>0x64eb</run_address>
         <size>0xe2</size>
         <input_file_ref idref="fl-5"/>
      </object_component>
      <object_component id="oc-48f">
         <name>.debug_info</name>
         <load_address>0x65cd</load_address>
         <run_address>0x65cd</run_address>
         <size>0xd8</size>
         <input_file_ref idref="fl-5"/>
      </object_component>
      <object_component id="oc-494">
         <name>.debug_info</name>
         <load_address>0x66a5</load_address>
         <run_address>0x66a5</run_address>
         <size>0xd9</size>
         <input_file_ref idref="fl-5"/>
      </object_component>
      <object_component id="oc-485">
         <name>.debug_info</name>
         <load_address>0x677e</load_address>
         <run_address>0x677e</run_address>
         <size>0xe3</size>
         <input_file_ref idref="fl-5"/>
      </object_component>
      <object_component id="oc-48a">
         <name>.debug_info</name>
         <load_address>0x6861</load_address>
         <run_address>0x6861</run_address>
         <size>0xd7</size>
         <input_file_ref idref="fl-5"/>
      </object_component>
      <object_component id="oc-4ed">
         <name>.debug_info</name>
         <load_address>0x6938</load_address>
         <run_address>0x6938</run_address>
         <size>0xe3</size>
         <input_file_ref idref="fl-5"/>
      </object_component>
      <object_component id="oc-419">
         <name>.debug_info</name>
         <load_address>0x6a1b</load_address>
         <run_address>0x6a1b</run_address>
         <size>0xe5</size>
         <input_file_ref idref="fl-5"/>
      </object_component>
      <object_component id="oc-41c">
         <name>.debug_info</name>
         <load_address>0x6b00</load_address>
         <run_address>0x6b00</run_address>
         <size>0xd7</size>
         <input_file_ref idref="fl-5"/>
      </object_component>
      <object_component id="oc-421">
         <name>.debug_info</name>
         <load_address>0x6bd7</load_address>
         <run_address>0x6bd7</run_address>
         <size>0xdb</size>
         <input_file_ref idref="fl-5"/>
      </object_component>
      <object_component id="oc-424">
         <name>.debug_info</name>
         <load_address>0x6cb2</load_address>
         <run_address>0x6cb2</run_address>
         <size>0xdb</size>
         <input_file_ref idref="fl-5"/>
      </object_component>
      <object_component id="oc-1a2">
         <name>.debug_info</name>
         <load_address>0x6d8d</load_address>
         <run_address>0x6d8d</run_address>
         <size>0x72</size>
         <input_file_ref idref="fl-5"/>
      </object_component>
      <object_component id="oc-311">
         <name>.debug_info</name>
         <load_address>0x6dff</load_address>
         <run_address>0x6dff</run_address>
         <size>0x641</size>
         <input_file_ref idref="fl-6"/>
      </object_component>
      <object_component id="oc-253">
         <name>.debug_info</name>
         <load_address>0x7440</load_address>
         <run_address>0x7440</run_address>
         <size>0xe3</size>
         <input_file_ref idref="fl-6"/>
      </object_component>
      <object_component id="oc-15b">
         <name>.debug_info</name>
         <load_address>0x7523</load_address>
         <run_address>0x7523</run_address>
         <size>0x5f7</size>
         <input_file_ref idref="fl-6"/>
      </object_component>
      <object_component id="oc-3b7">
         <name>.debug_info</name>
         <load_address>0x7b1a</load_address>
         <run_address>0x7b1a</run_address>
         <size>0x93</size>
         <input_file_ref idref="fl-6"/>
      </object_component>
      <object_component id="oc-256">
         <name>.debug_info</name>
         <load_address>0x7bad</load_address>
         <run_address>0x7bad</run_address>
         <size>0x70</size>
         <input_file_ref idref="fl-6"/>
      </object_component>
      <object_component id="oc-f9">
         <name>.debug_info</name>
         <load_address>0x7c1d</load_address>
         <run_address>0x7c1d</run_address>
         <size>0x8b</size>
         <input_file_ref idref="fl-6"/>
      </object_component>
      <object_component id="oc-39d">
         <name>.debug_info</name>
         <load_address>0x7ca8</load_address>
         <run_address>0x7ca8</run_address>
         <size>0x116</size>
         <input_file_ref idref="fl-7"/>
      </object_component>
      <object_component id="oc-3a0">
         <name>.debug_info</name>
         <load_address>0x7dbe</load_address>
         <run_address>0x7dbe</run_address>
         <size>0xe2</size>
         <input_file_ref idref="fl-7"/>
      </object_component>
      <object_component id="oc-2ec">
         <name>.debug_info</name>
         <load_address>0x7ea0</load_address>
         <run_address>0x7ea0</run_address>
         <size>0x3b2</size>
         <input_file_ref idref="fl-7"/>
      </object_component>
      <object_component id="oc-19c">
         <name>.debug_info</name>
         <load_address>0x8252</load_address>
         <run_address>0x8252</run_address>
         <size>0x766</size>
         <input_file_ref idref="fl-8"/>
      </object_component>
      <object_component id="oc-18d">
         <name>.debug_info</name>
         <load_address>0x89b8</load_address>
         <run_address>0x89b8</run_address>
         <size>0xe9</size>
         <input_file_ref idref="fl-8"/>
      </object_component>
      <object_component id="oc-199">
         <name>.debug_info</name>
         <load_address>0x8aa1</load_address>
         <run_address>0x8aa1</run_address>
         <size>0xe5</size>
         <input_file_ref idref="fl-8"/>
      </object_component>
      <object_component id="oc-190">
         <name>.debug_info</name>
         <load_address>0x8b86</load_address>
         <run_address>0x8b86</run_address>
         <size>0xf1</size>
         <input_file_ref idref="fl-8"/>
      </object_component>
      <object_component id="oc-280">
         <name>.debug_info</name>
         <load_address>0x8c77</load_address>
         <run_address>0x8c77</run_address>
         <size>0x11b</size>
         <input_file_ref idref="fl-8"/>
      </object_component>
      <object_component id="oc-283">
         <name>.debug_info</name>
         <load_address>0x8d92</load_address>
         <run_address>0x8d92</run_address>
         <size>0xe5</size>
         <input_file_ref idref="fl-8"/>
      </object_component>
      <object_component id="oc-196">
         <name>.debug_info</name>
         <load_address>0x8e77</load_address>
         <run_address>0x8e77</run_address>
         <size>0xe7</size>
         <input_file_ref idref="fl-8"/>
      </object_component>
      <object_component id="oc-193">
         <name>.debug_info</name>
         <load_address>0x8f5e</load_address>
         <run_address>0x8f5e</run_address>
         <size>0xe0</size>
         <input_file_ref idref="fl-8"/>
      </object_component>
      <object_component id="oc-de">
         <name>.debug_info</name>
         <load_address>0x903e</load_address>
         <run_address>0x903e</run_address>
         <size>0x18bd</size>
         <input_file_ref idref="fl-8"/>
      </object_component>
      <object_component id="oc-1a7">
         <name>.debug_info</name>
         <load_address>0xa8fb</load_address>
         <run_address>0xa8fb</run_address>
         <size>0x5a</size>
         <input_file_ref idref="fl-8"/>
      </object_component>
      <object_component id="oc-19d">
         <name>.debug_info</name>
         <load_address>0xa955</load_address>
         <run_address>0xa955</run_address>
         <size>0x6c</size>
         <input_file_ref idref="fl-8"/>
      </object_component>
      <object_component id="oc-28b">
         <name>.debug_info</name>
         <load_address>0xa9c1</load_address>
         <run_address>0xa9c1</run_address>
         <size>0x72</size>
         <input_file_ref idref="fl-8"/>
      </object_component>
      <object_component id="oc-2d0">
         <name>.debug_info</name>
         <load_address>0xaa33</load_address>
         <run_address>0xaa33</run_address>
         <size>0x2c</size>
         <input_file_ref idref="fl-8"/>
      </object_component>
      <object_component id="oc-278">
         <name>.debug_info</name>
         <load_address>0xaa5f</load_address>
         <run_address>0xaa5f</run_address>
         <size>0x2f2</size>
         <input_file_ref idref="fl-9"/>
      </object_component>
      <object_component id="oc-3d1">
         <name>.debug_info</name>
         <load_address>0xad51</load_address>
         <run_address>0xad51</run_address>
         <size>0xe5</size>
         <input_file_ref idref="fl-9"/>
      </object_component>
      <object_component id="oc-3ce">
         <name>.debug_info</name>
         <load_address>0xae36</load_address>
         <run_address>0xae36</run_address>
         <size>0xee</size>
         <input_file_ref idref="fl-9"/>
      </object_component>
      <object_component id="oc-324">
         <name>.debug_info</name>
         <load_address>0xaf24</load_address>
         <run_address>0xaf24</run_address>
         <size>0xe8</size>
         <input_file_ref idref="fl-9"/>
      </object_component>
      <object_component id="oc-3d9">
         <name>.debug_info</name>
         <load_address>0xb00c</load_address>
         <run_address>0xb00c</run_address>
         <size>0xea</size>
         <input_file_ref idref="fl-9"/>
      </object_component>
      <object_component id="oc-3d6">
         <name>.debug_info</name>
         <load_address>0xb0f6</load_address>
         <run_address>0xb0f6</run_address>
         <size>0xf2</size>
         <input_file_ref idref="fl-9"/>
      </object_component>
      <object_component id="oc-327">
         <name>.debug_info</name>
         <load_address>0xb1e8</load_address>
         <run_address>0xb1e8</run_address>
         <size>0xec</size>
         <input_file_ref idref="fl-9"/>
      </object_component>
      <object_component id="oc-3c9">
         <name>.debug_info</name>
         <load_address>0xb2d4</load_address>
         <run_address>0xb2d4</run_address>
         <size>0xf8</size>
         <input_file_ref idref="fl-9"/>
      </object_component>
      <object_component id="oc-3c6">
         <name>.debug_info</name>
         <load_address>0xb3cc</load_address>
         <run_address>0xb3cc</run_address>
         <size>0x100</size>
         <input_file_ref idref="fl-9"/>
      </object_component>
      <object_component id="oc-321">
         <name>.debug_info</name>
         <load_address>0xb4cc</load_address>
         <run_address>0xb4cc</run_address>
         <size>0xfa</size>
         <input_file_ref idref="fl-9"/>
      </object_component>
      <object_component id="oc-3e1">
         <name>.debug_info</name>
         <load_address>0xb5c6</load_address>
         <run_address>0xb5c6</run_address>
         <size>0xec</size>
         <input_file_ref idref="fl-9"/>
      </object_component>
      <object_component id="oc-3de">
         <name>.debug_info</name>
         <load_address>0xb6b2</load_address>
         <run_address>0xb6b2</run_address>
         <size>0xf4</size>
         <input_file_ref idref="fl-9"/>
      </object_component>
      <object_component id="oc-32a">
         <name>.debug_info</name>
         <load_address>0xb7a6</load_address>
         <run_address>0xb7a6</run_address>
         <size>0xee</size>
[...]
      <symbol id="sm-a2b">
         <name>menu_setSelectedItem</name>
         <value>0x5bd1</value>
         <object_component_ref idref="oc-154"/>
      </symbol>
      <symbol id="sm-a2c">
         <name>menu_getSelectedItem</name>
         <value>0x5c3d</value>
         <object_component_ref idref="oc-154"/>
      </symbol>
      <symbol id="sm-a2d">
         <name>menu_enterMenu</name>
         <value>0x5b85</value>
         <object_component_ref idref="oc-154"/>
      </symbol>
      <symbol id="sm-ac5">
         <name>ShotGlassAnimation_GetPrev</name>
         <value>0x6c1f</value>
         <object_component_ref idref="oc-367"/>
      </symbol>
      <symbol id="sm-ac6">
         <name>ShotGlassAnimation_GetNext</name>
         <value>0x6bfd</value>
         <object_component_ref idref="oc-367"/>
      </symbol>
      <symbol id="sm-ac7">
         <name>shot_1_8Bitmaps</name>
         <value>0x8ea8</value>
         <object_component_ref idref="oc-4ab"/>
      </symbol>
      <symbol id="sm-ac8">
         <name>shot_3_8Bitmaps</name>
         <value>0x90b8</value>
         <object_component_ref idref="oc-4b5"/>
      </symbol>
      <symbol id="sm-ac9">
         <name>shot_5_8Bitmaps</name>
         <value>0x92c8</value>
         <object_component_ref idref="oc-4bf"/>
      </symbol>
      <symbol id="sm-aca">
         <name>shot_7_8Bitmaps</name>
         <value>0x94d8</value>
         <object_component_ref idref="oc-4c9"/>
      </symbol>
      <symbol id="sm-acb">
         <name>ShotGlassAnimation_GetFirst</name>
         <value>0x6bd9</value>
         <object_component_ref idref="oc-367"/>
      </symbol>
      <symbol id="sm-acc">
         <name>ShotGlassAnimation_GetLast</name>
         <value>0x6beb</value>
         <object_component_ref idref="oc-367"/>
      </symbol>
      <symbol id="sm-acd">
         <name>shot_8_8Bitmaps</name>
         <value>0x95e0</value>
         <object_component_ref idref="oc-4ce"/>
      </symbol>
      <symbol id="sm-ace">
         <name>shot_0_8Bitmaps</name>
         <value>0x8da0</value>
         <object_component_ref idref="oc-4a6"/>
      </symbol>
      <symbol id="sm-acf">
         <name>shot_2_8Bitmaps</name>
         <value>0x8fb0</value>
         <object_component_ref idref="oc-4b0"/>
      </symbol>
      <symbol id="sm-ad0">
         <name>shot_4_8Bitmaps</name>
         <value>0x91c0</value>
         <object_component_ref idref="oc-4ba"/>
      </symbol>
      <symbol id="sm-ad1">
         <name>shot_6_8Bitmaps</name>
         <value>0x93d0</value>
         <object_component_ref idref="oc-4c4"/>
      </symbol>
      <symbol id="sm-b67">
         <name>girlsSpecialTask</name>
         <value>0x5305</value>
         <object_component_ref idref="oc-47a"/>
      </symbol>
      <symbol id="sm-b68">
         <name>guysSpecialTask</name>
         <value>0x5353</value>
         <object_component_ref idref="oc-47a"/>
      </symbol>
      <symbol id="sm-c51">
         <name>clockDisplay_stop</name>
         <value>0x31bb</value>
         <object_component_ref idref="oc-2dc"/>
      </symbol>
      <symbol id="sm-c52">
         <name>clockDisplay_cyclic1000msec</name>
         <value>0x31cf</value>
         <object_component_ref idref="oc-2dc"/>
      </symbol>
      <symbol id="sm-c53">
         <name>clockDisplay_init</name>
         <value>0x3165</value>
         <object_component_ref idref="oc-2dc"/>
      </symbol>
      <symbol id="sm-c54">
         <name>clockDisplay_start</name>
         <value>0x31ad</value>
         <object_component_ref idref="oc-2dc"/>
      </symbol>
      <symbol id="sm-ca4">
         <name>Scheduler_StartTasks</name>
         <value>0x606f</value>
         <object_component_ref idref="oc-14e"/>
      </symbol>
      <symbol id="sm-ca5">
         <name>Scheduler_initTasks</name>
         <value>0x5fe5</value>
         <object_component_ref idref="oc-14e"/>
      </symbol>
      <symbol id="sm-ca6">
         <name>Scheduler_StopActiveModule</name>
         <value>0x60e3</value>
         <object_component_ref idref="oc-14e"/>
      </symbol>
      <symbol id="sm-ca7">
         <name>Scheduler_SetActiveModule</name>
         <value>0x60b3</value>
         <object_component_ref idref="oc-14e"/>
      </symbol>
      <symbol id="sm-ca8">
         <name>Scheduler_cyclic</name>
         <value>0x60fb</value>
         <object_component_ref idref="oc-14e"/>
      </symbol>
      <symbol id="sm-ced">
         <name>main</name>
         <value>0x6a0d</value>
         <object_component_ref idref="oc-b7"/>
      </symbol>
      <symbol id="sm-cee">
         <name>timer_50msec_callback</name>
         <value>0x20000c90</value>
         <object_component_ref idref="oc-219"/>
      </symbol>
      <symbol id="sm-cef">
         <name>timer_10msec_callback</name>
         <value>0x20000c8c</value>
         <object_component_ref idref="oc-219"/>
      </symbol>
      <symbol id="sm-d27">
         <name>snake_start</name>
         <value>0x653f</value>
         <object_component_ref idref="oc-2e2"/>
      </symbol>
      <symbol id="sm-d28">
         <name>snake_init</name>
         <value>0x653d</value>
         <object_component_ref idref="oc-2e2"/>
      </symbol>
      <symbol id="sm-d29">
         <name>snake_cyclic100ms</name>
         <value>0x65a5</value>
         <object_component_ref idref="oc-2e2"/>
      </symbol>
      <symbol id="sm-d2a">
         <name>snake_stop</name>
         <value>0x65a7</value>
         <object_component_ref idref="oc-2e2"/>
      </symbol>
      <symbol id="sm-d53">
         <name>sY</name>
         <value>0x200005e4</value>
      </symbol>
      <symbol id="sm-d54">
         <name>long2string</name>
         <value>0x5839</value>
         <object_component_ref idref="oc-d7"/>
      </symbol>
      <symbol id="sm-d55">
         <name>parseCommaSeparatedU32Array</name>
         <value>0x56e7</value>
         <object_component_ref idref="oc-d7"/>
      </symbol>
      <symbol id="sm-d56">
         <name>parseU32FromString</name>
         <value>0x5681</value>
         <object_component_ref idref="oc-d7"/>
      </symbol>
      <symbol id="sm-d57">
         <name>addstr</name>
         <value>0x57c5</value>
         <object_component_ref idref="oc-d7"/>
      </symbol>
      <symbol id="sm-d58">
         <name>parseRectangle</name>
         <value>0x5625</value>
         <object_component_ref idref="oc-d7"/>
      </symbol>
      <symbol id="sm-d59">
         <name>addchar</name>
         <value>0x576b</value>
         <object_component_ref idref="oc-d7"/>
      </symbol>
      <symbol id="sm-d6f">
         <name>atoi</name>
         <value>0x6e35</value>
         <object_component_ref idref="oc-17f"/>
      </symbol>
      <symbol id="sm-d80">
         <name>_c_int00</name>
         <value>0x6d8d</value>
         <object_component_ref idref="oc-26"/>
      </symbol>
      <symbol id="sm-d81">
         <name>__stack</name>
         <value>0x2000fe00</value>
         <object_component_ref idref="oc-2f"/>
      </symbol>
      <symbol id="sm-d9f">
         <name>__TI_decompress_lzss</name>
         <value>0x6d25</value>
         <object_component_ref idref="oc-14"/>
      </symbol>
      <symbol id="sm-db6">
         <name>__TI_decompress_none</name>
         <value>0x6fb5</value>
         <object_component_ref idref="oc-1a"/>
      </symbol>
      <symbol id="sm-dc8">
         <name>__TI_zero_init</name>
         <value>0x6fd1</value>
         <object_component_ref idref="oc-20"/>
      </symbol>
      <symbol id="sm-dd3">
         <name>_ctypes_</name>
         <value>0x96e8</value>
         <object_component_ref idref="oc-26c"/>
      </symbol>
      <symbol id="sm-df4">
         <name>C$$EXIT</name>
         <value>0x6de1</value>
         <object_component_ref idref="oc-6e"/>
      </symbol>
      <symbol id="sm-df5">
         <name>abort</name>
         <value>0x6de5</value>
         <object_component_ref idref="oc-6e"/>
      </symbol>
      <symbol id="sm-df6">
         <name>exit</name>
         <value>0x6ded</value>
         <object_component_ref idref="oc-6e"/>
      </symbol>
      <symbol id="sm-df7">
         <name>__TI_dtors_ptr</name>
         <value>0x20000c48</value>
         <object_component_ref idref="oc-bf"/>
      </symbol>
      <symbol id="sm-df8">
         <name>__TI_cleanup_ptr</name>
         <value>0x20000c44</value>
         <object_component_ref idref="oc-bf"/>
      </symbol>
      <symbol id="sm-df9">
         <name>__TI_enable_exit_profile_output</name>
         <value>0x20000c4c</value>
         <object_component_ref idref="oc-bf"/>
      </symbol>
      <symbol id="sm-e14">
         <name>memcpy</name>
         <value>0x6ac1</value>
         <object_component_ref idref="oc-3e"/>
      </symbol>
      <symbol id="sm-e15">
         <name>__aeabi_memcpy</name>
         <value>0x6ac1</value>
         <object_component_ref idref="oc-3e"/>
      </symbol>
      <symbol id="sm-e16">
         <name>__aeabi_memcpy8</name>
         <value>0x6ac1</value>
         <object_component_ref idref="oc-3e"/>
      </symbol>
      <symbol id="sm-e17">
         <name>__aeabi_memcpy4</name>
         <value>0x6ac1</value>
         <object_component_ref idref="oc-3e"/>
      </symbol>
      <symbol id="sm-e8e">
         <name>_sys_memory</name>
         <value>0x20000668</value>
         <object_component_ref idref="oc-30"/>
      </symbol>
      <symbol id="sm-e8f">
         <name>free</name>
         <value>0x49cb</value>
         <object_component_ref idref="oc-387"/>
      </symbol>
      <symbol id="sm-e90">
         <name>realloc</name>
         <value>0x4a8b</value>
         <object_component_ref idref="oc-387"/>
      </symbol>
      <symbol id="sm-e91">
         <name>memalign</name>
         <value>0x4b95</value>
         <object_component_ref idref="oc-387"/>
      </symbol>
      <symbol id="sm-e92">
         <name>calloc</name>
         <value>0x4c81</value>
         <object_component_ref idref="oc-387"/>
      </symbol>
      <symbol id="sm-e93">
         <name>malloc</name>
         <value>0x4961</value>
         <object_component_ref idref="oc-387"/>
      </symbol>
      <symbol id="sm-e94">
         <name>minit</name>
         <value>0x48e1</value>
         <object_component_ref idref="oc-387"/>
      </symbol>
      <symbol id="sm-ea3">
         <name>__aeabi_memset</name>
         <value>0x6b5f</value>
         <object_component_ref idref="oc-4a"/>
      </symbol>
      <symbol id="sm-ea4">
         <name>memset</name>
         <value>0x6b65</value>
         <object_component_ref idref="oc-4a"/>
      </symbol>
      <symbol id="sm-ea5">
         <name>__aeabi_memset8</name>
         <value>0x6b5f</value>
         <object_component_ref idref="oc-4a"/>
      </symbol>
      <symbol id="sm-ea6">
         <name>__aeabi_memset4</name>
         <value>0x6b5f</value>
         <object_component_ref idref="oc-4a"/>
      </symbol>
      <symbol id="sm-ea7">
         <name>__aeabi_memclr8</name>
         <value>0x6b5d</value>
         <object_component_ref idref="oc-4a"/>
      </symbol>
      <symbol id="sm-ea8">
         <name>__aeabi_memclr4</name>
         <value>0x6b5d</value>
         <object_component_ref idref="oc-4a"/>
      </symbol>
      <symbol id="sm-ea9">
         <name>__aeabi_memclr</name>
         <value>0x6b5d</value>
         <object_component_ref idref="oc-4a"/>
      </symbol>
      <symbol id="sm-eb3">
         <name>__mpu_init</name>
         <value>0x6bd7</value>
         <object_component_ref idref="oc-56"/>
      </symbol>
      <symbol id="sm-ebd">
         <name>_system_pre_init</name>
         <value>0x6fdd</value>
         <object_component_ref idref="oc-5c"/>
      </symbol>
      <symbol id="sm-ed7">
         <name>rand</name>
         <value>0x6ee3</value>
         <object_component_ref idref="oc-1f8"/>
      </symbol>
      <symbol id="sm-ed8">
         <name>srand</name>
         <value>0x6ecd</value>
         <object_component_ref idref="oc-1f8"/>
      </symbol>
      <symbol id="sm-ee0">
         <name>main_func_sp</name>
         <value>0x20000ca0</value>
         <object_component_ref idref="oc-74"/>
      </symbol>
      <symbol id="sm-ef0">
         <name>strcat</name>
         <value>0x6f57</value>
         <object_component_ref idref="oc-4d9"/>
      </symbol>
      <symbol id="sm-efe">
         <name>strcpy</name>
         <value>0x6fa1</value>
         <object_component_ref idref="oc-4d3"/>
      </symbol>
      <symbol id="sm-f17">
         <name>_nop</name>
         <value>0x6f9b</value>
         <object_component_ref idref="oc-16d"/>
      </symbol>
      <symbol id="sm-f18">
         <name>_lock</name>
         <value>0x20000c74</value>
         <object_component_ref idref="oc-c2"/>
      </symbol>
      <symbol id="sm-f19">
         <name>_unlock</name>
         <value>0x20000c78</value>
         <object_component_ref idref="oc-c2"/>
      </symbol>
      <symbol id="sm-f1a">
         <name>_register_lock</name>
         <value>0x6f93</value>
         <object_component_ref idref="oc-16d"/>
      </symbol>
      <symbol id="sm-f1b">
         <name>_register_unlock</name>
         <value>0x6f8d</value>
         <object_component_ref idref="oc-16d"/>
      </symbol>
      <symbol id="sm-f2f">
         <name>_args_main</name>
         <value>0x6f75</value>
         <object_component_ref idref="oc-68"/>
      </symbol>
      <symbol id="sm-f59">
         <name>__TI_auto_init</name>
         <value>0x6c49</value>
         <object_component_ref idref="oc-62"/>
      </symbol>
      <symbol id="sm-f73">
         <name>copy_in</name>
         <value>0x6e81</value>
         <object_component_ref idref="oc-a9"/>
      </symbol>
      <symbol id="sm-f7d">
         <name>_system_post_cinit</name>
         <value>0x6fe1</value>
         <object_component_ref idref="oc-af"/>
      </symbol>
      <symbol id="sm-f7e">
         <name>__TI_static_base__</name>
         <value>0x0</value>
      </symbol>
      <symbol id="sm-f81">
         <name>SHT$$INIT_ARRAY$$Limit</name>
         <value>0x0</value>
      </symbol>
      <symbol id="sm-f82">
         <name>SHT$$INIT_ARRAY$$Base</name>
         <value>0x0</value>
      </symbol>
      <symbol id="sm-f83">
         <name>NMI_Handler</name>
         <value>0x6fcf</value>
      </symbol>
      <symbol id="sm-f84">
         <name>HardFault_Handler</name>
         <value>0x6fcf</value>
      </symbol>
      <symbol id="sm-f85">
         <name>MemManage_Handler</name>
         <value>0x6fcf</value>
      </symbol>
      <symbol id="sm-f86">
         <name>BusFault_Handler</name>
         <value>0x6fcf</value>
      </symbol>
      <symbol id="sm-f87">
         <name>UsageFault_Handler</name>
         <value>0x6fcf</value>
      </symbol>
      <symbol id="sm-f88">
         <name>SVC_Handler</name>
         <value>0x6fcf</value>
      </symbol>
      <symbol id="sm-f89">
         <name>DebugMon_Handler</name>
         <value>0x6fcf</value>
      </symbol>
      <symbol id="sm-f8a">
         <name>PendSV_Handler</name>
         <value>0x6fcf</value>
      </symbol>
      <symbol id="sm-f8b">
         <name>SysTick_Handler</name>
         <value>0x6fcf</value>
      </symbol>
      <symbol id="sm-f8c">
         <name>PSS_IRQHandler</name>
         <value>0x6fcf</value>
      </symbol>
      <symbol id="sm-f8d">
         <name>CS_IRQHandler</name>
         <value>0x6fcf</value>
      </symbol>
      <symbol id="sm-f8e">
         <name>PCM_IRQHandler</name>
         <value>0x6fcf</value>
      </symbol>
      <symbol id="sm-f8f">
         <name>WDT_A_IRQHandler</name>
         <value>0x6fcf</value>
      </symbol>
      <symbol id="sm-f90">
         <name>FPU_IRQHandler</name>
         <value>0x6fcf</value>
      </symbol>
      <symbol id="sm-f91">
         <name>FLCTL_IRQHandler</name>
         <value>0x6fcf</value>
      </symbol>
      <symbol id="sm-f92">
         <name>COMP_E0_IRQHandler</name>
         <value>0x6fcf</value>
      </symbol>
      <symbol id="sm-f93">
         <name>COMP_E1_IRQHandler</name>
         <value>0x6fcf</value>
      </symbol>
      <symbol id="sm-f94">
         <name>TA0_0_IRQHandler</name>
         <value>0x6fcf</value>
      </symbol>
      <symbol id="sm-f95">
         <name>TA0_N_IRQHandler</name>
         <value>0x6fcf</value>
      </symbol>
      <symbol id="sm-f96">
         <name>TA1_0_IRQHandler</name>
         <value>0x6fcf</value>
      </symbol>
      <symbol id="sm-f97">
         <name>TA1_N_IRQHandler</name>
         <value>0x6fcf</value>
      </symbol>
      <symbol id="sm-f98">
         <name>TA2_0_IRQHandler</name>
         <value>0x6fcf</value>
      </symbol>
      <symbol id="sm-f99">
         <name>TA2_N_IRQHandler</name>
         <value>0x6fcf</value>
      </symbol>
      <symbol id="sm-f9a">
         <name>TA3_0_IRQHandler</name>
         <value>0x6fcf</value>
      </symbol>
      <symbol id="sm-f9b">
         <name>TA3_N_IRQHandler</name>
         <value>0x6fcf</value>
      </symbol>
      <symbol id="sm-f9c">
         <name>EUSCIA0_IRQHandler</name>
         <value>0x5e1f</value>
      </symbol>
      <symbol id="sm-f9d">
         <name>EUSCIA1_IRQHandler</name>
         <value>0x6fcf</value>
      </symbol>
      <symbol id="sm-f9e">
         <name>EUSCIA2_IRQHandler</name>
         <value>0x6fcf</value>
      </symbol>
      <symbol id="sm-f9f">
         <name>EUSCIA3_IRQHandler</name>
         <value>0x6fcf</value>
      </symbol>
      <symbol id="sm-fa0">
         <name>EUSCIB0_IRQHandler</name>
         <value>0x67e7</value>
      </symbol>
      <symbol id="sm-fa1">
         <name>EUSCIB1_IRQHandler</name>
         <value>0x6fcf</value>
      </symbol>
      <symbol id="sm-fa2">
         <name>EUSCIB2_IRQHandler</name>
         <value>0x6fcf</value>
      </symbol>
      <symbol id="sm-fa3">
         <name>EUSCIB3_IRQHandler</name>
         <value>0x6fcf</value>
      </symbol>
      <symbol id="sm-fa4">
         <name>ADC14_IRQHandler</name>
         <value>0x6fcf</value>
      </symbol>
      <symbol id="sm-fa5">
         <name>T32_INT1_IRQHandler</name>
         <value>0x6fcf</value>
      </symbol>
      <symbol id="sm-fa6">
         <name>T32_INT2_IRQHandler</name>
         <value>0x6fcf</value>
      </symbol>
      <symbol id="sm-fa7">
         <name>T32_INTC_IRQHandler</name>
         <value>0x6fcf</value>
      </symbol>
      <symbol id="sm-fa8">
         <name>AES256_IRQHandler</name>
         <value>0x6fcf</value>
      </symbol>
      <symbol id="sm-fa9">
         <name>RTC_C_IRQHandler</name>
         <value>0x6fcf</value>
      </symbol>
      <symbol id="sm-faa">
         <name>DMA_ERR_IRQHandler</name>
         <value>0x6fcf</value>
      </symbol>
      <symbol id="sm-fab">
         <name>DMA_INT3_IRQHandler</name>
         <value>0x6fcf</value>
      </symbol>
      <symbol id="sm-fac">
         <name>DMA_INT2_IRQHandler</name>
         <value>0x6fcf</value>
      </symbol>
      <symbol id="sm-fad">
         <name>DMA_INT1_IRQHandler</name>
         <value>0x6fcf</value>
      </symbol>
      <symbol id="sm-fae">
         <name>DMA_INT0_IRQHandler</name>
         <value>0x6fcf</value>
      </symbol>
      <symbol id="sm-faf">
         <name>PORT1_IRQHandler</name>
         <value>0x6fcf</value>
      </symbol>
      <symbol id="sm-fb0">
         <name>PORT2_IRQHandler</name>
         <value>0x6fcf</value>
      </symbol>
      <symbol id="sm-fb1">
         <name>PORT3_IRQHandler</name>
         <value>0x6fcf</value>
      </symbol>
      <symbol id="sm-fb2">
         <name>PORT4_IRQHandler</name>
         <value>0x6fcf</value>
      </symbol>
      <symbol id="sm-fb3">
         <name>PORT5_IRQHandler</name>
         <value>0x6fcf</value>
      </symbol>
      <symbol id="sm-fb4">
         <name>PORT6_IRQHandler</name>
         <value>0x6fcf</value>
      </symbol>
   </symbol_table>
   <title>Link successful</title>
</link_info>
