******************************************************************************
                  TI ARM Linker PC v16.9.6                     
******************************************************************************
>> Linked Wed May 23 17:50:37 2018

OUTPUT FILE NAME:   <PowerHourVer2.out>
ENTRY POINT SYMBOL: "_c_int00"  address: 00006d8d


MEMORY CONFIGURATION

         name            origin    length      used     unused   attr    fill
----------------------  --------  ---------  --------  --------  ----  --------
  MAIN                  00000000   0003f000  0000a03e  00034fc2  R  X
  INFO                  00200000   00004000  00000000  00004000  R  X
  SRAM_CODE             01000000   00010000  00000eac  0000f154  RW X
  SRAM_DATA             20000000   00010000  00000eac  0000f154  RW  


SEGMENT ALLOCATION MAP

run origin  load origin   length   init length attrs members
----------  ----------- ---------- ----------- ----- -------
00000000    00000000    0000a040   0000a040    r-x
  00000000    00000000    000000e4   000000e4    r-- .intvecs
  000000e4    000000e4    00006efe   00006efe    r-x .text
  00006fe4    00006fe4    00002edc   00002edc    r-- .const
  00009ec0    00009ec0    00000180   00000180    r-- .cinit
20000000    20000000    00000cae   00000000    rw-
  20000000    20000000    000000e4   00000000    rw- .vtable
  200000e4    200000e4    00000582   00000000    rw- .bss
  20000668    20000668    00000400   00000000    rw- .sysmem
  20000a68    20000a68    00000246   00000000    rw- .data
2000fe00    2000fe00    00000200   00000000    rw-
  2000fe00    2000fe00    00000200   00000000    rw- .stack


SECTION ALLOCATION MAP

 output                                  attributes/
section   page    origin      length       input sections
--------  ----  ----------  ----------   ----------------
.intvecs   0    00000000    000000e4     
                  00000000    000000e4     startup_msp432p401r_ccs.obj (.intvecs:retain)

.binit     0    00000000    00000000     

.text      0    000000e4    00006efe     
                  000000e4    00000d7c     cs.obj (.text)
                  00000e60    00000a90     display_drv.obj (.text)
                  000018f0    000008a4     spi.obj (.text)
                  00002194    00000838     pcm.obj (.text)
                  000029cc    00000798     timer_a.obj (.text)
                  00003164    000005e8     clockDisplay.obj (.text)
                  0000374c    00000508     rtc_c.obj (.text)
                  00003c54    00000480     gpio.obj (.text)
                  000040d4    0000041c     uart.obj (.text)
                  000044f0    000003f0     interrupt.obj (.text)
                  000048e0    000003d0     rtsv7M4_T_le_v4SPD16_eabi.lib : memory.obj (.text)
                  00004cb0    0000032c     system_msp432p401r.obj (.text)
                  00004fdc    00000328     register.obj (.text)
                  00005304    00000320     SpecialTasks.obj (.text)
                  00005624    0000031c     misc.obj (.text)
                  00005940    00000244     sysctl.obj (.text)
                  00005b84    00000238     menu.obj (.text)
                  00005dbc    00000228     uartmgr.obj (.text)
                  00005fe4    00000210     Scheduler.obj (.text)
                  000061f4    000001d0     buttons.obj (.text)
                  000063c4    00000178     Bargraph.obj (.text)
                  0000653c    00000124     SnakeMain.obj (.text)
                  00006660    00000124     font.obj (.text)
                  00006784    000000f0     spi_drv.obj (.text)
                  00006874    000000d8     wdt_a.obj (.text)
                  0000694c    000000c0     buzzer.obj (.text)
                  00006a0c    000000b4     main.obj (.text)
                  00006ac0    0000009c     rtsv7M4_T_le_v4SPD16_eabi.lib : memcpy_t2.obj (.text)
                  00006b5c    0000007a                                   : memset_t2.obj (.text)
                  00006bd6    00000002                                   : mpu_init.obj (.text)
                  00006bd8    00000070     ShotGlassAnimation.obj (.text)
                  00006c48    00000070     rtsv7M4_T_le_v4SPD16_eabi.lib : autoinit.obj (.text)
                  00006cb8    0000006c     backlight.obj (.text)
                  00006d24    00000068     rtsv7M4_T_le_v4SPD16_eabi.lib : copy_decompress_lzss.obj (.text:decompress:lzss)
                  00006d8c    00000054                                   : boot.obj (.text)
                  00006de0    00000054                                   : exit.obj (.text)
                  00006e34    0000004c                                   : atoi.obj (.text)
                  00006e80    0000004c                                   : cpy_tbl.obj (.text)
                  00006ecc    0000004c                                   : rand.obj (.text)
                  00006f18    0000003e     cpu.obj (.text)
                  00006f56    0000001e     rtsv7M4_T_le_v4SPD16_eabi.lib : strcat.obj (.text)
                  00006f74    00000018                                   : args_main.obj (.text)
                  00006f8c    00000014                                   : _lock.obj (.text)
                  00006fa0    00000014                                   : strcpy.obj (.text)
                  00006fb4    0000000e                                   : copy_decompress_none.obj (.text:decompress:none)
                  00006fc2    0000000e     startup_msp432p401r_ccs.obj (.text)
                  00006fd0    0000000c     rtsv7M4_T_le_v4SPD16_eabi.lib : copy_zero_init.obj (.text:decompress:ZI)
                  00006fdc    00000004                                   : pre_init.obj (.text)
                  00006fe0    00000002                                   : startup.obj (.text)

.const     0    00006fe4    00002edc     
                  00006fe4    0000059a     font.obj (.const:.string:courierNew_12ptBitmaps)
                  0000757e    00000420     font.obj (.const:.string:consolas_10ptBitmaps)
                  0000799e    0000035a     font.obj (.const:.string:microsoftSansSerif_8ptBitmaps)
                  00007cf8    00000300     bitmaps.obj (.const:.string:strongdudeBitmaps)
                  00007ff8    000002d8     bitmaps.obj (.const:.string:womanBitmaps)
                  000082d0    000001c0     SpecialTasks.obj (.const:.string)
                  00008490    000001b3     font.obj (.const:.string:courierNew_24ptBitmaps)
                  00008643    00000188     bitmaps.obj (.const:.string:chadBitmaps)
                  000087cb    00000001     --HOLE-- [fill = 0]
                  000087cc    0000017c     font.obj (.const:consolas_10ptDescriptors)
                  00008948    0000017c     font.obj (.const:courierNew_12ptDescriptors)
                  00008ac4    0000017c     font.obj (.const:microsoftSansSerif_8ptDescriptors)
                  00008c40    00000160     bitmaps.obj (.const:.string:girl2Bitmaps)
                  00008da0    00000108     ShotGlassAnimation.obj (.const:.string:shot_0_8Bitmaps)
                  00008ea8    00000108     ShotGlassAnimation.obj (.const:.string:shot_1_8Bitmaps)
                  00008fb0    00000108     ShotGlassAnimation.obj (.const:.string:shot_2_8Bitmaps)
                  000090b8    00000108     ShotGlassAnimation.obj (.const:.string:shot_3_8Bitmaps)
                  000091c0    00000108     ShotGlassAnimation.obj (.const:.string:shot_4_8Bitmaps)
                  000092c8    00000108     ShotGlassAnimation.obj (.const:.string:shot_5_8Bitmaps)
                  000093d0    00000108     ShotGlassAnimation.obj (.const:.string:shot_6_8Bitmaps)
                  000094d8    00000108     ShotGlassAnimation.obj (.const:.string:shot_7_8Bitmaps)
                  000095e0    00000108     ShotGlassAnimation.obj (.const:.string:shot_8_8Bitmaps)
                  000096e8    00000101     rtsv7M4_T_le_v4SPD16_eabi.lib : ctype.obj (.const:.string:_ctypes_)
                  000097e9    000000d4     font.obj (.const:.string:cambriaMath_16ptBitmaps)
                  000098bd    00000002     display_drv.obj (.const:.string:priv_gray_pattern)
                  000098bf    00000001     --HOLE-- [fill = 0]
                  000098c0    00000086     clockDisplay.obj (.const:.string)
                  00009946    00000002     display_drv.obj (.const)
                  00009948    00000064     Scheduler.obj (.const:priv_tasks)
                  000099ac    00000050     interrupt.obj (.const:g_pulRegs)
                  000099fc    00000050     clockDisplay.obj (.const:priv_girls_drink_events)
                  00009a4c    00000050     clockDisplay.obj (.const:priv_guys_drink_events)
                  00009a9c    00000050     clockDisplay.obj (.const:priv_normal_minute_events)
                  00009aec    00000036     bitmaps.obj (.const:.string:small_shotBitmaps)
                  00009b22    00000002     --HOLE-- [fill = 0]
                  00009b24    00000032     main.obj (.const:.string)
                  00009b56    0000002c     font.obj (.const:cambriaMath_16ptDescriptors)
                  00009b82    0000002c     font.obj (.const:courierNew_24ptDescriptors)
                  00009bae    00000002     --HOLE-- [fill = 0]
                  00009bb0    00000028     Scheduler.obj (.const:priv_logic_modules)
                  00009bd8    00000024     main.obj (.const:StartMenuItemArray)
                  00009bfc    00000024     uartmgr.obj (.const:uartConfig)
                  00009c20    00000022     Bargraph.obj (.const:.string:monochrom_arrow_downBitmaps)
                  00009c42    00000022     Bargraph.obj (.const:.string:monochrom_arrow_upBitmaps)
                  00009c64    00000020     interrupt.obj (.const:g_pulPriority)
                  00009c84    00000020     clockDisplay.obj (.const:priv_girl_intros)
                  00009ca4    00000020     clockDisplay.obj (.const:priv_guys_intros)
                  00009cc4    0000001c     gpio.obj (.const:GPIO_PORT_TO_INT)
                  00009ce0    0000001c     SpecialTasks.obj (.const:priv_special_tasks_girls_array)
                  00009cfc    0000001c     SpecialTasks.obj (.const:priv_special_tasks_guys_array)
                  00009d18    0000001c     spi_drv.obj (.const:spiMasterConfig)
                  00009d34    00000018     Bargraph.obj (.const:.string)
                  00009d4c    00000018     main.obj (.const:SettingsMenuItemArray)
                  00009d64    00000018     register.obj (.const:hi_prio_timer_config)
                  00009d7c    00000018     register.obj (.const:lo_prio_timer_config)
                  00009d94    00000018     display_drv.obj (.const:priv_fill_patterns)
                  00009dac    00000018     clockDisplay.obj (.const:priv_scheduler)
                  00009dc4    00000014     clockDisplay.obj (.const:priv_initial_event)
                  00009dd8    0000000c     font.obj (.const:cambriaMath_16ptFontInfo)
                  00009de4    0000000c     font.obj (.const:consolas_10ptFontInfo)
                  00009df0    0000000c     font.obj (.const:courierNew_12ptFontInfo)
                  00009dfc    0000000c     font.obj (.const:courierNew_24ptFontInfo)
                  00009e08    0000000c     font.obj (.const:microsoftSansSerif_8ptFontInfo)
                  00009e14    00000008     bitmaps.obj (.const:chad_bitmap)
                  00009e1c    00000008     Bargraph.obj (.const:downArrowBitmap)
                  00009e24    00000008     interrupt.obj (.const:g_pulDisRegs)
                  00009e2c    00000008     interrupt.obj (.const:g_pulEnRegs)
                  00009e34    00000008     interrupt.obj (.const:g_pulPendRegs)
                  00009e3c    00000008     interrupt.obj (.const:g_pulUnpendRegs)
                  00009e44    00000008     bitmaps.obj (.const:girl_1_bitmap)
                  00009e4c    00000008     bitmaps.obj (.const:girl_2_bitmap)
                  00009e54    00000008     Bargraph.obj (.const:priv_number_box)
                  00009e5c    00000008     ShotGlassAnimation.obj (.const:priv_shot_0_bmp)
                  00009e64    00000008     ShotGlassAnimation.obj (.const:priv_shot_1_bmp)
                  00009e6c    00000008     ShotGlassAnimation.obj (.const:priv_shot_2_bmp)
                  00009e74    00000008     ShotGlassAnimation.obj (.const:priv_shot_3_bmp)
                  00009e7c    00000008     ShotGlassAnimation.obj (.const:priv_shot_4_bmp)
                  00009e84    00000008     ShotGlassAnimation.obj (.const:priv_shot_5_bmp)
                  00009e8c    00000008     ShotGlassAnimation.obj (.const:priv_shot_6_bmp)
                  00009e94    00000008     ShotGlassAnimation.obj (.const:priv_shot_7_bmp)
                  00009e9c    00000008     ShotGlassAnimation.obj (.const:priv_shot_8_bmp)
                  00009ea4    00000008     bitmaps.obj (.const:small_shot_bitmap)
                  00009eac    00000008     bitmaps.obj (.const:strong_dude_bitmap)
                  00009eb4    00000008     Bargraph.obj (.const:upArrowBitmap)
                  00009ebc    00000004     SnakeMain.obj (.const:$P$T1$1)

.cinit     0    00009ec0    00000180     
                  00009ec0    00000148     (.cinit..data.load) [load image, compression = lzss]
                  0000a008    0000000c     (__TI_handler_table)
                  0000a014    00000004     --HOLE-- [fill = 0]
                  0000a018    00000008     (.cinit..bss.load) [load image, compression = zero_init]
                  0000a020    00000008     (.cinit..vtable.load) [load image, compression = zero_init]
                  0000a028    00000018     (__TI_cinit_table)

.init_array 
*          0    00000000    00000000     UNINITIALIZED

.vtable    0    20000000    000000e4     UNINITIALIZED
                  20000000    000000e4     interrupt.obj (.vtable)

.bss       0    200000e4    00000582     UNINITIALIZED
                  200000e4    00000400     display_drv.obj (.bss:priv_display_buffer)
                  200004e4    00000080     display_drv.obj (.bss:priv_split_buffer)
                  20000564    00000040     SpecialTasks.obj (.bss:priv_str_buf)
                  200005a4    00000020     uartmgr.obj (.bss:priv_receive_buffer)
                  200005c4    00000020     uartmgr.obj (.bss:priv_uart_buffer)
                  200005e4    00000020     (.common:sY)
                  20000604    00000010     display_drv.obj (.bss:priv_page_validity_bits)
                  20000614    0000000c     Bargraph.obj (.bss:priv_buf)
                  20000620    0000000c     clockDisplay.obj (.bss:priv_timer_str)
                  2000062c    0000000b     clockDisplay.obj (.bss)
                  20000637    00000001     ShotGlassAnimation.obj (.bss)
                  20000638    00000008     SpecialTasks.obj (.bss)
                  20000640    00000008     cs.obj (.bss)
                  20000648    00000008     clockDisplay.obj (.bss:priv_timer_rect)
                  20000650    00000008     uartmgr.obj (.bss:test_rect)
                  20000658    00000004     Bargraph.obj (.bss)
                  2000065c    00000004     SnakeMain.obj (.bss)
                  20000660    00000002     buzzer.obj (.bss)
                  20000662    00000002     clockDisplay.obj (.bss:priv_timekeeper)
                  20000664    00000001     font.obj (.bss)
                  20000665    00000001     uartmgr.obj (.bss)

.sysmem    0    20000668    00000400     UNINITIALIZED
                  20000668    00000008     rtsv7M4_T_le_v4SPD16_eabi.lib : memory.obj (.sysmem)
                  20000670    000003f8     --HOLE--

.data      0    20000a68    00000246     UNINITIALIZED
                  20000a68    00000080     SpecialTasks.obj (.data:priv_TextArrayGuys)
                  20000ae8    00000070     SpecialTasks.obj (.data:priv_TextArrayGirls)
                  20000b58    00000030     gpio.obj (.data:GPIO_PORT_TO_BASE)
                  20000b88    00000030     buttons.obj (.data:priv_button_config)
                  20000bb8    00000024     ShotGlassAnimation.obj (.data:priv_animation_bmps)
                  20000bdc    00000018     backlight.obj (.data:pwmConfig)
                  20000bf4    00000014     Bargraph.obj (.data:BRIGHTNESS_BARGRAPH)
                  20000c08    00000014     Bargraph.obj (.data:TEST_BARGRAPH)
                  20000c1c    00000014     clockDisplay.obj (.data)
                  20000c30    00000014     font.obj (.data:priv_fonts)
                  20000c44    0000000c     rtsv7M4_T_le_v4SPD16_eabi.lib : exit.obj (.data:$O1$$)
                  20000c50    0000000c                                   : memory.obj (.data:$O1$$)
                  20000c5c    0000000c     main.obj (.data:SettingsMenu)
                  20000c68    0000000c     main.obj (.data:StartMenu)
                  20000c74    00000008     rtsv7M4_T_le_v4SPD16_eabi.lib : _lock.obj (.data:$O1$$)
                  20000c7c    00000008     Scheduler.obj (.data)
                  20000c84    00000008     buzzer.obj (.data)
                  20000c8c    00000008     main.obj (.data)
                  20000c94    00000004     menu.obj (.data)
                  20000c98    00000004     register.obj (.data)
                  20000c9c    00000004     rtsv7M4_T_le_v4SPD16_eabi.lib : rand.obj (.data)
                  20000ca0    00000004                                   : stkdepth_vars.obj (.data)
                  20000ca4    00000004     system_msp432p401r.obj (.data)
                  20000ca8    00000002     SpecialTasks.obj (.data)
                  20000caa    00000002     spi_drv.obj (.data)
                  20000cac    00000001     display_drv.obj (.data)
                  20000cad    00000001     uartmgr.obj (.data)

.stack     0    2000fe00    00000200     UNINITIALIZED
                  2000fe00    00000200     --HOLE--

MODULE SUMMARY

       Module                        code    ro data   rw data
       ------                        ----    -------   -------
    .\
       system_msp432p401r.obj        812     0         8      
       startup_msp432p401r_ccs.obj   14      228       0      
    +--+-----------------------------+-------+---------+---------+
       Total:                        826     228       8      
                                                              
    .\HW\
       font.obj                      292     5283      42     
       display_drv.obj               2704    28        2338   
       bitmaps.obj                   0       2334      0      
       register.obj                  808     48        8      
       uartmgr.obj                   552     36        148    
       buttons.obj                   464     0         96     
       spi_drv.obj                   240     28        4      
       buzzer.obj                    192     0         20     
       backlight.obj                 108     0         48     
    +--+-----------------------------+-------+---------+---------+
       Total:                        5360    7757      2704   
                                                              
    .\HW\driverlib\MSP432P4xx\
       cs.obj                        3452    0         16     
       spi.obj                       2212    0         0      
       pcm.obj                       2104    0         0      
       timer_a.obj                   1944    0         0      
       interrupt.obj                 1008    144       456    
       rtc_c.obj                     1288    0         0      
       gpio.obj                      1152    28        96     
       uart.obj                      1052    0         0      
       sysctl.obj                    580     0         0      
       wdt_a.obj                     216     0         0      
       cpu.obj                       62      0         0      
    +--+-----------------------------+-------+---------+---------+
       Total:                        15070   172       568    
                                                              
    .\LOGIC\
       Scheduler.obj                 528     140       16     
       main.obj                      180     110       64     
    +--+-----------------------------+-------+---------+---------+
       Total:                        708     250       80     
                                                              
    .\LOGIC\Menus\
       Bargraph.obj                  376     116       112    
       menu.obj                      568     0         8      
    +--+-----------------------------+-------+---------+---------+
       Total:                        944     116       120    
                                                              
    .\LOGIC\PowerHourGame\
       ShotGlassAnimation.obj        112     2448      74     
       clockDisplay.obj              1512    482       106    
       SpecialTasks.obj              800     504       628    
    +--+-----------------------------+-------+---------+---------+
       Total:                        2424    3434      808    
                                                              
    .\LOGIC\SnakeGame\
       SnakeMain.obj                 292     4         8      
    +--+-----------------------------+-------+---------+---------+
       Total:                        292     4         8      
                                                              
    .\MISC\
       misc.obj                      796     0         64     
    +--+-----------------------------+-------+---------+---------+
       Total:                        796     0         64     
                                                              
    C:\ti\ccs7\ccsv7\tools\compiler\ti-cgt-arm_16.9.6.LTS\lib\rtsv7M4_T_le_v4SPD16_eabi.lib
       memory.obj                    976     0         24     
       ctype.obj                     0       257       0      
       memcpy_t2.obj                 156     0         0      
       memset_t2.obj                 122     0         0      
       autoinit.obj                  112     0         0      
       exit.obj                      84      0         24     
       copy_decompress_lzss.obj      104     0         0      
       boot.obj                      84      0         0      
       rand.obj                      76      0         8      
       atoi.obj                      76      0         0      
       cpy_tbl.obj                   76      0         0      
       _lock.obj                     20      0         16     
       strcat.obj                    30      0         0      
       args_main.obj                 24      0         0      
       strcpy.obj                    20      0         0      
       copy_decompress_none.obj      14      0         0      
       copy_zero_init.obj            12      0         0      
       stkdepth_vars.obj             0       0         8      
       pre_init.obj                  4       0         0      
       mpu_init.obj                  2       0         0      
       startup.obj                   2       0         0      
    +--+-----------------------------+-------+---------+---------+
       Total:                        1994    257       80     
                                                              
       Heap:                         0       0         2048   
       Stack:                        0       0         1024   
       Linker Generated:             0       380       0      
    +--+-----------------------------+-------+---------+---------+
       Grand Total:                  28414   12598     7512   


LINKER GENERATED COPY TABLES

__TI_cinit_table @ 0000a028 records: 3, size/record: 8, table size: 24
	.data: load addr=00009ec0, load size=00000148 bytes, run addr=20000a68, run size=00000246 bytes, compression=lzss
	.bss: load addr=0000a018, load size=00000008 bytes, run addr=200000e4, run size=00000582 bytes, compression=zero_init
	.vtable: load addr=0000a020, load size=00000008 bytes, run addr=20000000, run size=000000e4 bytes, compression=zero_init


LINKER GENERATED HANDLER TABLE

__TI_handler_table @ 0000a008 records: 3, size/record: 4, table size: 12
	index: 0, handler: __TI_zero_init
	index: 1, handler: __TI_decompress_lzss
	index: 2, handler: __TI_decompress_none


GLOBAL SYMBOLS: SORTED ALPHABETICALLY BY Name 

address   name                                           
-------   ----                                           
00006fcf  ADC14_IRQHandler                               
00006fcf  AES256_IRQHandler                              
20000bf4  BRIGHTNESS_BARGRAPH                            
00006fcf  BusFault_Handler                               
00006de1  C$$EXIT                                        
00006fcf  COMP_E0_IRQHandler                             
00006fcf  COMP_E1_IRQHandler                             
00006f4d  CPU_basepriGet                                 
00006f3f  CPU_basepriSet                                 
00006f19  CPU_cpsid                                      
00006f2f  CPU_cpsie                                      
00006f25  CPU_primask                                    
00006f3b  CPU_wfi                                        
00006fcf  CS_IRQHandler                                  
00000de5  CS_clearInterruptFlag                          
0000068d  CS_disableClockRequest                         
00000773  CS_disableDCOExternalResistor                  
00000cb9  CS_disableFaultCounter                         
00000da3  CS_disableInterrupt                            
00000665  CS_enableClockRequest                          
000006d5  CS_enableDCOExternalResistor                   
00000c8d  CS_enableFaultCounter                          
00000d81  CS_enableInterrupt                             
00000c25  CS_getACLK                                     
00000be5  CS_getBCLK                                     
0000086d  CS_getDCOFrequency                             
00000dcb  CS_getEnabledInterruptStatus                   
00000c01  CS_getHSMCLK                                   
00000dc5  CS_getInterruptStatus                          
00000c6b  CS_getMCLK                                     
00000c49  CS_getSMCLK                                    
00000385  CS_initClockSignal                             
00000e07  CS_registerInterrupt                           
00000ce5  CS_resetFaultCounter                           
00000791  CS_setDCOCenteredFrequency                     
000006fd  CS_setDCOExternalResistorCalibration           
00000a0d  CS_setDCOFrequency                             
00000349  CS_setExternalClockSourceFrequency             
000006af  CS_setReferenceOscillatorFrequency             
00000d31  CS_startFaultCounter                           
00000489  CS_startHFXT                                   
000004ad  CS_startHFXTWithTimeout                        
00000571  CS_startLFXT                                   
00000595  CS_startLFXTWithTimeout                        
000007c9  CS_tuneDCOFrequency                            
00000e1b  CS_unregisterInterrupt                         
00006fcf  DMA_ERR_IRQHandler                             
00006fcf  DMA_INT0_IRQHandler                            
00006fcf  DMA_INT1_IRQHandler                            
00006fcf  DMA_INT2_IRQHandler                            
00006fcf  DMA_INT3_IRQHandler                            
00006fcf  DebugMon_Handler                               
00006fcf  Default_Handler                                
00005e1f  EUSCIA0_IRQHandler                             
00005e1f  EUSCIA0_IRQHandler                             
00006fcf  EUSCIA1_IRQHandler                             
00006fcf  EUSCIA2_IRQHandler                             
00006fcf  EUSCIA3_IRQHandler                             
000067e7  EUSCIB0_IRQHandler                             
000067e7  EUSCIB0_IRQHandler                             
00006fcf  EUSCIB1_IRQHandler                             
00006fcf  EUSCIB2_IRQHandler                             
00006fcf  EUSCIB3_IRQHandler                             
0000205f  EUSCI_A_SPI_changeClockPhasePolarity           
00002113  EUSCI_A_SPI_clearInterruptFlag                 
00002143  EUSCI_A_SPI_disable                            
000020e1  EUSCI_A_SPI_disableInterrupt                   
0000212d  EUSCI_A_SPI_enable                             
000020c7  EUSCI_A_SPI_enableInterrupt                    
000020fb  EUSCI_A_SPI_getInterruptStatus                 
00002159  EUSCI_A_SPI_getReceiveBufferAddressForDMA      
00002167  EUSCI_A_SPI_getTransmitBufferAddressForDMA     
00002175  EUSCI_A_SPI_isBusy                             
00001fdf  EUSCI_A_SPI_masterChangeClock                  
000020b7  EUSCI_A_SPI_receiveData                        
00001fbf  EUSCI_A_SPI_select4PinFunctionality            
00002015  EUSCI_A_SPI_slaveInit                          
000020a1  EUSCI_A_SPI_transmitData                       
00001e91  EUSCI_B_SPI_changeClockPhasePolarity           
00001f45  EUSCI_B_SPI_clearInterruptFlag                 
00001f75  EUSCI_B_SPI_disable                            
00001f13  EUSCI_B_SPI_disableInterrupt                   
00001f5f  EUSCI_B_SPI_enable                             
00001ef9  EUSCI_B_SPI_enableInterrupt                    
00001f2d  EUSCI_B_SPI_getInterruptStatus                 
00001f8b  EUSCI_B_SPI_getReceiveBufferAddressForDMA      
00001f99  EUSCI_B_SPI_getTransmitBufferAddressForDMA     
00001fa7  EUSCI_B_SPI_isBusy                             
00001e15  EUSCI_B_SPI_masterChangeClock                  
00001ee9  EUSCI_B_SPI_receiveData                        
00001df5  EUSCI_B_SPI_select4PinFunctionality            
00001e47  EUSCI_B_SPI_slaveInit                          
00001ed3  EUSCI_B_SPI_transmitData                       
00006fcf  FLCTL_IRQHandler                               
00006fcf  FPU_IRQHandler                                 
00003f77  GPIO_clearInterruptFlag                        
00003f37  GPIO_disableInterrupt                          
00003f15  GPIO_enableInterrupt                           
00003fcf  GPIO_getEnabledInterruptStatus                 
00003ee7  GPIO_getInputPinValue                          
00003f59  GPIO_getInterruptStatus                        
00003f99  GPIO_interruptEdgeSelect                       
0000408f  GPIO_registerInterrupt                         
00003c8f  GPIO_setAsInputPin                             
00003e43  GPIO_setAsInputPinWithPullDownResistor         
00003e95  GPIO_setAsInputPinWithPullUpResistor           
00003c55  GPIO_setAsOutputPin                            
00003d59  GPIO_setAsPeripheralModuleFunctionInputPin     
00003cd5  GPIO_setAsPeripheralModuleFunctionOutputPin    
0000404b  GPIO_setDriveStrengthHigh                      
0000406d  GPIO_setDriveStrengthLow                       
00003ddd  GPIO_setOutputHighOnPin                        
00003dff  GPIO_setOutputLowOnPin                         
00003e21  GPIO_toggleOutputOnPin                         
000040af  GPIO_unregisterInterrupt                       
00006fcf  HardFault_Handler                              
000046b3  Interrupt_disableInterrupt                     
00004503  Interrupt_disableMaster                        
000048b1  Interrupt_disableSleepOnIsrExit                
00004641  Interrupt_enableInterrupt                      
000044f3  Interrupt_enableMaster                         
0000489f  Interrupt_enableSleepOnIsrExit                 
0000461b  Interrupt_getPriority                          
00004593  Interrupt_getPriorityGrouping                  
0000487f  Interrupt_getPriorityMask                      
00004899  Interrupt_getVectorTableAddress                
00004725  Interrupt_isEnabled                            
000047b1  Interrupt_pendInterrupt                        
00004513  Interrupt_registerInterrupt                    
000045cb  Interrupt_setPriority                          
00004579  Interrupt_setPriorityGrouping                  
0000486f  Interrupt_setPriorityMask                      
00004889  Interrupt_setVectorTableAddress                
00004821  Interrupt_unpendInterrupt                      
00004565  Interrupt_unregisterInterrupt                  
00006fcf  MemManage_Handler                              
00006fcf  NMI_Handler                                    
00006fcf  PCM_IRQHandler                                 
0000296f  PCM_clearInterruptFlag                         
00002945  PCM_disableInterrupt                           
0000291d  PCM_disableRudeMode                            
00002931  PCM_enableInterrupt                            
0000290b  PCM_enableRudeMode                             
00002317  PCM_getCoreVoltageLevel                        
0000295f  PCM_getEnabledInterruptStatus                  
00002959  PCM_getInterruptStatus                         
000022bd  PCM_getPowerMode                               
000028ff  PCM_getPowerState                              
00002831  PCM_gotoLPM0                                   
0000284f  PCM_gotoLPM0InterruptSafe                      
0000286b  PCM_gotoLPM3                                   
000028e3  PCM_gotoLPM3InterruptSafe                      
00002805  PCM_gotoLPM4                                   
00002815  PCM_gotoLPM4InterruptSafe                      
00002983  PCM_registerInterrupt                          
0000228b  PCM_setCoreVoltageLevel                        
000022ad  PCM_setCoreVoltageLevelNonBlocking             
0000229b  PCM_setCoreVoltageLevelWithTimeout             
000024bd  PCM_setPowerMode                               
000024cd  PCM_setPowerModeNonBlocking                    
000024dd  PCM_setPowerModeWithTimeout                    
0000278f  PCM_setPowerState                              
000027b1  PCM_setPowerStateNonBlocking                   
0000279f  PCM_setPowerStateWithTimeout                   
000027c1  PCM_shutdownDevice                             
00002997  PCM_unregisterInterrupt                        
00006fcf  PORT1_IRQHandler                               
00006fcf  PORT2_IRQHandler                               
00006fcf  PORT3_IRQHandler                               
00006fcf  PORT4_IRQHandler                               
00006fcf  PORT5_IRQHandler                               
00006fcf  PORT6_IRQHandler                               
00006fcf  PSS_IRQHandler                                 
00006fcf  PendSV_Handler                                 
00006fcf  RTC_C_IRQHandler                               
00003ba9  RTC_C_clearInterruptFlag                       
000039f3  RTC_C_convertBCDToBinary                       
00003a0b  RTC_C_convertBinaryToBCD                       
0000394f  RTC_C_definePrescaleEvent                      
00003a79  RTC_C_disableInterrupt                         
00003a23  RTC_C_enableInterrupt                          
00003881  RTC_C_getCalendarTime                          
00003b49  RTC_C_getEnabledInterruptStatus                
00003ae1  RTC_C_getInterruptStatus                       
00003977  RTC_C_getPrescaleValue                         
0000376b  RTC_C_holdClock                                
0000380f  RTC_C_initCalendar                             
00003bef  RTC_C_registerInterrupt                        
000038e7  RTC_C_setCalendarAlarm                         
0000391f  RTC_C_setCalendarEvent                         
000037b9  RTC_C_setCalibrationData                       
00003789  RTC_C_setCalibrationFrequency                  
000039a3  RTC_C_setPrescaleValue                         
000037e5  RTC_C_setTemperatureCompensation               
0000374d  RTC_C_startClock                               
00003c0d  RTC_C_unregisterInterrupt                      
00006fc3  Reset_Handler                                  
UNDEFED   SHT$$INIT_ARRAY$$Base                          
UNDEFED   SHT$$INIT_ARRAY$$Limit                         
00001ab3  SPI_changeClockPhasePolarity                   
00001a0d  SPI_changeMasterClock                          
00001c65  SPI_clearInterruptFlag                         
00001be7  SPI_disableInterrupt                           
00001b41  SPI_disableModule                              
00001bc1  SPI_enableInterrupt                            
00001b25  SPI_enableModule                               
00001c35  SPI_getEnabledInterruptStatus                  
00001c0d  SPI_getInterruptStatus                         
00001b5d  SPI_getReceiveBufferAddressForDMA              
00001b79  SPI_getTransmitBufferAddressForDMA             
00001921  SPI_initMaster                                 
00001a35  SPI_initSlave                                  
00001ba5  SPI_isBusy                                     
00001b09  SPI_receiveData                                
00001c8b  SPI_registerInterrupt                          
000019e7  SPI_selectFourPinFunctionality                 
00001ae3  SPI_transmitData                               
00001d49  SPI_unregisterInterrupt                        
00006fcf  SVC_Handler                                    
000060b3  Scheduler_SetActiveModule                      
0000606f  Scheduler_StartTasks                           
000060e3  Scheduler_StopActiveModule                     
000060fb  Scheduler_cyclic                               
00005fe5  Scheduler_initTasks                            
00006bd9  ShotGlassAnimation_GetFirst                    
00006beb  ShotGlassAnimation_GetLast                     
00006bfd  ShotGlassAnimation_GetNext                     
00006c1f  ShotGlassAnimation_GetPrev                     
00005b33  SysCtl_disableGlitchFilter                     
000059c3  SysCtl_disableNMISource                        
00005acb  SysCtl_disablePeripheralAtCPUHalt              
00005a0d  SysCtl_disableSRAMBank                         
00005a91  SysCtl_disableSRAMBankRetention                
00005b27  SysCtl_enableGlitchFilter                      
000059d7  SysCtl_enableNMISource                         
00005ab7  SysCtl_enablePeripheralAtCPUHalt               
000059f1  SysCtl_enableSRAMBank                          
00005a75  SysCtl_enableSRAMBankRetention                 
000059bd  SysCtl_getFlashSize                            
000059eb  SysCtl_getNMISourceStatus                      
000059b7  SysCtl_getSRAMSize                             
00005941  SysCtl_getTLVInfo                              
00005b3f  SysCtl_getTempCalibrationConstant              
00005aad  SysCtl_rebootDevice                            
00005b03  SysCtl_setWDTPasswordViolationResetType        
00005adf  SysCtl_setWDTTimeoutResetType                  
00006fcf  SysTick_Handler                                
20000ca4  SystemCoreClock                                
00004cb1  SystemCoreClockUpdate                          
00004f25  SystemInit                                     
00006fcf  T32_INT1_IRQHandler                            
00006fcf  T32_INT2_IRQHandler                            
00006fcf  T32_INTC_IRQHandler                            
00006fcf  TA0_0_IRQHandler                               
00006fcf  TA0_N_IRQHandler                               
00006fcf  TA1_0_IRQHandler                               
00006fcf  TA1_N_IRQHandler                               
00006fcf  TA2_0_IRQHandler                               
00006fcf  TA2_N_IRQHandler                               
00006fcf  TA3_0_IRQHandler                               
00006fcf  TA3_N_IRQHandler                               
20000c08  TEST_BARGRAPH                                  
00002e97  Timer_A_clearCaptureCompareInterrupt           
00002e81  Timer_A_clearInterruptFlag                     
00002cff  Timer_A_clearTimer                             
00002b27  Timer_A_configureContinuousMode                
00002bb5  Timer_A_configureUpDownMode                    
00002b57  Timer_A_configureUpMode                        
00002f25  Timer_A_disableCaptureCompareInterrupt         
00002ed3  Timer_A_disableInterrupt                       
00002ef9  Timer_A_enableCaptureCompareInterrupt          
00002ebf  Timer_A_enableInterrupt                        
00002dcb  Timer_A_generatePWM                            
00002d71  Timer_A_getCaptureCompareCount                 
00002f8d  Timer_A_getCaptureCompareEnabledInterruptStatus
00002f4d  Timer_A_getCaptureCompareInterruptStatus       
00002cb3  Timer_A_getCounterValue                        
00002f75  Timer_A_getEnabledInterruptStatus              
00002ee7  Timer_A_getInterruptStatus                     
00002d43  Timer_A_getOutputForOutputModeOutBitValue      
00002d13  Timer_A_getSynchronizedCaptureCompareInput     
00002c13  Timer_A_initCapture                            
00002c65  Timer_A_initCompare                            
00002fc9  Timer_A_registerInterrupt                      
00002e55  Timer_A_setCompareValue                        
00002d93  Timer_A_setOutputForOutputModeOutBitValue      
00002b11  Timer_A_startCounter                           
00002e41  Timer_A_stopTimer                              
0000309b  Timer_A_unregisterInterrupt                    
000043e9  UART_clearInterruptFlag                        
00004341  UART_disableInterrupt                          
00004223  UART_disableModule                             
00004311  UART_enableInterrupt                           
0000420d  UART_enableModule                              
0000438d  UART_getEnabledInterruptStatus                 
00004371  UART_getInterruptStatus                        
000042d9  UART_getReceiveBufferAddressForDMA             
000042e7  UART_getTransmitBufferAddressForDMA            
000040d5  UART_initModule                                
00004239  UART_queryStatusFlags                          
000041e7  UART_receiveData                               
00004409  UART_registerInterrupt                         
00004261  UART_resetDormant                              
000042f5  UART_selectDeglitchTime                        
0000424d  UART_setDormant                                
00004275  UART_transmitAddress                           
00004293  UART_transmitBreak                             
000041bd  UART_transmitData                              
00004485  UART_unregisterInterrupt                       
00006fcf  UsageFault_Handler                             
4000480c  WDTCTL_SYM                                     
00006fcf  WDT_A_IRQHandler                               
000068b5  WDT_A_clearTimer                               
00006875  WDT_A_holdTimer                                
000068f1  WDT_A_initIntervalTimer                        
000068d5  WDT_A_initWatchdogTimer                        
00006925  WDT_A_registerInterrupt                        
0000690d  WDT_A_setPasswordViolationReset                
00006919  WDT_A_setTimeoutReset                          
00006895  WDT_A_startTimer                               
00006939  WDT_A_unregisterInterrupt                      
20010000  __STACK_END                                    
00000200  __STACK_SIZE                                   
00000400  __SYSMEM_SIZE                                  
0000a028  __TI_CINIT_Base                                
0000a040  __TI_CINIT_Limit                               
0000a008  __TI_Handler_Table_Base                        
0000a014  __TI_Handler_Table_Limit                       
00006c49  __TI_auto_init                                 
20000c44  __TI_cleanup_ptr                               
00006d25  __TI_decompress_lzss                           
00006fb5  __TI_decompress_none                           
20000c48  __TI_dtors_ptr                                 
20000c4c  __TI_enable_exit_profile_output                
ffffffff  __TI_pprof_out_hndl                            
ffffffff  __TI_prof_data_size                            
ffffffff  __TI_prof_data_start                           
00000000  __TI_static_base__                             
00006fd1  __TI_zero_init                                 
00006b5d  __aeabi_memclr                                 
00006b5d  __aeabi_memclr4                                
00006b5d  __aeabi_memclr8                                
00006ac1  __aeabi_memcpy                                 
00006ac1  __aeabi_memcpy4                                
00006ac1  __aeabi_memcpy8                                
00006b5f  __aeabi_memset                                 
00006b5f  __aeabi_memset4                                
00006b5f  __aeabi_memset8                                
ffffffff  __binit__                                      
ffffffff  __c_args__                                     
00006bd7  __mpu_init                                     
2000fe00  __stack                                        
00006f75  _args_main                                     
00006d8d  _c_int00                                       
000096e8  _ctypes_                                       
20000c74  _lock                                          
00006f9b  _nop                                           
00006f93  _register_lock                                 
00006f8d  _register_unlock                               
20000668  _sys_memory                                    
00006fe1  _system_post_cinit                             
00006fdd  _system_pre_init                               
20000c78  _unlock                                        
00006de5  abort                                          
0000576b  addchar                                        
000057c5  addstr                                         
00006e35  atoi                                           
00006cb9  backlight_init                                 
00006cdb  backlight_set_level                            
ffffffff  binit                                          
00006293  buttons_cyclic100msec                          
00006211  buttons_cyclic10msec                           
000061f5  buttons_init                                   
000062f7  buttons_subscribeListener                      
00006321  buttons_unsubscribeAll                         
000069a9  buzzer_cyclic100msec                           
0000694d  buzzer_init                                    
00006995  buzzer_playBeeps                               
0000697f  buzzer_playBuzzer                              
0000695f  buzzer_setBuzzer                               
00004c81  calloc                                         
000097e9  cambriaMath_16ptBitmaps                        
00009b56  cambriaMath_16ptDescriptors                    
00009dd8  cambriaMath_16ptFontInfo                       
00008643  chadBitmaps                                    
00009e14  chad_bitmap                                    
000031cf  clockDisplay_cyclic1000msec                    
00003165  clockDisplay_init                              
000031ad  clockDisplay_start                             
000031bb  clockDisplay_stop                              
00005e75  comm_receiveData                               
00005dbd  comm_send_char                                 
00005df1  comm_send_number                               
00005e0f  comm_send_rn                                   
00005dcf  comm_send_str                                  
0000757e  consolas_10ptBitmaps                           
000087cc  consolas_10ptDescriptors                       
00009de4  consolas_10ptFontInfo                          
00006e81  copy_in                                        
00006fe4  courierNew_12ptBitmaps                         
00008948  courierNew_12ptDescriptors                     
00009df0  courierNew_12ptFontInfo                        
00008490  courierNew_24ptBitmaps                         
00009b82  courierNew_24ptDescriptors                     
00009dfc  courierNew_24ptFontInfo                        
00005009  delay_msec                                     
000013e3  display_clear                                  
00000f9d  display_cyclic_50msec                          
0000134b  display_drawBitmap                             
000012dd  display_drawBitmapCenter                       
0000129d  display_drawChar                               
000011c1  display_drawString                             
0000114f  display_drawStringCenter                       
0000107f  display_drawTextBox                            
00001395  display_fillRectangle                          
00000ecd  display_init                                   
00000ef1  display_start                                  
000063c5  enterBarGraph                                  
00006ded  exit                                           
0000671d  font_getCharWidth                              
0000669b  font_getFontChar                               
0000667d  font_getFontHeight                             
00006695  font_getSelectedFont                           
00006661  font_setFont                                   
000049cb  free                                           
20000000  g_pfnRAMVectors                                
00005031  generate_random_number                         
00008c40  girl2Bitmaps                                   
00009e44  girl_1_bitmap                                  
00009e4c  girl_2_bitmap                                  
00005305  girlsSpecialTask                               
00005353  guysSpecialTask                                
00000000  interruptVectors                               
0000639f  isBlackButton                                  
00006373  isBlueButton                                   
0000528f  isBtnOne                                       
000052ad  isBtnTwo                                       
20000cac  isDisplayReady                                 
00006389  isGreenButton                                  
20000caa  isReadyToTransmit                              
0000635d  isRedButton                                    
00005839  long2string                                    
00006a0d  main                                           
20000ca0  main_func_sp                                   
00004961  malloc                                         
00004b95  memalign                                       
00006ac1  memcpy                                         
00006b65  memset                                         
00005be9  menu_MoveCursor                                
00005b85  menu_enterMenu                                 
00005bbd  menu_exitMenu                                  
00005c3d  menu_getSelectedItem                           
00005bd1  menu_setSelectedItem                           
0000799e  microsoftSansSerif_8ptBitmaps                  
00008ac4  microsoftSansSerif_8ptDescriptors              
00009e08  microsoftSansSerif_8ptFontInfo                 
000048e1  minit                                          
00009c20  monochrom_arrow_downBitmaps                    
00009c42  monochrom_arrow_upBitmaps                      
000056e7  parseCommaSeparatedU32Array                    
00005625  parseRectangle                                 
00005681  parseU32FromString                             
20000c98  priv_delay_counter                             
00006ee3  rand                                           
00004a8b  realloc                                        
00005001  register_enable_low_powermode                  
00004fdd  register_init                                  
200005e4  sY                                             
0000526f  set_cs_pin                                     
000051c7  set_led_one                                    
0000522d  set_led_two_blue                               
0000520b  set_led_two_green                              
000051e9  set_led_two_red                                
0000524f  set_reg_select                                 
00008da0  shot_0_8Bitmaps                                
00008ea8  shot_1_8Bitmaps                                
00008fb0  shot_2_8Bitmaps                                
000090b8  shot_3_8Bitmaps                                
000091c0  shot_4_8Bitmaps                                
000092c8  shot_5_8Bitmaps                                
000093d0  shot_6_8Bitmaps                                
000094d8  shot_7_8Bitmaps                                
000095e0  shot_8_8Bitmaps                                
00009aec  small_shotBitmaps                              
00009ea4  small_shot_bitmap                              
000065a5  snake_cyclic100ms                              
0000653d  snake_init                                     
0000653f  snake_start                                    
000065a7  snake_stop                                     
00009d18  spiMasterConfig                                
00006785  spi_init                                       
000067af  spi_transmit                                   
00006807  spi_transmit_byte                              
00006ecd  srand                                          
00006f57  strcat                                         
00006fa1  strcpy                                         
00009eac  strong_dude_bitmap                             
00007cf8  strongdudeBitmaps                              
20000c8c  timer_10msec_callback                          
20000c90  timer_50msec_callback                          
00005ee3  uart_cyclic                                    
00005eab  uart_init                                      
00007ff8  womanBitmaps                                   


GLOBAL SYMBOLS: SORTED BY Symbol Address 

address   name                                           
-------   ----                                           
00000000  __TI_static_base__                             
00000000  interruptVectors                               
00000200  __STACK_SIZE                                   
00000349  CS_setExternalClockSourceFrequency             
00000385  CS_initClockSignal                             
00000400  __SYSMEM_SIZE                                  
00000489  CS_startHFXT                                   
000004ad  CS_startHFXTWithTimeout                        
00000571  CS_startLFXT                                   
00000595  CS_startLFXTWithTimeout                        
00000665  CS_enableClockRequest                          
0000068d  CS_disableClockRequest                         
000006af  CS_setReferenceOscillatorFrequency             
000006d5  CS_enableDCOExternalResistor                   
000006fd  CS_setDCOExternalResistorCalibration           
00000773  CS_disableDCOExternalResistor                  
00000791  CS_setDCOCenteredFrequency                     
000007c9  CS_tuneDCOFrequency                            
0000086d  CS_getDCOFrequency                             
00000a0d  CS_setDCOFrequency                             
00000be5  CS_getBCLK                                     
00000c01  CS_getHSMCLK                                   
00000c25  CS_getACLK                                     
00000c49  CS_getSMCLK                                    
00000c6b  CS_getMCLK                                     
00000c8d  CS_enableFaultCounter                          
00000cb9  CS_disableFaultCounter                         
00000ce5  CS_resetFaultCounter                           
00000d31  CS_startFaultCounter                           
00000d81  CS_enableInterrupt                             
00000da3  CS_disableInterrupt                            
00000dc5  CS_getInterruptStatus                          
00000dcb  CS_getEnabledInterruptStatus                   
00000de5  CS_clearInterruptFlag                          
00000e07  CS_registerInterrupt                           
00000e1b  CS_unregisterInterrupt                         
00000ecd  display_init                                   
00000ef1  display_start                                  
00000f9d  display_cyclic_50msec                          
0000107f  display_drawTextBox                            
0000114f  display_drawStringCenter                       
000011c1  display_drawString                             
0000129d  display_drawChar                               
000012dd  display_drawBitmapCenter                       
0000134b  display_drawBitmap                             
00001395  display_fillRectangle                          
000013e3  display_clear                                  
00001921  SPI_initMaster                                 
000019e7  SPI_selectFourPinFunctionality                 
00001a0d  SPI_changeMasterClock                          
00001a35  SPI_initSlave                                  
00001ab3  SPI_changeClockPhasePolarity                   
00001ae3  SPI_transmitData                               
00001b09  SPI_receiveData                                
00001b25  SPI_enableModule                               
00001b41  SPI_disableModule                              
00001b5d  SPI_getReceiveBufferAddressForDMA              
00001b79  SPI_getTransmitBufferAddressForDMA             
00001ba5  SPI_isBusy                                     
00001bc1  SPI_enableInterrupt                            
00001be7  SPI_disableInterrupt                           
00001c0d  SPI_getInterruptStatus                         
00001c35  SPI_getEnabledInterruptStatus                  
00001c65  SPI_clearInterruptFlag                         
00001c8b  SPI_registerInterrupt                          
00001d49  SPI_unregisterInterrupt                        
00001df5  EUSCI_B_SPI_select4PinFunctionality            
00001e15  EUSCI_B_SPI_masterChangeClock                  
00001e47  EUSCI_B_SPI_slaveInit                          
00001e91  EUSCI_B_SPI_changeClockPhasePolarity           
00001ed3  EUSCI_B_SPI_transmitData                       
00001ee9  EUSCI_B_SPI_receiveData                        
00001ef9  EUSCI_B_SPI_enableInterrupt                    
00001f13  EUSCI_B_SPI_disableInterrupt                   
00001f2d  EUSCI_B_SPI_getInterruptStatus                 
00001f45  EUSCI_B_SPI_clearInterruptFlag                 
00001f5f  EUSCI_B_SPI_enable                             
00001f75  EUSCI_B_SPI_disable                            
00001f8b  EUSCI_B_SPI_getReceiveBufferAddressForDMA      
00001f99  EUSCI_B_SPI_getTransmitBufferAddressForDMA     
00001fa7  EUSCI_B_SPI_isBusy                             
00001fbf  EUSCI_A_SPI_select4PinFunctionality            
00001fdf  EUSCI_A_SPI_masterChangeClock                  
00002015  EUSCI_A_SPI_slaveInit                          
0000205f  EUSCI_A_SPI_changeClockPhasePolarity           
000020a1  EUSCI_A_SPI_transmitData                       
000020b7  EUSCI_A_SPI_receiveData                        
000020c7  EUSCI_A_SPI_enableInterrupt                    
000020e1  EUSCI_A_SPI_disableInterrupt                   
000020fb  EUSCI_A_SPI_getInterruptStatus                 
00002113  EUSCI_A_SPI_clearInterruptFlag                 
0000212d  EUSCI_A_SPI_enable                             
00002143  EUSCI_A_SPI_disable                            
00002159  EUSCI_A_SPI_getReceiveBufferAddressForDMA      
00002167  EUSCI_A_SPI_getTransmitBufferAddressForDMA     
00002175  EUSCI_A_SPI_isBusy                             
0000228b  PCM_setCoreVoltageLevel                        
0000229b  PCM_setCoreVoltageLevelWithTimeout             
000022ad  PCM_setCoreVoltageLevelNonBlocking             
000022bd  PCM_getPowerMode                               
00002317  PCM_getCoreVoltageLevel                        
000024bd  PCM_setPowerMode                               
000024cd  PCM_setPowerModeNonBlocking                    
000024dd  PCM_setPowerModeWithTimeout                    
0000278f  PCM_setPowerState                              
0000279f  PCM_setPowerStateWithTimeout                   
000027b1  PCM_setPowerStateNonBlocking                   
000027c1  PCM_shutdownDevice                             
00002805  PCM_gotoLPM4                                   
00002815  PCM_gotoLPM4InterruptSafe                      
00002831  PCM_gotoLPM0                                   
0000284f  PCM_gotoLPM0InterruptSafe                      
0000286b  PCM_gotoLPM3                                   
000028e3  PCM_gotoLPM3InterruptSafe                      
000028ff  PCM_getPowerState                              
0000290b  PCM_enableRudeMode                             
0000291d  PCM_disableRudeMode                            
00002931  PCM_enableInterrupt                            
00002945  PCM_disableInterrupt                           
00002959  PCM_getInterruptStatus                         
0000295f  PCM_getEnabledInterruptStatus                  
0000296f  PCM_clearInterruptFlag                         
00002983  PCM_registerInterrupt                          
00002997  PCM_unregisterInterrupt                        
00002b11  Timer_A_startCounter                           
00002b27  Timer_A_configureContinuousMode                
00002b57  Timer_A_configureUpMode                        
00002bb5  Timer_A_configureUpDownMode                    
00002c13  Timer_A_initCapture                            
00002c65  Timer_A_initCompare                            
00002cb3  Timer_A_getCounterValue                        
00002cff  Timer_A_clearTimer                             
00002d13  Timer_A_getSynchronizedCaptureCompareInput     
00002d43  Timer_A_getOutputForOutputModeOutBitValue      
00002d71  Timer_A_getCaptureCompareCount                 
00002d93  Timer_A_setOutputForOutputModeOutBitValue      
00002dcb  Timer_A_generatePWM                            
00002e41  Timer_A_stopTimer                              
00002e55  Timer_A_setCompareValue                        
00002e81  Timer_A_clearInterruptFlag                     
00002e97  Timer_A_clearCaptureCompareInterrupt           
00002ebf  Timer_A_enableInterrupt                        
00002ed3  Timer_A_disableInterrupt                       
00002ee7  Timer_A_getInterruptStatus                     
00002ef9  Timer_A_enableCaptureCompareInterrupt          
00002f25  Timer_A_disableCaptureCompareInterrupt         
00002f4d  Timer_A_getCaptureCompareInterruptStatus       
00002f75  Timer_A_getEnabledInterruptStatus              
00002f8d  Timer_A_getCaptureCompareEnabledInterruptStatus
00002fc9  Timer_A_registerInterrupt                      
0000309b  Timer_A_unregisterInterrupt                    
00003165  clockDisplay_init                              
000031ad  clockDisplay_start                             
000031bb  clockDisplay_stop                              
000031cf  clockDisplay_cyclic1000msec                    
0000374d  RTC_C_startClock                               
0000376b  RTC_C_holdClock                                
00003789  RTC_C_setCalibrationFrequency                  
000037b9  RTC_C_setCalibrationData                       
000037e5  RTC_C_setTemperatureCompensation               
0000380f  RTC_C_initCalendar                             
00003881  RTC_C_getCalendarTime                          
000038e7  RTC_C_setCalendarAlarm                         
0000391f  RTC_C_setCalendarEvent                         
0000394f  RTC_C_definePrescaleEvent                      
00003977  RTC_C_getPrescaleValue                         
000039a3  RTC_C_setPrescaleValue                         
000039f3  RTC_C_convertBCDToBinary                       
00003a0b  RTC_C_convertBinaryToBCD                       
00003a23  RTC_C_enableInterrupt                          
00003a79  RTC_C_disableInterrupt                         
00003ae1  RTC_C_getInterruptStatus                       
00003b49  RTC_C_getEnabledInterruptStatus                
00003ba9  RTC_C_clearInterruptFlag                       
00003bef  RTC_C_registerInterrupt                        
00003c0d  RTC_C_unregisterInterrupt                      
00003c55  GPIO_setAsOutputPin                            
00003c8f  GPIO_setAsInputPin                             
00003cd5  GPIO_setAsPeripheralModuleFunctionOutputPin    
00003d59  GPIO_setAsPeripheralModuleFunctionInputPin     
00003ddd  GPIO_setOutputHighOnPin                        
00003dff  GPIO_setOutputLowOnPin                         
00003e21  GPIO_toggleOutputOnPin                         
00003e43  GPIO_setAsInputPinWithPullDownResistor         
00003e95  GPIO_setAsInputPinWithPullUpResistor           
00003ee7  GPIO_getInputPinValue                          
00003f15  GPIO_enableInterrupt                           
00003f37  GPIO_disableInterrupt                          
00003f59  GPIO_getInterruptStatus                        
00003f77  GPIO_clearInterruptFlag                        
00003f99  GPIO_interruptEdgeSelect                       
00003fcf  GPIO_getEnabledInterruptStatus                 
0000404b  GPIO_setDriveStrengthHigh                      
0000406d  GPIO_setDriveStrengthLow                       
0000408f  GPIO_registerInterrupt                         
000040af  GPIO_unregisterInterrupt                       
000040d5  UART_initModule                                
000041bd  UART_transmitData                              
000041e7  UART_receiveData                               
0000420d  UART_enableModule                              
00004223  UART_disableModule                             
00004239  UART_queryStatusFlags                          
0000424d  UART_setDormant                                
00004261  UART_resetDormant                              
00004275  UART_transmitAddress                           
00004293  UART_transmitBreak                             
000042d9  UART_getReceiveBufferAddressForDMA             
000042e7  UART_getTransmitBufferAddressForDMA            
000042f5  UART_selectDeglitchTime                        
00004311  UART_enableInterrupt                           
00004341  UART_disableInterrupt                          
00004371  UART_getInterruptStatus                        
0000438d  UART_getEnabledInterruptStatus                 
000043e9  UART_clearInterruptFlag                        
00004409  UART_registerInterrupt                         
00004485  UART_unregisterInterrupt                       
000044f3  Interrupt_enableMaster                         
00004503  Interrupt_disableMaster                        
00004513  Interrupt_registerInterrupt                    
00004565  Interrupt_unregisterInterrupt                  
00004579  Interrupt_setPriorityGrouping                  
00004593  Interrupt_getPriorityGrouping                  
000045cb  Interrupt_setPriority                          
0000461b  Interrupt_getPriority                          
00004641  Interrupt_enableInterrupt                      
000046b3  Interrupt_disableInterrupt                     
00004725  Interrupt_isEnabled                            
000047b1  Interrupt_pendInterrupt                        
00004821  Interrupt_unpendInterrupt                      
0000486f  Interrupt_setPriorityMask                      
0000487f  Interrupt_getPriorityMask                      
00004889  Interrupt_setVectorTableAddress                
00004899  Interrupt_getVectorTableAddress                
0000489f  Interrupt_enableSleepOnIsrExit                 
000048b1  Interrupt_disableSleepOnIsrExit                
000048e1  minit                                          
00004961  malloc                                         
000049cb  free                                           
00004a8b  realloc                                        
00004b95  memalign                                       
00004c81  calloc                                         
00004cb1  SystemCoreClockUpdate                          
00004f25  SystemInit                                     
00004fdd  register_init                                  
00005001  register_enable_low_powermode                  
00005009  delay_msec                                     
00005031  generate_random_number                         
000051c7  set_led_one                                    
000051e9  set_led_two_red                                
0000520b  set_led_two_green                              
0000522d  set_led_two_blue                               
0000524f  set_reg_select                                 
0000526f  set_cs_pin                                     
0000528f  isBtnOne                                       
000052ad  isBtnTwo                                       
00005305  girlsSpecialTask                               
00005353  guysSpecialTask                                
00005625  parseRectangle                                 
00005681  parseU32FromString                             
000056e7  parseCommaSeparatedU32Array                    
0000576b  addchar                                        
000057c5  addstr                                         
00005839  long2string                                    
00005941  SysCtl_getTLVInfo                              
000059b7  SysCtl_getSRAMSize                             
000059bd  SysCtl_getFlashSize                            
000059c3  SysCtl_disableNMISource                        
000059d7  SysCtl_enableNMISource                         
000059eb  SysCtl_getNMISourceStatus                      
000059f1  SysCtl_enableSRAMBank                          
00005a0d  SysCtl_disableSRAMBank                         
00005a75  SysCtl_enableSRAMBankRetention                 
00005a91  SysCtl_disableSRAMBankRetention                
00005aad  SysCtl_rebootDevice                            
00005ab7  SysCtl_enablePeripheralAtCPUHalt               
00005acb  SysCtl_disablePeripheralAtCPUHalt              
00005adf  SysCtl_setWDTTimeoutResetType                  
00005b03  SysCtl_setWDTPasswordViolationResetType        
00005b27  SysCtl_enableGlitchFilter                      
00005b33  SysCtl_disableGlitchFilter                     
00005b3f  SysCtl_getTempCalibrationConstant              
00005b85  menu_enterMenu                                 
00005bbd  menu_exitMenu                                  
00005bd1  menu_setSelectedItem                           
00005be9  menu_MoveCursor                                
00005c3d  menu_getSelectedItem                           
00005dbd  comm_send_char                                 
00005dcf  comm_send_str                                  
00005df1  comm_send_number                               
00005e0f  comm_send_rn                                   
00005e1f  EUSCIA0_IRQHandler                             
00005e1f  EUSCIA0_IRQHandler                             
00005e75  comm_receiveData                               
00005eab  uart_init                                      
00005ee3  uart_cyclic                                    
00005fe5  Scheduler_initTasks                            
0000606f  Scheduler_StartTasks                           
000060b3  Scheduler_SetActiveModule                      
000060e3  Scheduler_StopActiveModule                     
000060fb  Scheduler_cyclic                               
000061f5  buttons_init                                   
00006211  buttons_cyclic10msec                           
00006293  buttons_cyclic100msec                          
000062f7  buttons_subscribeListener                      
00006321  buttons_unsubscribeAll                         
0000635d  isRedButton                                    
00006373  isBlueButton                                   
00006389  isGreenButton                                  
0000639f  isBlackButton                                  
000063c5  enterBarGraph                                  
0000653d  snake_init                                     
0000653f  snake_start                                    
000065a5  snake_cyclic100ms                              
000065a7  snake_stop                                     
00006661  font_setFont                                   
0000667d  font_getFontHeight                             
00006695  font_getSelectedFont                           
0000669b  font_getFontChar                               
0000671d  font_getCharWidth                              
00006785  spi_init                                       
000067af  spi_transmit                                   
000067e7  EUSCIB0_IRQHandler                             
000067e7  EUSCIB0_IRQHandler                             
00006807  spi_transmit_byte                              
00006875  WDT_A_holdTimer                                
00006895  WDT_A_startTimer                               
000068b5  WDT_A_clearTimer                               
000068d5  WDT_A_initWatchdogTimer                        
000068f1  WDT_A_initIntervalTimer                        
0000690d  WDT_A_setPasswordViolationReset                
00006919  WDT_A_setTimeoutReset                          
00006925  WDT_A_registerInterrupt                        
00006939  WDT_A_unregisterInterrupt                      
0000694d  buzzer_init                                    
0000695f  buzzer_setBuzzer                               
0000697f  buzzer_playBuzzer                              
00006995  buzzer_playBeeps                               
000069a9  buzzer_cyclic100msec                           
00006a0d  main                                           
00006ac1  __aeabi_memcpy                                 
00006ac1  __aeabi_memcpy4                                
00006ac1  __aeabi_memcpy8                                
00006ac1  memcpy                                         
00006b5d  __aeabi_memclr                                 
00006b5d  __aeabi_memclr4                                
00006b5d  __aeabi_memclr8                                
00006b5f  __aeabi_memset                                 
00006b5f  __aeabi_memset4                                
00006b5f  __aeabi_memset8                                
00006b65  memset                                         
00006bd7  __mpu_init                                     
00006bd9  ShotGlassAnimation_GetFirst                    
00006beb  ShotGlassAnimation_GetLast                     
00006bfd  ShotGlassAnimation_GetNext                     
00006c1f  ShotGlassAnimation_GetPrev                     
00006c49  __TI_auto_init                                 
00006cb9  backlight_init                                 
00006cdb  backlight_set_level                            
00006d25  __TI_decompress_lzss                           
00006d8d  _c_int00                                       
00006de1  C$$EXIT                                        
00006de5  abort                                          
00006ded  exit                                           
00006e35  atoi                                           
00006e81  copy_in                                        
00006ecd  srand                                          
00006ee3  rand                                           
00006f19  CPU_cpsid                                      
00006f25  CPU_primask                                    
00006f2f  CPU_cpsie                                      
00006f3b  CPU_wfi                                        
00006f3f  CPU_basepriSet                                 
00006f4d  CPU_basepriGet                                 
00006f57  strcat                                         
00006f75  _args_main                                     
00006f8d  _register_unlock                               
00006f93  _register_lock                                 
00006f9b  _nop                                           
00006fa1  strcpy                                         
00006fb5  __TI_decompress_none                           
00006fc3  Reset_Handler                                  
00006fcf  ADC14_IRQHandler                               
00006fcf  AES256_IRQHandler                              
00006fcf  BusFault_Handler                               
00006fcf  COMP_E0_IRQHandler                             
00006fcf  COMP_E1_IRQHandler                             
00006fcf  CS_IRQHandler                                  
00006fcf  DMA_ERR_IRQHandler                             
00006fcf  DMA_INT0_IRQHandler                            
00006fcf  DMA_INT1_IRQHandler                            
00006fcf  DMA_INT2_IRQHandler                            
00006fcf  DMA_INT3_IRQHandler                            
00006fcf  DebugMon_Handler                               
00006fcf  Default_Handler                                
00006fcf  EUSCIA1_IRQHandler                             
00006fcf  EUSCIA2_IRQHandler                             
00006fcf  EUSCIA3_IRQHandler                             
00006fcf  EUSCIB1_IRQHandler                             
00006fcf  EUSCIB2_IRQHandler                             
00006fcf  EUSCIB3_IRQHandler                             
00006fcf  FLCTL_IRQHandler                               
00006fcf  FPU_IRQHandler                                 
00006fcf  HardFault_Handler                              
00006fcf  MemManage_Handler                              
00006fcf  NMI_Handler                                    
00006fcf  PCM_IRQHandler                                 
00006fcf  PORT1_IRQHandler                               
00006fcf  PORT2_IRQHandler                               
00006fcf  PORT3_IRQHandler                               
00006fcf  PORT4_IRQHandler                               
00006fcf  PORT5_IRQHandler                               
00006fcf  PORT6_IRQHandler                               
00006fcf  PSS_IRQHandler                                 
00006fcf  PendSV_Handler                                 
00006fcf  RTC_C_IRQHandler                               
00006fcf  SVC_Handler                                    
00006fcf  SysTick_Handler                                
00006fcf  T32_INT1_IRQHandler                            
00006fcf  T32_INT2_IRQHandler                            
00006fcf  T32_INTC_IRQHandler                            
00006fcf  TA0_0_IRQHandler                               
00006fcf  TA0_N_IRQHandler                               
00006fcf  TA1_0_IRQHandler                               
00006fcf  TA1_N_IRQHandler                               
00006fcf  TA2_0_IRQHandler                               
00006fcf  TA2_N_IRQHandler                               
00006fcf  TA3_0_IRQHandler                               
00006fcf  TA3_N_IRQHandler                               
00006fcf  UsageFault_Handler                             
00006fcf  WDT_A_IRQHandler                               
00006fd1  __TI_zero_init                                 
00006fdd  _system_pre_init                               
00006fe1  _system_post_cinit                             
00006fe4  courierNew_12ptBitmaps                         
0000757e  consolas_10ptBitmaps                           
0000799e  microsoftSansSerif_8ptBitmaps                  
00007cf8  strongdudeBitmaps                              
00007ff8  womanBitmaps                                   
00008490  courierNew_24ptBitmaps                         
00008643  chadBitmaps                                    
000087cc  consolas_10ptDescriptors                       
00008948  courierNew_12ptDescriptors                     
00008ac4  microsoftSansSerif_8ptDescriptors              
00008c40  girl2Bitmaps                                   
00008da0  shot_0_8Bitmaps                                
00008ea8  shot_1_8Bitmaps                                
00008fb0  shot_2_8Bitmaps                                
000090b8  shot_3_8Bitmaps                                
000091c0  shot_4_8Bitmaps                                
000092c8  shot_5_8Bitmaps                                
000093d0  shot_6_8Bitmaps                                
000094d8  shot_7_8Bitmaps                                
000095e0  shot_8_8Bitmaps                                
000096e8  _ctypes_                                       
000097e9  cambriaMath_16ptBitmaps                        
00009aec  small_shotBitmaps                              
00009b56  cambriaMath_16ptDescriptors                    
00009b82  courierNew_24ptDescriptors                     
00009c20  monochrom_arrow_downBitmaps                    
00009c42  monochrom_arrow_upBitmaps                      
00009d18  spiMasterConfig                                
00009dd8  cambriaMath_16ptFontInfo                       
00009de4  consolas_10ptFontInfo                          
00009df0  courierNew_12ptFontInfo                        
00009dfc  courierNew_24ptFontInfo                        
00009e08  microsoftSansSerif_8ptFontInfo                 
00009e14  chad_bitmap                                    
00009e44  girl_1_bitmap                                  
00009e4c  girl_2_bitmap                                  
00009ea4  small_shot_bitmap                              
00009eac  strong_dude_bitmap                             
0000a008  __TI_Handler_Table_Base                        
0000a014  __TI_Handler_Table_Limit                       
0000a028  __TI_CINIT_Base                                
0000a040  __TI_CINIT_Limit                               
20000000  g_pfnRAMVectors                                
200005e4  sY                                             
20000668  _sys_memory                                    
20000bf4  BRIGHTNESS_BARGRAPH                            
20000c08  TEST_BARGRAPH                                  
20000c44  __TI_cleanup_ptr                               
20000c48  __TI_dtors_ptr                                 
20000c4c  __TI_enable_exit_profile_output                
20000c74  _lock                                          
20000c78  _unlock                                        
20000c8c  timer_10msec_callback                          
20000c90  timer_50msec_callback                          
20000c98  priv_delay_counter                             
20000ca0  main_func_sp                                   
20000ca4  SystemCoreClock                                
20000caa  isReadyToTransmit                              
20000cac  isDisplayReady                                 
2000fe00  __stack                                        
20010000  __STACK_END                                    
4000480c  WDTCTL_SYM                                     
ffffffff  __TI_pprof_out_hndl                            
ffffffff  __TI_prof_data_size                            
ffffffff  __TI_prof_data_start                           
ffffffff  __binit__                                      
ffffffff  __c_args__                                     
ffffffff  binit                                          
UNDEFED   SHT$$INIT_ARRAY$$Base                          
UNDEFED   SHT$$INIT_ARRAY$$Limit                         

[503 symbols]
