<?xml version="1.0"?>
<link_info>
   <banner>TI ARM Linker PC v16.9.1.LTS</banner>
   <copyright>Copyright (c) 1996-2015 Texas Instruments Incorporated</copyright>
   <link_time>0x592ae2a5</link_time>
   <link_errors>0x0</link_errors>
   <output_file>PowerHourVer2.out</output_file>
   <entry_point>
      <name>_c_int00</name>
      <address>0x2e39</address>
   </entry_point>
   <input_file_list>
      <input_file id="fl-2">
         <path>.\</path>
         <kind>object</kind>
         <file>startup_msp432p401r_ccs.obj</file>
         <name>startup_msp432p401r_ccs.obj</name>
      </input_file>
      <input_file id="fl-3">
         <path>.\</path>
         <kind>object</kind>
         <file>system_msp432p401r.obj</file>
         <name>system_msp432p401r.obj</name>
      </input_file>
      <input_file id="fl-4">
         <path>.\HW\</path>
         <kind>object</kind>
         <file>comm.obj</file>
         <name>comm.obj</name>
      </input_file>
      <input_file id="fl-5">
         <path>.\HW\</path>
         <kind>object</kind>
         <file>register.obj</file>
         <name>register.obj</name>
      </input_file>
      <input_file id="fl-6">
         <path>.\HW\driverlib\MSP432P4xx\</path>
         <kind>object</kind>
         <file>adc14.obj</file>
         <name>adc14.obj</name>
      </input_file>
      <input_file id="fl-7">
         <path>.\HW\driverlib\MSP432P4xx\</path>
         <kind>object</kind>
         <file>aes256.obj</file>
         <name>aes256.obj</name>
      </input_file>
      <input_file id="fl-8">
         <path>.\HW\driverlib\MSP432P4xx\</path>
         <kind>object</kind>
         <file>comp_e.obj</file>
         <name>comp_e.obj</name>
      </input_file>
      <input_file id="fl-9">
         <path>.\HW\driverlib\MSP432P4xx\</path>
         <kind>object</kind>
         <file>cpu.obj</file>
         <name>cpu.obj</name>
      </input_file>
      <input_file id="fl-a">
         <path>.\HW\driverlib\MSP432P4xx\</path>
         <kind>object</kind>
         <file>crc32.obj</file>
         <name>crc32.obj</name>
      </input_file>
      <input_file id="fl-b">
         <path>.\HW\driverlib\MSP432P4xx\</path>
         <kind>object</kind>
         <file>cs.obj</file>
         <name>cs.obj</name>
      </input_file>
      <input_file id="fl-c">
         <path>.\HW\driverlib\MSP432P4xx\</path>
         <kind>object</kind>
         <file>dma.obj</file>
         <name>dma.obj</name>
      </input_file>
      <input_file id="fl-d">
         <path>.\HW\driverlib\MSP432P4xx\</path>
         <kind>object</kind>
         <file>flash.obj</file>
         <name>flash.obj</name>
      </input_file>
      <input_file id="fl-e">
         <path>.\HW\driverlib\MSP432P4xx\</path>
         <kind>object</kind>
         <file>fpu.obj</file>
         <name>fpu.obj</name>
      </input_file>
      <input_file id="fl-f">
         <path>.\HW\driverlib\MSP432P4xx\</path>
         <kind>object</kind>
         <file>gpio.obj</file>
         <name>gpio.obj</name>
      </input_file>
      <input_file id="fl-10">
         <path>.\HW\driverlib\MSP432P4xx\</path>
         <kind>object</kind>
         <file>i2c.obj</file>
         <name>i2c.obj</name>
      </input_file>
      <input_file id="fl-11">
         <path>.\HW\driverlib\MSP432P4xx\</path>
         <kind>object</kind>
         <file>interrupt.obj</file>
         <name>interrupt.obj</name>
      </input_file>
      <input_file id="fl-12">
         <path>.\HW\driverlib\MSP432P4xx\</path>
         <kind>object</kind>
         <file>mpu.obj</file>
         <name>mpu.obj</name>
      </input_file>
      <input_file id="fl-13">
         <path>.\HW\driverlib\MSP432P4xx\</path>
         <kind>object</kind>
         <file>pcm.obj</file>
         <name>pcm.obj</name>
      </input_file>
      <input_file id="fl-14">
         <path>.\HW\driverlib\MSP432P4xx\</path>
         <kind>object</kind>
         <file>pmap.obj</file>
         <name>pmap.obj</name>
      </input_file>
      <input_file id="fl-15">
         <path>.\HW\driverlib\MSP432P4xx\</path>
         <kind>object</kind>
         <file>pss.obj</file>
         <name>pss.obj</name>
      </input_file>
      <input_file id="fl-16">
         <path>.\HW\driverlib\MSP432P4xx\</path>
         <kind>object</kind>
         <file>ref_a.obj</file>
         <name>ref_a.obj</name>
      </input_file>
      <input_file id="fl-17">
         <path>.\HW\driverlib\MSP432P4xx\</path>
         <kind>object</kind>
         <file>reset.obj</file>
         <name>reset.obj</name>
      </input_file>
      <input_file id="fl-18">
         <path>.\HW\driverlib\MSP432P4xx\</path>
         <kind>object</kind>
         <file>rtc_c.obj</file>
         <name>rtc_c.obj</name>
      </input_file>
      <input_file id="fl-19">
         <path>.\HW\driverlib\MSP432P4xx\</path>
         <kind>object</kind>
         <file>spi.obj</file>
         <name>spi.obj</name>
      </input_file>
      <input_file id="fl-1a">
         <path>.\HW\driverlib\MSP432P4xx\</path>
         <kind>object</kind>
         <file>sysctl.obj</file>
         <name>sysctl.obj</name>
      </input_file>
      <input_file id="fl-1b">
         <path>.\HW\driverlib\MSP432P4xx\</path>
         <kind>object</kind>
         <file>systick.obj</file>
         <name>systick.obj</name>
      </input_file>
      <input_file id="fl-1c">
         <path>.\HW\driverlib\MSP432P4xx\</path>
         <kind>object</kind>
         <file>timer32.obj</file>
         <name>timer32.obj</name>
      </input_file>
      <input_file id="fl-1d">
         <path>.\HW\driverlib\MSP432P4xx\</path>
         <kind>object</kind>
         <file>timer_a.obj</file>
         <name>timer_a.obj</name>
      </input_file>
      <input_file id="fl-1e">
         <path>.\HW\driverlib\MSP432P4xx\</path>
         <kind>object</kind>
         <file>uart.obj</file>
         <name>uart.obj</name>
      </input_file>
      <input_file id="fl-1f">
         <path>.\HW\driverlib\MSP432P4xx\</path>
         <kind>object</kind>
         <file>wdt_a.obj</file>
         <name>wdt_a.obj</name>
      </input_file>
      <input_file id="fl-20">
         <path>.\LOGIC\</path>
         <kind>object</kind>
         <file>main.obj</file>
         <name>main.obj</name>
      </input_file>
      <input_file id="fl-de">
         <path>C:\cc7\ccsv7\tools\compiler\ti-cgt-arm_16.9.1.LTS\lib\</path>
         <kind>archive</kind>
         <file>rtsv7M4_T_le_v4SPD16_eabi.lib</file>
         <name>boot.obj</name>
      </input_file>
      <input_file id="fl-df">
         <path>C:\cc7\ccsv7\tools\compiler\ti-cgt-arm_16.9.1.LTS\lib\</path>
         <kind>archive</kind>
         <file>rtsv7M4_T_le_v4SPD16_eabi.lib</file>
         <name>copy_decompress_lzss.obj</name>
      </input_file>
      <input_file id="fl-e0">
         <path>C:\cc7\ccsv7\tools\compiler\ti-cgt-arm_16.9.1.LTS\lib\</path>
         <kind>archive</kind>
         <file>rtsv7M4_T_le_v4SPD16_eabi.lib</file>
         <name>copy_decompress_none.obj</name>
      </input_file>
      <input_file id="fl-e1">
         <path>C:\cc7\ccsv7\tools\compiler\ti-cgt-arm_16.9.1.LTS\lib\</path>
         <kind>archive</kind>
         <file>rtsv7M4_T_le_v4SPD16_eabi.lib</file>
         <name>copy_zero_init.obj</name>
      </input_file>
      <input_file id="fl-e2">
         <path>C:\cc7\ccsv7\tools\compiler\ti-cgt-arm_16.9.1.LTS\lib\</path>
         <kind>archive</kind>
         <file>rtsv7M4_T_le_v4SPD16_eabi.lib</file>
         <name>exit.obj</name>
      </input_file>
      <input_file id="fl-e3">
         <path>C:\cc7\ccsv7\tools\compiler\ti-cgt-arm_16.9.1.LTS\lib\</path>
         <kind>archive</kind>
         <file>rtsv7M4_T_le_v4SPD16_eabi.lib</file>
         <name>memcpy_t2.obj</name>
      </input_file>
      <input_file id="fl-e4">
         <path>C:\cc7\ccsv7\tools\compiler\ti-cgt-arm_16.9.1.LTS\lib\</path>
         <kind>archive</kind>
         <file>rtsv7M4_T_le_v4SPD16_eabi.lib</file>
         <name>memset_t2.obj</name>
      </input_file>
      <input_file id="fl-e5">
         <path>C:\cc7\ccsv7\tools\compiler\ti-cgt-arm_16.9.1.LTS\lib\</path>
         <kind>archive</kind>
         <file>rtsv7M4_T_le_v4SPD16_eabi.lib</file>
         <name>mpu_init.obj</name>
      </input_file>
      <input_file id="fl-e6">
         <path>C:\cc7\ccsv7\tools\compiler\ti-cgt-arm_16.9.1.LTS\lib\</path>
         <kind>archive</kind>
         <file>rtsv7M4_T_le_v4SPD16_eabi.lib</file>
         <name>pre_init.obj</name>
      </input_file>
      <input_file id="fl-e7">
         <path>C:\cc7\ccsv7\tools\compiler\ti-cgt-arm_16.9.1.LTS\lib\</path>
         <kind>archive</kind>
         <file>rtsv7M4_T_le_v4SPD16_eabi.lib</file>
         <name>stkdepth_vars.obj</name>
      </input_file>
      <input_file id="fl-e8">
         <path>C:\cc7\ccsv7\tools\compiler\ti-cgt-arm_16.9.1.LTS\lib\</path>
         <kind>archive</kind>
         <file>rtsv7M4_T_le_v4SPD16_eabi.lib</file>
         <name>_lock.obj</name>
      </input_file>
      <input_file id="fl-e9">
         <path>C:\cc7\ccsv7\tools\compiler\ti-cgt-arm_16.9.1.LTS\lib\</path>
         <kind>archive</kind>
         <file>rtsv7M4_T_le_v4SPD16_eabi.lib</file>
         <name>args_main.obj</name>
      </input_file>
      <input_file id="fl-ea">
         <path>C:\cc7\ccsv7\tools\compiler\ti-cgt-arm_16.9.1.LTS\lib\</path>
         <kind>archive</kind>
         <file>rtsv7M4_T_le_v4SPD16_eabi.lib</file>
         <name>autoinit.obj</name>
      </input_file>
      <input_file id="fl-eb">
         <path>C:\cc7\ccsv7\tools\compiler\ti-cgt-arm_16.9.1.LTS\lib\</path>
         <kind>archive</kind>
         <file>rtsv7M4_T_le_v4SPD16_eabi.lib</file>
         <name>cpy_tbl.obj</name>
      </input_file>
      <input_file id="fl-ec">
         <path>C:\cc7\ccsv7\tools\compiler\ti-cgt-arm_16.9.1.LTS\lib\</path>
         <kind>archive</kind>
         <file>rtsv7M4_T_le_v4SPD16_eabi.lib</file>
         <name>startup.obj</name>
      </input_file>
   </input_file_list>
   <object_component_list>
      <object_component id="oc-2c">
         <name>.intvecs:retain</name>
         <load_address>0x0</load_address>
         <run_address>0x0</run_address>
         <size>0xe4</size>
         <input_file_ref idref="fl-2"/>
      </object_component>
      <object_component id="oc-146">
         <name>.text</name>
         <load_address>0xe4</load_address>
         <run_address>0xe4</run_address>
         <size>0xd7c</size>
         <input_file_ref idref="fl-b"/>
      </object_component>
      <object_component id="oc-152">
         <name>.text</name>
         <load_address>0xe60</load_address>
         <run_address>0xe60</run_address>
         <size>0x798</size>
         <input_file_ref idref="fl-1d"/>
      </object_component>
      <object_component id="oc-14c">
         <name>.text</name>
         <load_address>0x15f8</load_address>
         <run_address>0x15f8</run_address>
         <size>0x480</size>
         <input_file_ref idref="fl-f"/>
      </object_component>
      <object_component id="oc-c4">
         <name>.text</name>
         <load_address>0x1a78</load_address>
         <run_address>0x1a78</run_address>
         <size>0x41c</size>
         <input_file_ref idref="fl-1e"/>
      </object_component>
      <object_component id="oc-115">
         <name>.text</name>
         <load_address>0x1e94</load_address>
         <run_address>0x1e94</run_address>
         <size>0x3f0</size>
         <input_file_ref idref="fl-11"/>
      </object_component>
      <object_component id="oc-bd">
         <name>.text</name>
         <load_address>0x2284</load_address>
         <run_address>0x2284</run_address>
         <size>0x32c</size>
         <input_file_ref idref="fl-3"/>
      </object_component>
      <object_component id="oc-190">
         <name>.text</name>
         <load_address>0x25b0</load_address>
         <run_address>0x25b0</run_address>
         <size>0x244</size>
         <input_file_ref idref="fl-1a"/>
      </object_component>
      <object_component id="oc-f2">
         <name>.text</name>
         <load_address>0x27f4</load_address>
         <run_address>0x27f4</run_address>
         <size>0x234</size>
         <input_file_ref idref="fl-5"/>
      </object_component>
      <object_component id="oc-140">
         <name>.text</name>
         <load_address>0x2a28</load_address>
         <run_address>0x2a28</run_address>
         <size>0xd8</size>
         <input_file_ref idref="fl-1f"/>
      </object_component>
      <object_component id="oc-7b">
         <name>.text</name>
         <load_address>0x2b00</load_address>
         <run_address>0x2b00</run_address>
         <size>0xb0</size>
         <input_file_ref idref="fl-4"/>
      </object_component>
      <object_component id="oc-3b">
         <name>.text</name>
         <load_address>0x2bb0</load_address>
         <run_address>0x2bb0</run_address>
         <size>0x9c</size>
         <input_file_ref idref="fl-e3"/>
      </object_component>
      <object_component id="oc-aa">
         <name>.text</name>
         <load_address>0x2c4c</load_address>
         <run_address>0x2c4c</run_address>
         <size>0x98</size>
         <input_file_ref idref="fl-20"/>
      </object_component>
      <object_component id="oc-47">
         <name>.text</name>
         <load_address>0x2ce4</load_address>
         <run_address>0x2ce4</run_address>
         <size>0x7a</size>
         <input_file_ref idref="fl-e4"/>
      </object_component>
      <object_component id="oc-53">
         <name>.text</name>
         <load_address>0x2d5e</load_address>
         <run_address>0x2d5e</run_address>
         <size>0x2</size>
         <input_file_ref idref="fl-e5"/>
      </object_component>
      <object_component id="oc-5f">
         <name>.text</name>
         <load_address>0x2d60</load_address>
         <run_address>0x2d60</run_address>
         <size>0x70</size>
         <input_file_ref idref="fl-ea"/>
      </object_component>
      <object_component id="oc-14">
         <name>.text:decompress:lzss</name>
         <load_address>0x2dd0</load_address>
         <run_address>0x2dd0</run_address>
         <size>0x68</size>
         <input_file_ref idref="fl-df"/>
      </object_component>
      <object_component id="oc-26">
         <name>.text</name>
         <load_address>0x2e38</load_address>
         <run_address>0x2e38</run_address>
         <size>0x54</size>
         <input_file_ref idref="fl-de"/>
      </object_component>
      <object_component id="oc-6b">
         <name>.text</name>
         <load_address>0x2e8c</load_address>
         <run_address>0x2e8c</run_address>
         <size>0x54</size>
         <input_file_ref idref="fl-e2"/>
      </object_component>
      <object_component id="oc-9c">
         <name>.text</name>
         <load_address>0x2ee0</load_address>
         <run_address>0x2ee0</run_address>
         <size>0x4c</size>
         <input_file_ref idref="fl-eb"/>
      </object_component>
      <object_component id="oc-16b">
         <name>.text</name>
         <load_address>0x2f2c</load_address>
         <run_address>0x2f2c</run_address>
         <size>0x3e</size>
         <input_file_ref idref="fl-9"/>
      </object_component>
      <object_component id="oc-a2">
         <name>.text</name>
         <load_address>0x2f6a</load_address>
         <run_address>0x2f6a</run_address>
         <size>0x2</size>
         <input_file_ref idref="fl-ec"/>
      </object_component>
      <object_component id="oc-65">
         <name>.text</name>
         <load_address>0x2f6c</load_address>
         <run_address>0x2f6c</run_address>
         <size>0x18</size>
         <input_file_ref idref="fl-e9"/>
      </object_component>
      <object_component id="oc-105">
         <name>.text</name>
         <load_address>0x2f84</load_address>
         <run_address>0x2f84</run_address>
         <size>0x14</size>
         <input_file_ref idref="fl-e8"/>
      </object_component>
      <object_component id="oc-1a">
         <name>.text:decompress:none</name>
         <load_address>0x2f98</load_address>
         <run_address>0x2f98</run_address>
         <size>0xe</size>
         <input_file_ref idref="fl-e0"/>
      </object_component>
      <object_component id="oc-75">
         <name>.text</name>
         <load_address>0x2fa6</load_address>
         <run_address>0x2fa6</run_address>
         <size>0xe</size>
         <input_file_ref idref="fl-2"/>
      </object_component>
      <object_component id="oc-20">
         <name>.text:decompress:ZI</name>
         <load_address>0x2fb4</load_address>
         <run_address>0x2fb4</run_address>
         <size>0xc</size>
         <input_file_ref idref="fl-e1"/>
      </object_component>
      <object_component id="oc-59">
         <name>.text</name>
         <load_address>0x2fc0</load_address>
         <run_address>0x2fc0</run_address>
         <size>0x4</size>
         <input_file_ref idref="fl-e6"/>
      </object_component>
      <object_component id="oc-177">
         <name>.const:g_pulRegs</name>
         <load_address>0x2fc4</load_address>
         <run_address>0x2fc4</run_address>
         <size>0x50</size>
         <input_file_ref idref="fl-11"/>
      </object_component>
      <object_component id="oc-15b">
         <name>.const:uartConfig</name>
         <load_address>0x3014</load_address>
         <run_address>0x3014</run_address>
         <size>0x24</size>
         <input_file_ref idref="fl-5"/>
      </object_component>
      <object_component id="oc-174">
         <name>.const:g_pulPriority</name>
         <load_address>0x3038</load_address>
         <run_address>0x3038</run_address>
         <size>0x20</size>
         <input_file_ref idref="fl-11"/>
      </object_component>
      <object_component id="oc-1a0">
         <name>.const:GPIO_PORT_TO_INT</name>
         <load_address>0x3058</load_address>
         <run_address>0x3058</run_address>
         <size>0x1c</size>
         <input_file_ref idref="fl-f"/>
      </object_component>
      <object_component id="oc-158">
         <name>.const:timer_config</name>
         <load_address>0x3074</load_address>
         <run_address>0x3074</run_address>
         <size>0x18</size>
         <input_file_ref idref="fl-5"/>
      </object_component>
      <object_component id="oc-17d">
         <name>.const:g_pulDisRegs</name>
         <load_address>0x308c</load_address>
         <run_address>0x308c</run_address>
         <size>0x8</size>
         <input_file_ref idref="fl-11"/>
      </object_component>
      <object_component id="oc-17a">
         <name>.const:g_pulEnRegs</name>
         <load_address>0x3094</load_address>
         <run_address>0x3094</run_address>
         <size>0x8</size>
         <input_file_ref idref="fl-11"/>
      </object_component>
      <object_component id="oc-180">
         <name>.const:g_pulPendRegs</name>
         <load_address>0x309c</load_address>
         <run_address>0x309c</run_address>
         <size>0x8</size>
         <input_file_ref idref="fl-11"/>
      </object_component>
      <object_component id="oc-183">
         <name>.const:g_pulUnpendRegs</name>
         <load_address>0x30a4</load_address>
         <run_address>0x30a4</run_address>
         <size>0x8</size>
         <input_file_ref idref="fl-11"/>
      </object_component>
      <object_component id="oc-205">
         <name>.cinit..data.load</name>
         <load_address>0x30b0</load_address>
         <run_address>0x30b0</run_address>
         <size>0x42</size>
      </object_component>
      <object_component id="oc-202">
         <name>__TI_handler_table</name>
         <load_address>0x30f4</load_address>
         <run_address>0x30f4</run_address>
         <size>0xc</size>
      </object_component>
      <object_component id="oc-206">
         <name>.cinit..bss.load</name>
         <load_address>0x3100</load_address>
         <run_address>0x3100</run_address>
         <size>0x8</size>
      </object_component>
      <object_component id="oc-204">
         <name>.cinit..vtable.load</name>
         <load_address>0x3108</load_address>
         <run_address>0x3108</run_address>
         <size>0x8</size>
      </object_component>
      <object_component id="oc-203">
         <name>__TI_cinit_table</name>
         <load_address>0x3110</load_address>
         <run_address>0x3110</run_address>
         <size>0x18</size>
      </object_component>
      <object_component id="oc-1df">
         <name>.binit</name>
         <load_address>0x0</load_address>
         <run_address>0x0</run_address>
         <size>0x0</size>
      </object_component>
      <object_component id="oc-171">
         <name>.vtable</name>
         <uninitialized>true</uninitialized>
         <run_address>0x20000000</run_address>
         <size>0xe4</size>
         <input_file_ref idref="fl-11"/>
      </object_component>
      <object_component id="oc-111">
         <name>.data</name>
         <load_address>0x20000134</load_address>
         <run_address>0x20000134</run_address>
         <size>0x4</size>
         <input_file_ref idref="fl-3"/>
      </object_component>
      <object_component id="oc-cd">
         <name>.data</name>
         <load_address>0x2000012e</load_address>
         <run_address>0x2000012e</run_address>
         <size>0x1</size>
         <input_file_ref idref="fl-4"/>
      </object_component>
      <object_component id="oc-19d">
         <name>.data:GPIO_PORT_TO_BASE</name>
         <load_address>0x200000e4</load_address>
         <run_address>0x200000e4</run_address>
         <size>0x30</size>
         <input_file_ref idref="fl-f"/>
      </object_component>
      <object_component id="oc-f8">
         <name>.data</name>
         <load_address>0x20000128</load_address>
         <run_address>0x20000128</run_address>
         <size>0x6</size>
         <input_file_ref idref="fl-20"/>
      </object_component>
      <object_component id="oc-b2">
         <name>.data:$O1$$</name>
         <load_address>0x20000114</load_address>
         <run_address>0x20000114</run_address>
         <size>0xc</size>
         <input_file_ref idref="fl-e2"/>
      </object_component>
      <object_component id="oc-71">
         <name>.data</name>
         <load_address>0x20000130</load_address>
         <run_address>0x20000130</run_address>
         <size>0x4</size>
         <input_file_ref idref="fl-e7"/>
      </object_component>
      <object_component id="oc-b5">
         <name>.data:$O1$$</name>
         <load_address>0x20000120</load_address>
         <run_address>0x20000120</run_address>
         <size>0x8</size>
         <input_file_ref idref="fl-e8"/>
      </object_component>
      <object_component id="oc-d0">
         <name>.bss:priv_receive_buffer</name>
         <uninitialized>true</uninitialized>
         <run_address>0x20000138</run_address>
         <size>0x20</size>
         <input_file_ref idref="fl-4"/>
      </object_component>
      <object_component id="oc-ca">
         <name>.bss</name>
         <uninitialized>true</uninitialized>
         <run_address>0x20000160</run_address>
         <size>0x1</size>
         <input_file_ref idref="fl-4"/>
      </object_component>
      <object_component id="oc-198">
         <name>.bss</name>
         <uninitialized>true</uninitialized>
         <run_address>0x20000158</run_address>
         <size>0x8</size>
         <input_file_ref idref="fl-b"/>
      </object_component>
      <object_component id="oc-2f">
         <name>.stack</name>
         <uninitialized>true</uninitialized>
         <run_address>0x2000fe00</run_address>
         <size>0x0</size>
         <input_file_ref idref="fl-de"/>
      </object_component>
      <object_component id="oc-207">
         <name>.stack</name>
         <uninitialized>true</uninitialized>
         <run_address>0x2000fe00</run_address>
         <size>0x0</size>
      </object_component>
      <object_component id="oc-83">
         <name>.debug_info</name>
         <load_address>0x0</load_address>
         <run_address>0x0</run_address>
         <size>0x11a</size>
         <input_file_ref idref="fl-2"/>
      </object_component>
      <object_component id="oc-2d">
         <name>.debug_info</name>
         <load_address>0x11a</load_address>
         <run_address>0x11a</run_address>
         <size>0xf2</size>
         <input_file_ref idref="fl-2"/>
      </object_component>
      <object_component id="oc-76">
         <name>.debug_info</name>
         <load_address>0x20c</load_address>
         <run_address>0x20c</run_address>
         <size>0x1b9</size>
         <input_file_ref idref="fl-2"/>
      </object_component>
      <object_component id="oc-36">
         <name>.debug_info</name>
         <load_address>0x3c5</load_address>
         <run_address>0x3c5</run_address>
         <size>0x84</size>
         <input_file_ref idref="fl-2"/>
      </object_component>
      <object_component id="oc-d4">
         <name>.debug_info</name>
         <load_address>0x449</load_address>
         <run_address>0x449</run_address>
         <size>0x18b</size>
         <input_file_ref idref="fl-2"/>
      </object_component>
      <object_component id="oc-18f">
         <name>.debug_info</name>
         <load_address>0x5d4</load_address>
         <run_address>0x5d4</run_address>
         <size>0x388</size>
         <input_file_ref idref="fl-3"/>
      </object_component>
      <object_component id="oc-112">
         <name>.debug_info</name>
         <load_address>0x95c</load_address>
         <run_address>0x95c</run_address>
         <size>0xeb</size>
         <input_file_ref idref="fl-3"/>
      </object_component>
      <object_component id="oc-be">
         <name>.debug_info</name>
         <load_address>0xa47</load_address>
         <run_address>0xa47</run_address>
         <size>0x25d</size>
         <input_file_ref idref="fl-3"/>
      </object_component>
      <object_component id="oc-12a">
         <name>.debug_info</name>
         <load_address>0xca4</load_address>
         <run_address>0xca4</run_address>
         <size>0x37a3</size>
         <input_file_ref idref="fl-3"/>
      </object_component>
      <object_component id="oc-12f">
         <name>.debug_info</name>
         <load_address>0x4447</load_address>
         <run_address>0x4447</run_address>
         <size>0x103e</size>
         <input_file_ref idref="fl-3"/>
      </object_component>
      <object_component id="oc-de">
         <name>.debug_info</name>
         <load_address>0x5485</load_address>
         <run_address>0x5485</run_address>
         <size>0x4dd</size>
         <input_file_ref idref="fl-4"/>
      </object_component>
      <object_component id="oc-d1">
         <name>.debug_info</name>
         <load_address>0x5962</load_address>
         <run_address>0x5962</run_address>
         <size>0xe7</size>
         <input_file_ref idref="fl-4"/>
      </object_component>
      <object_component id="oc-cb">
         <name>.debug_info</name>
         <load_address>0x5a49</load_address>
         <run_address>0x5a49</run_address>
         <size>0xe1</size>
         <input_file_ref idref="fl-4"/>
      </object_component>
      <object_component id="oc-ce">
         <name>.debug_info</name>
         <load_address>0x5b2a</load_address>
         <run_address>0x5b2a</run_address>
         <size>0xe3</size>
         <input_file_ref idref="fl-4"/>
      </object_component>
      <object_component id="oc-7c">
         <name>.debug_info</name>
         <load_address>0x5c0d</load_address>
         <run_address>0x5c0d</run_address>
         <size>0x2b3</size>
         <input_file_ref idref="fl-4"/>
      </object_component>
      <object_component id="oc-d9">
         <name>.debug_info</name>
         <load_address>0x5ec0</load_address>
         <run_address>0x5ec0</run_address>
         <size>0x6f</size>
         <input_file_ref idref="fl-4"/>
      </object_component>
      <object_component id="oc-93">
         <name>.debug_info</name>
         <load_address>0x5f2f</load_address>
         <run_address>0x5f2f</run_address>
         <size>0x2c</size>
         <input_file_ref idref="fl-4"/>
      </object_component>
      <object_component id="oc-18a">
         <name>.debug_info</name>
         <load_address>0x5f5b</load_address>
         <run_address>0x5f5b</run_address>
         <size>0xee</size>
         <input_file_ref idref="fl-4"/>
      </object_component>
      <object_component id="oc-1a9">
         <name>.debug_info</name>
         <load_address>0x6049</load_address>
         <run_address>0x6049</run_address>
         <size>0x772</size>
         <input_file_ref idref="fl-5"/>
      </object_component>
      <object_component id="oc-159">
         <name>.debug_info</name>
         <load_address>0x67bb</load_address>
         <run_address>0x67bb</run_address>
         <size>0xdd</size>
         <input_file_ref idref="fl-5"/>
      </object_component>
      <object_component id="oc-15c">
         <name>.debug_info</name>
         <load_address>0x6898</load_address>
         <run_address>0x6898</run_address>
         <size>0xd9</size>
         <input_file_ref idref="fl-5"/>
      </object_component>
      <object_component id="oc-f3">
         <name>.debug_info</name>
         <load_address>0x6971</load_address>
         <run_address>0x6971</run_address>
         <size>0x974</size>
         <input_file_ref idref="fl-5"/>
      </object_component>
      <object_component id="oc-1c7">
         <name>.debug_info</name>
         <load_address>0x72e5</load_address>
         <run_address>0x72e5</run_address>
         <size>0x1b5</size>
         <input_file_ref idref="fl-5"/>
      </object_component>
      <object_component id="oc-1d4">
         <name>.debug_info</name>
         <load_address>0x749a</load_address>
         <run_address>0x749a</run_address>
         <size>0x341</size>
         <input_file_ref idref="fl-5"/>
      </object_component>
      <object_component id="oc-11c">
         <name>.debug_info</name>
         <load_address>0x77db</load_address>
         <run_address>0x77db</run_address>
         <size>0x8b</size>
         <input_file_ref idref="fl-5"/>
      </object_component>
      <object_component id="oc-161">
         <name>.debug_info</name>
         <load_address>0x7866</load_address>
         <run_address>0x7866</run_address>
         <size>0x2c</size>
         <input_file_ref idref="fl-5"/>
      </object_component>
      <object_component id="oc-16c">
         <name>.debug_info</name>
         <load_address>0x7892</load_address>
         <run_address>0x7892</run_address>
         <size>0x3e8</size>
         <input_file_ref idref="fl-9"/>
      </object_component>
      <object_component id="oc-19c">
         <name>.debug_info</name>
         <load_address>0x7c7a</load_address>
         <run_address>0x7c7a</run_address>
         <size>0x5d7</size>
         <input_file_ref idref="fl-b"/>
      </object_component>
      <object_component id="oc-199">
         <name>.debug_info</name>
         <load_address>0x8251</load_address>
         <run_address>0x8251</run_address>
         <size>0x104</size>
         <input_file_ref idref="fl-b"/>
      </object_component>
      <object_component id="oc-148">
         <name>.debug_info</name>
         <load_address>0x8355</load_address>
         <run_address>0x8355</run_address>
         <size>0x23b6</size>
         <input_file_ref idref="fl-b"/>
      </object_component>
      <object_component id="oc-1a4">
         <name>.debug_info</name>
         <load_address>0xa70b</load_address>
         <run_address>0xa70b</run_address>
         <size>0x4e0</size>
         <input_file_ref idref="fl-f"/>
      </object_component>
      <object_component id="oc-1a1">
         <name>.debug_info</name>
         <load_address>0xabeb</load_address>
         <run_address>0xabeb</run_address>
         <size>0xf6</size>
         <input_file_ref idref="fl-f"/>
      </object_component>
      <object_component id="oc-19e">
         <name>.debug_info</name>
         <load_address>0xace1</load_address>
         <run_address>0xace1</run_address>
         <size>0xf8</size>
         <input_file_ref idref="fl-f"/>
      </object_component>
      <object_component id="oc-14e">
         <name>.debug_info</name>
         <load_address>0xadd9</load_address>
         <run_address>0xadd9</run_address>
         <size>0x1a71</size>
         <input_file_ref idref="fl-f"/>
      </object_component>
      <object_component id="oc-187">
         <name>.debug_info</name>
         <load_address>0xc84a</load_address>
         <run_address>0xc84a</run_address>
         <size>0x46e</size>
         <input_file_ref idref="fl-11"/>
      </object_component>
      <object_component id="oc-175">
         <name>.debug_info</name>
         <load_address>0xccb8</load_address>
         <run_address>0xccb8</run_address>
         <size>0xf5</size>
         <input_file_ref idref="fl-11"/>
      </object_component>
      <object_component id="oc-178">
         <name>.debug_info</name>
         <load_address>0xcdad</load_address>
         <run_address>0xcdad</run_address>
         <size>0xed</size>
         <input_file_ref idref="fl-11"/>
      </object_component>
      <object_component id="oc-17b">
         <name>.debug_info</name>
         <load_address>0xce9a</load_address>
         <run_address>0xce9a</run_address>
         <size>0xf1</size>
         <input_file_ref idref="fl-11"/>
      </object_component>
      <object_component id="oc-17e">
         <name>.debug_info</name>
         <load_address>0xcf8b</load_address>
         <run_address>0xcf8b</run_address>
         <size>0xf3</size>
         <input_file_ref idref="fl-11"/>
      </object_component>
      <object_component id="oc-181">
         <name>.debug_info</name>
         <load_address>0xd07e</load_address>
         <run_address>0xd07e</run_address>
         <size>0xf5</size>
         <input_file_ref idref="fl-11"/>
      </object_component>
      <object_component id="oc-184">
         <name>.debug_info</name>
         <load_address>0xd173</load_address>
         <run_address>0xd173</run_address>
         <size>0xf9</size>
         <input_file_ref idref="fl-11"/>
      </object_component>
      <object_component id="oc-172">
         <name>.debug_info</name>
         <load_address>0xd26c</load_address>
         <run_address>0xd26c</run_address>
         <size>0xfa</size>
         <input_file_ref idref="fl-11"/>
      </object_component>
      <object_component id="oc-118">
         <name>.debug_info</name>
         <load_address>0xd366</load_address>
         <run_address>0xd366</run_address>
         <size>0x1215</size>
         <input_file_ref idref="fl-11"/>
      </object_component>
      <object_component id="oc-1c0">
         <name>.debug_info</name>
         <load_address>0xe57b</load_address>
         <run_address>0xe57b</run_address>
         <size>0x3a6</size>
         <input_file_ref idref="fl-1a"/>
      </object_component>
      <object_component id="oc-191">
         <name>.debug_info</name>
         <load_address>0xe921</load_address>
         <run_address>0xe921</run_address>
         <size>0xf08</size>
         <input_file_ref idref="fl-1a"/>
      </object_component>
      <object_component id="oc-1a6">
         <name>.debug_info</name>
         <load_address>0xf829</load_address>
         <run_address>0xf829</run_address>
         <size>0x504</size>
         <input_file_ref idref="fl-1d"/>
      </object_component>
      <object_component id="oc-154">
         <name>.debug_info</name>
         <load_address>0xfd2d</load_address>
         <run_address>0xfd2d</run_address>
         <size>0x254a</size>
         <input_file_ref idref="fl-1d"/>
      </object_component>
      <object_component id="oc-121">
         <name>.debug_info</name>
         <load_address>0x12277</load_address>
         <run_address>0x12277</run_address>
         <size>0x4ca</size>
         <input_file_ref idref="fl-1e"/>
      </object_component>
      <object_component id="oc-c5">
         <name>.debug_info</name>
         <load_address>0x12741</load_address>
         <run_address>0x12741</run_address>
         <size>0x1693</size>
         <input_file_ref idref="fl-1e"/>
      </object_component>
      <object_component id="oc-197">
         <name>.debug_info</name>
         <load_address>0x13dd4</load_address>
         <run_address>0x13dd4</run_address>
         <size>0x56e</size>
         <input_file_ref idref="fl-1f"/>
      </object_component>
      <object_component id="oc-141">
         <name>.debug_info</name>
         <load_address>0x14342</load_address>
         <run_address>0x14342</run_address>
         <size>0x8e2</size>
         <input_file_ref idref="fl-1f"/>
      </object_component>
      <object_component id="oc-f9">
         <name>.debug_info</name>
         <load_address>0x14c24</load_address>
         <run_address>0x14c24</run_address>
         <size>0x121</size>
         <input_file_ref idref="fl-20"/>
      </object_component>
      <object_component id="oc-ab">
         <name>.debug_info</name>
         <load_address>0x14d45</load_address>
         <run_address>0x14d45</run_address>
         <size>0x2c9</size>
         <input_file_ref idref="fl-20"/>
      </object_component>
      <object_component id="oc-27">
         <name>.debug_info</name>
         <load_address>0x1500e</load_address>
         <run_address>0x1500e</run_address>
         <size>0x160</size>
         <input_file_ref idref="fl-de"/>
      </object_component>
      <object_component id="oc-89">
         <name>.debug_info</name>
         <load_address>0x1516e</load_address>
         <run_address>0x1516e</run_address>
         <size>0xf9</size>
         <input_file_ref idref="fl-df"/>
      </object_component>
      <object_component id="oc-15">
         <name>.debug_info</name>
         <load_address>0x15267</load_address>
         <run_address>0x15267</run_address>
         <size>0x245</size>
         <input_file_ref idref="fl-df"/>
      </object_component>
      <object_component id="oc-31">
         <name>.debug_info</name>
         <load_address>0x154ac</load_address>
         <run_address>0x154ac</run_address>
         <size>0x60</size>
         <input_file_ref idref="fl-df"/>
      </object_component>
      <object_component id="oc-84">
         <name>.debug_info</name>
         <load_address>0x1550c</load_address>
         <run_address>0x1550c</run_address>
         <size>0x46</size>
         <input_file_ref idref="fl-df"/>
      </object_component>
      <object_component id="oc-46">
         <name>.debug_info</name>
         <load_address>0x15552</load_address>
         <run_address>0x15552</run_address>
         <size>0x140</size>
         <input_file_ref idref="fl-e0"/>
      </object_component>
      <object_component id="oc-1e">
         <name>.debug_info</name>
         <load_address>0x15692</load_address>
         <run_address>0x15692</run_address>
         <size>0x1df</size>
         <input_file_ref idref="fl-e0"/>
      </object_component>
      <object_component id="oc-41">
         <name>.debug_info</name>
         <load_address>0x15871</load_address>
         <run_address>0x15871</run_address>
         <size>0x46</size>
         <input_file_ref idref="fl-e0"/>
      </object_component>
      <object_component id="oc-8b">
         <name>.debug_info</name>
         <load_address>0x158b7</load_address>
         <run_address>0x158b7</run_address>
         <size>0x2c</size>
         <input_file_ref idref="fl-e0"/>
      </object_component>
      <object_component id="oc-52">
         <name>.debug_info</name>
         <load_address>0x158e3</load_address>
         <run_address>0x158e3</run_address>
         <size>0x12f</size>
         <input_file_ref idref="fl-e1"/>
      </object_component>
      <object_component id="oc-21">
         <name>.debug_info</name>
         <load_address>0x15a12</load_address>
         <run_address>0x15a12</run_address>
         <size>0x1aa</size>
         <input_file_ref idref="fl-e1"/>
      </object_component>
      <object_component id="oc-4d">
         <name>.debug_info</name>
         <load_address>0x15bbc</load_address>
         <run_address>0x15bbc</run_address>
         <size>0x46</size>
         <input_file_ref idref="fl-e1"/>
      </object_component>
      <object_component id="oc-b9">
         <name>.debug_info</name>
         <load_address>0x15c02</load_address>
         <run_address>0x15c02</run_address>
         <size>0x234</size>
         <input_file_ref idref="fl-e2"/>
      </object_component>
      <object_component id="oc-b3">
         <name>.debug_info</name>
         <load_address>0x15e36</load_address>
         <run_address>0x15e36</run_address>
         <size>0x185</size>
         <input_file_ref idref="fl-e2"/>
      </object_component>
      <object_component id="oc-6c">
         <name>.debug_info</name>
         <load_address>0x15fbb</load_address>
         <run_address>0x15fbb</run_address>
         <size>0x214</size>
         <input_file_ref idref="fl-e2"/>
      </object_component>
      <object_component id="oc-3c">
         <name>.debug_info</name>
         <load_address>0x161cf</load_address>
         <run_address>0x161cf</run_address>
         <size>0x111</size>
         <input_file_ref idref="fl-e3"/>
      </object_component>
      <object_component id="oc-4a">
         <name>.debug_info</name>
         <load_address>0x162e0</load_address>
         <run_address>0x162e0</run_address>
         <size>0x13f</size>
         <input_file_ref idref="fl-e4"/>
      </object_component>
      <object_component id="oc-54">
         <name>.debug_info</name>
         <load_address>0x1641f</load_address>
         <run_address>0x1641f</run_address>
         <size>0x138</size>
         <input_file_ref idref="fl-e5"/>
      </object_component>
      <object_component id="oc-5b">
         <name>.debug_info</name>
         <load_address>0x16557</load_address>
         <run_address>0x16557</run_address>
         <size>0x148</size>
         <input_file_ref idref="fl-e6"/>
      </object_component>
      <object_component id="oc-72">
         <name>.debug_info</name>
         <load_address>0x1669f</load_address>
         <run_address>0x1669f</run_address>
         <size>0x109</size>
         <input_file_ref idref="fl-e7"/>
      </object_component>
      <object_component id="oc-10d">
         <name>.debug_info</name>
         <load_address>0x167a8</load_address>
         <run_address>0x167a8</run_address>
         <size>0x124</size>
         <input_file_ref idref="fl-e8"/>
      </object_component>
      <object_component id="oc-b6">
         <name>.debug_info</name>
         <load_address>0x168cc</load_address>
         <run_address>0x168cc</run_address>
         <size>0x113</size>
         <input_file_ref idref="fl-e8"/>
      </object_component>
      <object_component id="oc-106">
         <name>.debug_info</name>
         <load_address>0x169df</load_address>
         <run_address>0x169df</run_address>
         <size>0x21f</size>
         <input_file_ref idref="fl-e8"/>
      </object_component>
      <object_component id="oc-b1">
         <name>.debug_info</name>
         <load_address>0x16bfe</load_address>
         <run_address>0x16bfe</run_address>
         <size>0x166</size>
         <input_file_ref idref="fl-e9"/>
      </object_component>
      <object_component id="oc-68">
         <name>.debug_info</name>
         <load_address>0x16d64</load_address>
         <run_address>0x16d64</run_address>
         <size>0x167</size>
         <input_file_ref idref="fl-e9"/>
      </object_component>
      <object_component id="oc-fe">
         <name>.debug_info</name>
         <load_address>0x16ecb</load_address>
         <run_address>0x16ecb</run_address>
         <size>0x5e</size>
         <input_file_ref idref="fl-e9"/>
      </object_component>
      <object_component id="oc-a9">
         <name>.debug_info</name>
         <load_address>0x16f29</load_address>
         <run_address>0x16f29</run_address>
         <size>0x2e9</size>
         <input_file_ref idref="fl-ea"/>
      </object_component>
      <object_component id="oc-60">
         <name>.debug_info</name>
         <load_address>0x17212</load_address>
         <run_address>0x17212</run_address>
         <size>0x190</size>
         <input_file_ref idref="fl-ea"/>
      </object_component>
      <object_component id="oc-e8">
         <name>.debug_info</name>
         <load_address>0x173a2</load_address>
         <run_address>0x173a2</run_address>
         <size>0x39</size>
         <input_file_ref idref="fl-ea"/>
      </object_component>
      <object_component id="oc-13b">
         <name>.debug_info</name>
         <load_address>0x173db</load_address>
         <run_address>0x173db</run_address>
         <size>0x39</size>
         <input_file_ref idref="fl-ea"/>
      </object_component>
      <object_component id="oc-ed">
         <name>.debug_info</name>
         <load_address>0x17414</load_address>
         <run_address>0x17414</run_address>
         <size>0xcd</size>
         <input_file_ref idref="fl-ea"/>
      </object_component>
      <object_component id="oc-e4">
         <name>.debug_info</name>
         <load_address>0x174e1</load_address>
         <run_address>0x174e1</run_address>
         <size>0x1e0</size>
         <input_file_ref idref="fl-eb"/>
      </object_component>
      <object_component id="oc-a0">
         <name>.debug_info</name>
         <load_address>0x176c1</load_address>
         <run_address>0x176c1</run_address>
         <size>0x183</size>
         <input_file_ref idref="fl-eb"/>
      </object_component>
      <object_component id="oc-136">
         <name>.debug_info</name>
         <load_address>0x17844</load_address>
         <run_address>0x17844</run_address>
         <size>0x2c</size>
         <input_file_ref idref="fl-eb"/>
      </object_component>
      <object_component id="oc-a3">
         <name>.debug_info</name>
         <load_address>0x17870</load_address>
         <run_address>0x17870</run_address>
         <size>0x145</size>
         <input_file_ref idref="fl-ec"/>
      </object_component>
      <object_component id="oc-208">
         <name>.debug_info</name>
         <load_address>0x179b5</load_address>
         <run_address>0x179b5</run_address>
         <size>0xa1</size>
      </object_component>
      <object_component id="oc-e0">
         <name>.debug_line</name>
         <load_address>0x0</load_address>
         <run_address>0x0</run_address>
         <size>0x40</size>
         <input_file_ref idref="fl-2"/>
      </object_component>
      <object_component id="oc-82">
         <name>.debug_line</name>
         <load_address>0x40</load_address>
         <run_address>0x40</run_address>
         <size>0x40</size>
         <input_file_ref idref="fl-2"/>
      </object_component>
      <object_component id="oc-79">
         <name>.debug_line</name>
         <load_address>0x80</load_address>
         <run_address>0x80</run_address>
         <size>0x71</size>
         <input_file_ref idref="fl-2"/>
      </object_component>
      <object_component id="oc-39">
         <name>.debug_line</name>
         <load_address>0xf1</load_address>
         <run_address>0xf1</run_address>
         <size>0x20</size>
         <input_file_ref idref="fl-2"/>
      </object_component>
      <object_component id="oc-d7">
         <name>.debug_line</name>
         <load_address>0x111</load_address>
         <run_address>0x111</run_address>
         <size>0x66</size>
         <input_file_ref idref="fl-2"/>
      </object_component>
      <object_component id="oc-1be">
         <name>.debug_line</name>
         <load_address>0x177</load_address>
         <run_address>0x177</run_address>
         <size>0x20</size>
         <input_file_ref idref="fl-3"/>
      </object_component>
      <object_component id="oc-16a">
         <name>.debug_line</name>
         <load_address>0x197</load_address>
         <run_address>0x197</run_address>
         <size>0x3b</size>
         <input_file_ref idref="fl-3"/>
      </object_component>
      <object_component id="oc-c1">
         <name>.debug_line</name>
         <load_address>0x1d2</load_address>
         <run_address>0x1d2</run_address>
         <size>0x146</size>
         <input_file_ref idref="fl-3"/>
      </object_component>
      <object_component id="oc-12d">
         <name>.debug_line</name>
         <load_address>0x318</load_address>
         <run_address>0x318</run_address>
         <size>0x53</size>
         <input_file_ref idref="fl-3"/>
      </object_component>
      <object_component id="oc-132">
         <name>.debug_line</name>
         <load_address>0x36b</load_address>
         <run_address>0x36b</run_address>
         <size>0x56</size>
         <input_file_ref idref="fl-3"/>
      </object_component>
      <object_component id="oc-129">
         <name>.debug_line</name>
         <load_address>0x3c1</load_address>
         <run_address>0x3c1</run_address>
         <size>0xb5</size>
         <input_file_ref idref="fl-4"/>
      </object_component>
      <object_component id="oc-127">
         <name>.debug_line</name>
         <load_address>0x476</load_address>
         <run_address>0x476</run_address>
         <size>0x30</size>
         <input_file_ref idref="fl-4"/>
      </object_component>
      <object_component id="oc-123">
         <name>.debug_line</name>
         <load_address>0x4a6</load_address>
         <run_address>0x4a6</run_address>
         <size>0x30</size>
         <input_file_ref idref="fl-4"/>
      </object_component>
      <object_component id="oc-125">
         <name>.debug_line</name>
         <load_address>0x4d6</load_address>
         <run_address>0x4d6</run_address>
         <size>0x30</size>
         <input_file_ref idref="fl-4"/>
      </object_component>
      <object_component id="oc-80">
         <name>.debug_line</name>
         <load_address>0x506</load_address>
         <run_address>0x506</run_address>
         <size>0x97</size>
         <input_file_ref idref="fl-4"/>
      </object_component>
      <object_component id="oc-dc">
         <name>.debug_line</name>
         <load_address>0x59d</load_address>
         <run_address>0x59d</run_address>
         <size>0x34</size>
         <input_file_ref idref="fl-4"/>
      </object_component>
      <object_component id="oc-96">
         <name>.debug_line</name>
         <load_address>0x5d1</load_address>
         <run_address>0x5d1</run_address>
         <size>0x66</size>
         <input_file_ref idref="fl-4"/>
      </object_component>
      <object_component id="oc-18d">
         <name>.debug_line</name>
         <load_address>0x637</load_address>
         <run_address>0x637</run_address>
         <size>0x6f</size>
         <input_file_ref idref="fl-4"/>
      </object_component>
      <object_component id="oc-1da">
         <name>.debug_line</name>
         <load_address>0x6a6</load_address>
         <run_address>0x6a6</run_address>
         <size>0x1c6</size>
         <input_file_ref idref="fl-5"/>
      </object_component>
      <object_component id="oc-1a8">
         <name>.debug_line</name>
         <load_address>0x86c</load_address>
         <run_address>0x86c</run_address>
         <size>0x34</size>
         <input_file_ref idref="fl-5"/>
      </object_component>
      <object_component id="oc-1ab">
         <name>.debug_line</name>
         <load_address>0x8a0</load_address>
         <run_address>0x8a0</run_address>
         <size>0x34</size>
         <input_file_ref idref="fl-5"/>
      </object_component>
      <object_component id="oc-f6">
         <name>.debug_line</name>
         <load_address>0x8d4</load_address>
         <run_address>0x8d4</run_address>
         <size>0x1de</size>
         <input_file_ref idref="fl-5"/>
      </object_component>
      <object_component id="oc-1ca">
         <name>.debug_line</name>
         <load_address>0xab2</load_address>
         <run_address>0xab2</run_address>
         <size>0x71</size>
         <input_file_ref idref="fl-5"/>
      </object_component>
      <object_component id="oc-1d7">
         <name>.debug_line</name>
         <load_address>0xb23</load_address>
         <run_address>0xb23</run_address>
         <size>0x72</size>
         <input_file_ref idref="fl-5"/>
      </object_component>
      <object_component id="oc-11f">
         <name>.debug_line</name>
         <load_address>0xb95</load_address>
         <run_address>0xb95</run_address>
         <size>0x20</size>
         <input_file_ref idref="fl-5"/>
      </object_component>
      <object_component id="oc-164">
         <name>.debug_line</name>
         <load_address>0xbb5</load_address>
         <run_address>0xbb5</run_address>
         <size>0x34</size>
         <input_file_ref idref="fl-5"/>
      </object_component>
      <object_component id="oc-16f">
         <name>.debug_line</name>
         <load_address>0xbe9</load_address>
         <run_address>0xbe9</run_address>
         <size>0xe7</size>
         <input_file_ref idref="fl-9"/>
      </object_component>
      <object_component id="oc-1c6">
         <name>.debug_line</name>
         <load_address>0xcd0</load_address>
         <run_address>0xcd0</run_address>
         <size>0xc5</size>
         <input_file_ref idref="fl-b"/>
      </object_component>
      <object_component id="oc-1c4">
         <name>.debug_line</name>
         <load_address>0xd95</load_address>
         <run_address>0xd95</run_address>
         <size>0x43</size>
         <input_file_ref idref="fl-b"/>
      </object_component>
      <object_component id="oc-14b">
         <name>.debug_line</name>
         <load_address>0xdd8</load_address>
         <run_address>0xdd8</run_address>
         <size>0x891</size>
         <input_file_ref idref="fl-b"/>
      </object_component>
      <object_component id="oc-1d1">
         <name>.debug_line</name>
         <load_address>0x1669</load_address>
         <run_address>0x1669</run_address>
         <size>0x74</size>
         <input_file_ref idref="fl-f"/>
      </object_component>
      <object_component id="oc-1cf">
         <name>.debug_line</name>
         <load_address>0x16dd</load_address>
         <run_address>0x16dd</run_address>
         <size>0x45</size>
         <input_file_ref idref="fl-f"/>
      </object_component>
      <object_component id="oc-1cd">
         <name>.debug_line</name>
         <load_address>0x1722</load_address>
         <run_address>0x1722</run_address>
         <size>0x45</size>
         <input_file_ref idref="fl-f"/>
      </object_component>
      <object_component id="oc-14d">
         <name>.debug_line</name>
         <load_address>0x1767</load_address>
         <run_address>0x1767</run_address>
         <size>0x2d4</size>
         <input_file_ref idref="fl-f"/>
      </object_component>
      <object_component id="oc-1bc">
         <name>.debug_line</name>
         <load_address>0x1a3b</load_address>
         <run_address>0x1a3b</run_address>
         <size>0x6e</size>
         <input_file_ref idref="fl-11"/>
      </object_component>
      <object_component id="oc-1b0">
         <name>.debug_line</name>
         <load_address>0x1aa9</load_address>
         <run_address>0x1aa9</run_address>
         <size>0x4a</size>
         <input_file_ref idref="fl-11"/>
      </object_component>
      <object_component id="oc-1b2">
         <name>.debug_line</name>
         <load_address>0x1af3</load_address>
         <run_address>0x1af3</run_address>
         <size>0x4a</size>
         <input_file_ref idref="fl-11"/>
      </object_component>
      <object_component id="oc-1b4">
         <name>.debug_line</name>
         <load_address>0x1b3d</load_address>
         <run_address>0x1b3d</run_address>
         <size>0x4a</size>
         <input_file_ref idref="fl-11"/>
      </object_component>
      <object_component id="oc-1b6">
         <name>.debug_line</name>
         <load_address>0x1b87</load_address>
         <run_address>0x1b87</run_address>
         <size>0x4a</size>
         <input_file_ref idref="fl-11"/>
      </object_component>
      <object_component id="oc-1b8">
         <name>.debug_line</name>
         <load_address>0x1bd1</load_address>
         <run_address>0x1bd1</run_address>
         <size>0x4a</size>
         <input_file_ref idref="fl-11"/>
      </object_component>
      <object_component id="oc-1ba">
         <name>.debug_line</name>
         <load_address>0x1c1b</load_address>
         <run_address>0x1c1b</run_address>
         <size>0x4a</size>
         <input_file_ref idref="fl-11"/>
      </object_component>
      <object_component id="oc-1ae">
         <name>.debug_line</name>
         <load_address>0x1c65</load_address>
         <run_address>0x1c65</run_address>
         <size>0x4a</size>
         <input_file_ref idref="fl-11"/>
      </object_component>
      <object_component id="oc-116">
         <name>.debug_line</name>
         <load_address>0x1caf</load_address>
         <run_address>0x1caf</run_address>
         <size>0x34c</size>
         <input_file_ref idref="fl-11"/>
      </object_component>
      <object_component id="oc-1dc">
         <name>.debug_line</name>
         <load_address>0x1ffb</load_address>
         <run_address>0x1ffb</run_address>
         <size>0x20</size>
         <input_file_ref idref="fl-1a"/>
      </object_component>
      <object_component id="oc-195">
         <name>.debug_line</name>
         <load_address>0x201b</load_address>
         <run_address>0x201b</run_address>
         <size>0x28b</size>
         <input_file_ref idref="fl-1a"/>
      </object_component>
      <object_component id="oc-1d3">
         <name>.debug_line</name>
         <load_address>0x22a6</load_address>
         <run_address>0x22a6</run_address>
         <size>0x74</size>
         <input_file_ref idref="fl-1d"/>
      </object_component>
      <object_component id="oc-153">
         <name>.debug_line</name>
         <load_address>0x231a</load_address>
         <run_address>0x231a</run_address>
         <size>0x504</size>
         <input_file_ref idref="fl-1d"/>
      </object_component>
      <object_component id="oc-189">
         <name>.debug_line</name>
         <load_address>0x281e</load_address>
         <run_address>0x281e</run_address>
         <size>0x74</size>
         <input_file_ref idref="fl-1e"/>
      </object_component>
      <object_component id="oc-c8">
         <name>.debug_line</name>
         <load_address>0x2892</load_address>
         <run_address>0x2892</run_address>
         <size>0x2f3</size>
         <input_file_ref idref="fl-1e"/>
      </object_component>
      <object_component id="oc-1c2">
         <name>.debug_line</name>
         <load_address>0x2b85</load_address>
         <run_address>0x2b85</run_address>
         <size>0xc5</size>
         <input_file_ref idref="fl-1f"/>
      </object_component>
      <object_component id="oc-144">
         <name>.debug_line</name>
         <load_address>0x2c4a</load_address>
         <run_address>0x2c4a</run_address>
         <size>0x13e</size>
         <input_file_ref idref="fl-1f"/>
      </object_component>
      <object_component id="oc-160">
         <name>.debug_line</name>
         <load_address>0x2d88</load_address>
         <run_address>0x2d88</run_address>
         <size>0x33</size>
         <input_file_ref idref="fl-20"/>
      </object_component>
      <object_component id="oc-ae">
         <name>.debug_line</name>
         <load_address>0x2dbb</load_address>
         <run_address>0x2dbb</run_address>
         <size>0xa5</size>
         <input_file_ref idref="fl-20"/>
      </object_component>
      <object_component id="oc-2a">
         <name>.debug_line</name>
         <load_address>0x2e60</load_address>
         <run_address>0x2e60</run_address>
         <size>0x53</size>
         <input_file_ref idref="fl-de"/>
      </object_component>
      <object_component id="oc-e2">
         <name>.debug_line</name>
         <load_address>0x2eb3</load_address>
         <run_address>0x2eb3</run_address>
         <size>0x20</size>
         <input_file_ref idref="fl-df"/>
      </object_component>
      <object_component id="oc-18">
         <name>.debug_line</name>
         <load_address>0x2ed3</load_address>
         <run_address>0x2ed3</run_address>
         <size>0xa9</size>
         <input_file_ref idref="fl-df"/>
      </object_component>
      <object_component id="oc-34">
         <name>.debug_line</name>
         <load_address>0x2f7c</load_address>
         <run_address>0x2f7c</run_address>
         <size>0x3a</size>
         <input_file_ref idref="fl-df"/>
      </object_component>
      <object_component id="oc-87">
         <name>.debug_line</name>
         <load_address>0x2fb6</load_address>
         <run_address>0x2fb6</run_address>
         <size>0x8a</size>
         <input_file_ref idref="fl-df"/>
      </object_component>
      <object_component id="oc-91">
         <name>.debug_line</name>
         <load_address>0x3040</load_address>
         <run_address>0x3040</run_address>
         <size>0x8a</size>
         <input_file_ref idref="fl-e0"/>
      </object_component>
      <object_component id="oc-1d">
         <name>.debug_line</name>
         <load_address>0x30ca</load_address>
         <run_address>0x30ca</run_address>
         <size>0x55</size>
         <input_file_ref idref="fl-e0"/>
      </object_component>
      <object_component id="oc-44">
         <name>.debug_line</name>
         <load_address>0x311f</load_address>
         <run_address>0x311f</run_address>
         <size>0x3a</size>
         <input_file_ref idref="fl-e0"/>
      </object_component>
      <object_component id="oc-8e">
         <name>.debug_line</name>
         <load_address>0x3159</load_address>
         <run_address>0x3159</run_address>
         <size>0x8a</size>
         <input_file_ref idref="fl-e0"/>
      </object_component>
      <object_component id="oc-99">
         <name>.debug_line</name>
         <load_address>0x31e3</load_address>
         <run_address>0x31e3</run_address>
         <size>0x8a</size>
         <input_file_ref idref="fl-e1"/>
      </object_component>
      <object_component id="oc-24">
         <name>.debug_line</name>
         <load_address>0x326d</load_address>
         <run_address>0x326d</run_address>
         <size>0x4f</size>
         <input_file_ref idref="fl-e1"/>
      </object_component>
      <object_component id="oc-50">
         <name>.debug_line</name>
         <load_address>0x32bc</load_address>
         <run_address>0x32bc</run_address>
         <size>0x34</size>
         <input_file_ref idref="fl-e1"/>
      </object_component>
      <object_component id="oc-110">
         <name>.debug_line</name>
         <load_address>0x32f0</load_address>
         <run_address>0x32f0</run_address>
         <size>0xf2</size>
         <input_file_ref idref="fl-e2"/>
      </object_component>
      <object_component id="oc-104">
         <name>.debug_line</name>
         <load_address>0x33e2</load_address>
         <run_address>0x33e2</run_address>
         <size>0x2a</size>
         <input_file_ref idref="fl-e2"/>
      </object_component>
      <object_component id="oc-6f">
         <name>.debug_line</name>
         <load_address>0x340c</load_address>
         <run_address>0x340c</run_address>
         <size>0x86</size>
         <input_file_ref idref="fl-e2"/>
      </object_component>
      <object_component id="oc-3f">
         <name>.debug_line</name>
         <load_address>0x3492</load_address>
         <run_address>0x3492</run_address>
         <size>0x88</size>
         <input_file_ref idref="fl-e3"/>
      </object_component>
      <object_component id="oc-49">
         <name>.debug_line</name>
         <load_address>0x351a</load_address>
         <run_address>0x351a</run_address>
         <size>0x79</size>
         <input_file_ref idref="fl-e4"/>
      </object_component>
      <object_component id="oc-57">
         <name>.debug_line</name>
         <load_address>0x3593</load_address>
         <run_address>0x3593</run_address>
         <size>0x3d</size>
         <input_file_ref idref="fl-e5"/>
      </object_component>
      <object_component id="oc-5a">
         <name>.debug_line</name>
         <load_address>0x35d0</load_address>
         <run_address>0x35d0</run_address>
         <size>0x40</size>
         <input_file_ref idref="fl-e6"/>
      </object_component>
      <object_component id="oc-bc">
         <name>.debug_line</name>
         <load_address>0x3610</load_address>
         <run_address>0x3610</run_address>
         <size>0x33</size>
         <input_file_ref idref="fl-e7"/>
      </object_component>
      <object_component id="oc-168">
         <name>.debug_line</name>
         <load_address>0x3643</load_address>
         <run_address>0x3643</run_address>
         <size>0x20</size>
         <input_file_ref idref="fl-e8"/>
      </object_component>
      <object_component id="oc-10c">
         <name>.debug_line</name>
         <load_address>0x3663</load_address>
         <run_address>0x3663</run_address>
         <size>0x2b</size>
         <input_file_ref idref="fl-e8"/>
      </object_component>
      <object_component id="oc-109">
         <name>.debug_line</name>
         <load_address>0x368e</load_address>
         <run_address>0x368e</run_address>
         <size>0x68</size>
         <input_file_ref idref="fl-e8"/>
      </object_component>
      <object_component id="oc-fd">
         <name>.debug_line</name>
         <load_address>0x36f6</load_address>
         <run_address>0x36f6</run_address>
         <size>0x2b</size>
         <input_file_ref idref="fl-e9"/>
      </object_component>
      <object_component id="oc-6a">
         <name>.debug_line</name>
         <load_address>0x3721</load_address>
         <run_address>0x3721</run_address>
         <size>0x4a</size>
         <input_file_ref idref="fl-e9"/>
      </object_component>
      <object_component id="oc-101">
         <name>.debug_line</name>
         <load_address>0x376b</load_address>
         <run_address>0x376b</run_address>
         <size>0x2b</size>
         <input_file_ref idref="fl-e9"/>
      </object_component>
      <object_component id="oc-e7">
         <name>.debug_line</name>
         <load_address>0x3796</load_address>
         <run_address>0x3796</run_address>
         <size>0xa9</size>
         <input_file_ref idref="fl-ea"/>
      </object_component>
      <object_component id="oc-63">
         <name>.debug_line</name>
         <load_address>0x383f</load_address>
         <run_address>0x383f</run_address>
         <size>0x8b</size>
         <input_file_ref idref="fl-ea"/>
      </object_component>
      <object_component id="oc-eb">
         <name>.debug_line</name>
         <load_address>0x38ca</load_address>
         <run_address>0x38ca</run_address>
         <size>0x2e</size>
         <input_file_ref idref="fl-ea"/>
      </object_component>
      <object_component id="oc-13e">
         <name>.debug_line</name>
         <load_address>0x38f8</load_address>
         <run_address>0x38f8</run_address>
         <size>0x8a</size>
         <input_file_ref idref="fl-ea"/>
      </object_component>
      <object_component id="oc-f0">
         <name>.debug_line</name>
         <load_address>0x3982</load_address>
         <run_address>0x3982</run_address>
         <size>0x8b</size>
         <input_file_ref idref="fl-ea"/>
      </object_component>
      <object_component id="oc-135">
         <name>.debug_line</name>
         <load_address>0x3a0d</load_address>
         <run_address>0x3a0d</run_address>
         <size>0x98</size>
         <input_file_ref idref="fl-eb"/>
      </object_component>
      <object_component id="oc-9f">
         <name>.debug_line</name>
         <load_address>0x3aa5</load_address>
         <run_address>0x3aa5</run_address>
         <size>0x68</size>
         <input_file_ref idref="fl-eb"/>
      </object_component>
      <object_component id="oc-139">
         <name>.debug_line</name>
         <load_address>0x3b0d</load_address>
         <run_address>0x3b0d</run_address>
         <size>0x2e</size>
         <input_file_ref idref="fl-eb"/>
      </object_component>
      <object_component id="oc-a7">
         <name>.debug_line</name>
         <load_address>0x3b3b</load_address>
         <run_address>0x3b3b</run_address>
         <size>0x3c</size>
         <input_file_ref idref="fl-ec"/>
      </object_component>
      <object_component id="oc-7a">
         <name>.debug_frame</name>
         <load_address>0x0</load_address>
         <run_address>0x0</run_address>
         <size>0x69</size>
         <input_file_ref idref="fl-2"/>
      </object_component>
      <object_component id="oc-c2">
         <name>.debug_frame</name>
         <load_address>0x69</load_address>
         <run_address>0x69</run_address>
         <size>0x6a</size>
         <input_file_ref idref="fl-3"/>
      </object_component>
      <object_component id="oc-7f">
         <name>.debug_frame</name>
         <load_address>0xd3</load_address>
         <run_address>0xd3</run_address>
         <size>0x90</size>
         <input_file_ref idref="fl-4"/>
      </object_component>
      <object_component id="oc-f7">
         <name>.debug_frame</name>
         <load_address>0x163</load_address>
         <run_address>0x163</run_address>
         <size>0x178</size>
         <input_file_ref idref="fl-5"/>
      </object_component>
      <object_component id="oc-170">
         <name>.debug_frame</name>
         <load_address>0x2db</load_address>
         <run_address>0x2db</run_address>
         <size>0xac</size>
         <input_file_ref idref="fl-9"/>
      </object_component>
      <object_component id="oc-147">
         <name>.debug_frame</name>
         <load_address>0x387</load_address>
         <run_address>0x387</run_address>
         <size>0x3b1</size>
         <input_file_ref idref="fl-b"/>
      </object_component>
      <object_component id="oc-151">
         <name>.debug_frame</name>
         <load_address>0x738</load_address>
         <run_address>0x738</run_address>
         <size>0x21b</size>
         <input_file_ref idref="fl-f"/>
      </object_component>
      <object_component id="oc-117">
         <name>.debug_frame</name>
         <load_address>0x953</load_address>
         <run_address>0x953</run_address>
         <size>0x1f8</size>
         <input_file_ref idref="fl-11"/>
      </object_component>
      <object_component id="oc-194">
         <name>.debug_frame</name>
         <load_address>0xb4b</load_address>
         <run_address>0xb4b</run_address>
         <size>0x1ba</size>
         <input_file_ref idref="fl-1a"/>
      </object_component>
      <object_component id="oc-157">
         <name>.debug_frame</name>
         <load_address>0xd05</load_address>
         <run_address>0xd05</run_address>
         <size>0x305</size>
         <input_file_ref idref="fl-1d"/>
      </object_component>
      <object_component id="oc-c9">
         <name>.debug_frame</name>
         <load_address>0x100a</load_address>
         <run_address>0x100a</run_address>
         <size>0x218</size>
         <input_file_ref idref="fl-1e"/>
      </object_component>
      <object_component id="oc-145">
         <name>.debug_frame</name>
         <load_address>0x1222</load_address>
         <run_address>0x1222</run_address>
         <size>0x113</size>
         <input_file_ref idref="fl-1f"/>
      </object_component>
      <object_component id="oc-af">
         <name>.debug_frame</name>
         <load_address>0x1335</load_address>
         <run_address>0x1335</run_address>
         <size>0x88</size>
         <input_file_ref idref="fl-20"/>
      </object_component>
      <object_component id="oc-19">
         <name>.debug_frame</name>
         <load_address>0x13bd</load_address>
         <run_address>0x13bd</run_address>
         <size>0x60</size>
         <input_file_ref idref="fl-df"/>
      </object_component>
      <object_component id="oc-1c">
         <name>.debug_frame</name>
         <load_address>0x141d</load_address>
         <run_address>0x141d</run_address>
         <size>0x51</size>
         <input_file_ref idref="fl-e0"/>
      </object_component>
      <object_component id="oc-25">
         <name>.debug_frame</name>
         <load_address>0x146e</load_address>
         <run_address>0x146e</run_address>
         <size>0x51</size>
         <input_file_ref idref="fl-e1"/>
      </object_component>
      <object_component id="oc-70">
         <name>.debug_frame</name>
         <load_address>0x14bf</load_address>
         <run_address>0x14bf</run_address>
         <size>0x85</size>
         <input_file_ref idref="fl-e2"/>
      </object_component>
      <object_component id="oc-58">
         <name>.debug_frame</name>
         <load_address>0x1544</load_address>
         <run_address>0x1544</run_address>
         <size>0x51</size>
         <input_file_ref idref="fl-e5"/>
      </object_component>
      <object_component id="oc-5e">
         <name>.debug_frame</name>
         <load_address>0x1595</load_address>
         <run_address>0x1595</run_address>
         <size>0x51</size>
         <input_file_ref idref="fl-e6"/>
      </object_component>
      <object_component id="oc-10a">
         <name>.debug_frame</name>
         <load_address>0x15e6</load_address>
         <run_address>0x15e6</run_address>
         <size>0x73</size>
         <input_file_ref idref="fl-e8"/>
      </object_component>
      <object_component id="oc-66">
         <name>.debug_frame</name>
         <load_address>0x1659</load_address>
         <run_address>0x1659</run_address>
         <size>0x51</size>
         <input_file_ref idref="fl-e9"/>
      </object_component>
      <object_component id="oc-64">
         <name>.debug_frame</name>
         <load_address>0x16aa</load_address>
         <run_address>0x16aa</run_address>
         <size>0x5c</size>
         <input_file_ref idref="fl-ea"/>
      </object_component>
      <object_component id="oc-9d">
         <name>.debug_frame</name>
         <load_address>0x1706</load_address>
         <run_address>0x1706</run_address>
         <size>0x60</size>
         <input_file_ref idref="fl-eb"/>
      </object_component>
      <object_component id="oc-a6">
         <name>.debug_frame</name>
         <load_address>0x1766</load_address>
         <run_address>0x1766</run_address>
         <size>0x51</size>
         <input_file_ref idref="fl-ec"/>
      </object_component>
      <object_component id="oc-df">
         <name>.debug_abbrev</name>
         <load_address>0x0</load_address>
         <run_address>0x0</run_address>
         <size>0x68</size>
         <input_file_ref idref="fl-2"/>
      </object_component>
      <object_component id="oc-81">
         <name>.debug_abbrev</name>
         <load_address>0x68</load_address>
         <run_address>0x68</run_address>
         <size>0x29</size>
         <input_file_ref idref="fl-2"/>
      </object_component>
      <object_component id="oc-c3">
         <name>.debug_abbrev</name>
         <load_address>0x91</load_address>
         <run_address>0x91</run_address>
         <size>0x89</size>
         <input_file_ref idref="fl-2"/>
      </object_component>
      <object_component id="oc-38">
         <name>.debug_abbrev</name>
         <load_address>0x11a</load_address>
         <run_address>0x11a</run_address>
         <size>0x1f</size>
         <input_file_ref idref="fl-2"/>
      </object_component>
      <object_component id="oc-d6">
         <name>.debug_abbrev</name>
         <load_address>0x139</load_address>
         <run_address>0x139</run_address>
         <size>0x35</size>
         <input_file_ref idref="fl-2"/>
      </object_component>
      <object_component id="oc-1bd">
         <name>.debug_abbrev</name>
         <load_address>0x16e</load_address>
         <run_address>0x16e</run_address>
         <size>0x5d</size>
         <input_file_ref idref="fl-3"/>
      </object_component>
      <object_component id="oc-169">
         <name>.debug_abbrev</name>
         <load_address>0x1cb</load_address>
         <run_address>0x1cb</run_address>
         <size>0x29</size>
         <input_file_ref idref="fl-3"/>
      </object_component>
      <object_component id="oc-114">
         <name>.debug_abbrev</name>
         <load_address>0x1f4</load_address>
         <run_address>0x1f4</run_address>
         <size>0x8b</size>
         <input_file_ref idref="fl-3"/>
      </object_component>
      <object_component id="oc-12c">
         <name>.debug_abbrev</name>
         <load_address>0x27f</load_address>
         <run_address>0x27f</run_address>
         <size>0xbd</size>
         <input_file_ref idref="fl-3"/>
      </object_component>
      <object_component id="oc-131">
         <name>.debug_abbrev</name>
         <load_address>0x33c</load_address>
         <run_address>0x33c</run_address>
         <size>0x97</size>
         <input_file_ref idref="fl-3"/>
      </object_component>
      <object_component id="oc-128">
         <name>.debug_abbrev</name>
         <load_address>0x3d3</load_address>
         <run_address>0x3d3</run_address>
         <size>0xd9</size>
         <input_file_ref idref="fl-4"/>
      </object_component>
      <object_component id="oc-126">
         <name>.debug_abbrev</name>
         <load_address>0x4ac</load_address>
         <run_address>0x4ac</run_address>
         <size>0x27</size>
         <input_file_ref idref="fl-4"/>
      </object_component>
      <object_component id="oc-122">
         <name>.debug_abbrev</name>
         <load_address>0x4d3</load_address>
         <run_address>0x4d3</run_address>
         <size>0x27</size>
         <input_file_ref idref="fl-4"/>
      </object_component>
      <object_component id="oc-124">
         <name>.debug_abbrev</name>
         <load_address>0x4fa</load_address>
         <run_address>0x4fa</run_address>
         <size>0x27</size>
         <input_file_ref idref="fl-4"/>
      </object_component>
      <object_component id="oc-d3">
         <name>.debug_abbrev</name>
         <load_address>0x521</load_address>
         <run_address>0x521</run_address>
         <size>0xa9</size>
         <input_file_ref idref="fl-4"/>
      </object_component>
      <object_component id="oc-db">
         <name>.debug_abbrev</name>
         <load_address>0x5ca</load_address>
         <run_address>0x5ca</run_address>
         <size>0x53</size>
         <input_file_ref idref="fl-4"/>
      </object_component>
      <object_component id="oc-95">
         <name>.debug_abbrev</name>
         <load_address>0x61d</load_address>
         <run_address>0x61d</run_address>
         <size>0x24</size>
         <input_file_ref idref="fl-4"/>
      </object_component>
      <object_component id="oc-18c">
         <name>.debug_abbrev</name>
         <load_address>0x641</load_address>
         <run_address>0x641</run_address>
         <size>0x4b</size>
         <input_file_ref idref="fl-4"/>
      </object_component>
      <object_component id="oc-1d9">
         <name>.debug_abbrev</name>
         <load_address>0x68c</load_address>
         <run_address>0x68c</run_address>
         <size>0x108</size>
         <input_file_ref idref="fl-5"/>
      </object_component>
      <object_component id="oc-1a7">
         <name>.debug_abbrev</name>
         <load_address>0x794</load_address>
         <run_address>0x794</run_address>
         <size>0x27</size>
         <input_file_ref idref="fl-5"/>
      </object_component>
      <object_component id="oc-1aa">
         <name>.debug_abbrev</name>
         <load_address>0x7bb</load_address>
         <run_address>0x7bb</run_address>
         <size>0x27</size>
         <input_file_ref idref="fl-5"/>
      </object_component>
      <object_component id="oc-15e">
         <name>.debug_abbrev</name>
         <load_address>0x7e2</load_address>
         <run_address>0x7e2</run_address>
[...]
         <name>Timer_A_initCompare</name>
         <value>0x10f9</value>
         <object_component_ref idref="oc-152"/>
      </symbol>
      <symbol id="sm-44a">
         <name>Timer_A_generatePWM</name>
         <value>0x125f</value>
         <object_component_ref idref="oc-152"/>
      </symbol>
      <symbol id="sm-44b">
         <name>Timer_A_startCounter</name>
         <value>0xfa5</value>
         <object_component_ref idref="oc-152"/>
      </symbol>
      <symbol id="sm-44c">
         <name>Timer_A_initCapture</name>
         <value>0x10a7</value>
         <object_component_ref idref="oc-152"/>
      </symbol>
      <symbol id="sm-44d">
         <name>Timer_A_getCaptureCompareCount</name>
         <value>0x1205</value>
         <object_component_ref idref="oc-152"/>
      </symbol>
      <symbol id="sm-44e">
         <name>Timer_A_disableCaptureCompareInterrupt</name>
         <value>0x13b9</value>
         <object_component_ref idref="oc-152"/>
      </symbol>
      <symbol id="sm-44f">
         <name>Timer_A_stopTimer</name>
         <value>0x12d3</value>
         <object_component_ref idref="oc-152"/>
      </symbol>
      <symbol id="sm-450">
         <name>Timer_A_getCaptureCompareInterruptStatus</name>
         <value>0x13e1</value>
         <object_component_ref idref="oc-152"/>
      </symbol>
      <symbol id="sm-451">
         <name>Timer_A_clearTimer</name>
         <value>0x1193</value>
         <object_component_ref idref="oc-152"/>
      </symbol>
      <symbol id="sm-452">
         <name>Timer_A_clearInterruptFlag</name>
         <value>0x1315</value>
         <object_component_ref idref="oc-152"/>
      </symbol>
      <symbol id="sm-453">
         <name>Timer_A_configureUpDownMode</name>
         <value>0x1049</value>
         <object_component_ref idref="oc-152"/>
      </symbol>
      <symbol id="sm-454">
         <name>Timer_A_getSynchronizedCaptureCompareInput</name>
         <value>0x11a7</value>
         <object_component_ref idref="oc-152"/>
      </symbol>
      <symbol id="sm-455">
         <name>Timer_A_configureUpMode</name>
         <value>0xfeb</value>
         <object_component_ref idref="oc-152"/>
      </symbol>
      <symbol id="sm-456">
         <name>Timer_A_getEnabledInterruptStatus</name>
         <value>0x1409</value>
         <object_component_ref idref="oc-152"/>
      </symbol>
      <symbol id="sm-457">
         <name>Timer_A_disableInterrupt</name>
         <value>0x1367</value>
         <object_component_ref idref="oc-152"/>
      </symbol>
      <symbol id="sm-458">
         <name>Timer_A_configureContinuousMode</name>
         <value>0xfbb</value>
         <object_component_ref idref="oc-152"/>
      </symbol>
      <symbol id="sm-459">
         <name>Timer_A_getCaptureCompareEnabledInterruptStatus</name>
         <value>0x1421</value>
         <object_component_ref idref="oc-152"/>
      </symbol>
      <symbol id="sm-45a">
         <name>Timer_A_getInterruptStatus</name>
         <value>0x137b</value>
         <object_component_ref idref="oc-152"/>
      </symbol>
      <symbol id="sm-45b">
         <name>Timer_A_enableInterrupt</name>
         <value>0x1353</value>
         <object_component_ref idref="oc-152"/>
      </symbol>
      <symbol id="sm-45c">
         <name>Timer_A_unregisterInterrupt</name>
         <value>0x152f</value>
         <object_component_ref idref="oc-152"/>
      </symbol>
      <symbol id="sm-4ae">
         <name>UART_unregisterInterrupt</name>
         <value>0x1e29</value>
         <object_component_ref idref="oc-c4"/>
      </symbol>
      <symbol id="sm-4af">
         <name>UART_enableInterrupt</name>
         <value>0x1cb5</value>
         <object_component_ref idref="oc-c4"/>
      </symbol>
      <symbol id="sm-4b0">
         <name>UART_receiveData</name>
         <value>0x1b8b</value>
         <object_component_ref idref="oc-c4"/>
      </symbol>
      <symbol id="sm-4b1">
         <name>UART_enableModule</name>
         <value>0x1bb1</value>
         <object_component_ref idref="oc-c4"/>
      </symbol>
      <symbol id="sm-4b2">
         <name>UART_disableModule</name>
         <value>0x1bc7</value>
         <object_component_ref idref="oc-c4"/>
      </symbol>
      <symbol id="sm-4b3">
         <name>UART_getEnabledInterruptStatus</name>
         <value>0x1d31</value>
         <object_component_ref idref="oc-c4"/>
      </symbol>
      <symbol id="sm-4b4">
         <name>UART_transmitData</name>
         <value>0x1b61</value>
         <object_component_ref idref="oc-c4"/>
      </symbol>
      <symbol id="sm-4b5">
         <name>UART_transmitBreak</name>
         <value>0x1c37</value>
         <object_component_ref idref="oc-c4"/>
      </symbol>
      <symbol id="sm-4b6">
         <name>UART_registerInterrupt</name>
         <value>0x1dad</value>
         <object_component_ref idref="oc-c4"/>
      </symbol>
      <symbol id="sm-4b7">
         <name>UART_selectDeglitchTime</name>
         <value>0x1c99</value>
         <object_component_ref idref="oc-c4"/>
      </symbol>
      <symbol id="sm-4b8">
         <name>UART_getInterruptStatus</name>
         <value>0x1d15</value>
         <object_component_ref idref="oc-c4"/>
      </symbol>
      <symbol id="sm-4b9">
         <name>UART_getReceiveBufferAddressForDMA</name>
         <value>0x1c7d</value>
         <object_component_ref idref="oc-c4"/>
      </symbol>
      <symbol id="sm-4ba">
         <name>UART_getTransmitBufferAddressForDMA</name>
         <value>0x1c8b</value>
         <object_component_ref idref="oc-c4"/>
      </symbol>
      <symbol id="sm-4bb">
         <name>UART_initModule</name>
         <value>0x1a79</value>
         <object_component_ref idref="oc-c4"/>
      </symbol>
      <symbol id="sm-4bc">
         <name>UART_transmitAddress</name>
         <value>0x1c19</value>
         <object_component_ref idref="oc-c4"/>
      </symbol>
      <symbol id="sm-4bd">
         <name>UART_clearInterruptFlag</name>
         <value>0x1d8d</value>
         <object_component_ref idref="oc-c4"/>
      </symbol>
      <symbol id="sm-4be">
         <name>UART_queryStatusFlags</name>
         <value>0x1bdd</value>
         <object_component_ref idref="oc-c4"/>
      </symbol>
      <symbol id="sm-4bf">
         <name>UART_disableInterrupt</name>
         <value>0x1ce5</value>
         <object_component_ref idref="oc-c4"/>
      </symbol>
      <symbol id="sm-4c0">
         <name>UART_setDormant</name>
         <value>0x1bf1</value>
         <object_component_ref idref="oc-c4"/>
      </symbol>
      <symbol id="sm-4c1">
         <name>UART_resetDormant</name>
         <value>0x1c05</value>
         <object_component_ref idref="oc-c4"/>
      </symbol>
      <symbol id="sm-4d8">
         <name>WDT_A_setTimeoutReset</name>
         <value>0x2acd</value>
         <object_component_ref idref="oc-140"/>
      </symbol>
      <symbol id="sm-4d9">
         <name>WDT_A_registerInterrupt</name>
         <value>0x2ad9</value>
         <object_component_ref idref="oc-140"/>
      </symbol>
      <symbol id="sm-4da">
         <name>WDT_A_setPasswordViolationReset</name>
         <value>0x2ac1</value>
         <object_component_ref idref="oc-140"/>
      </symbol>
      <symbol id="sm-4db">
         <name>WDT_A_initIntervalTimer</name>
         <value>0x2aa5</value>
         <object_component_ref idref="oc-140"/>
      </symbol>
      <symbol id="sm-4dc">
         <name>WDT_A_clearTimer</name>
         <value>0x2a69</value>
         <object_component_ref idref="oc-140"/>
      </symbol>
      <symbol id="sm-4dd">
         <name>WDT_A_holdTimer</name>
         <value>0x2a29</value>
         <object_component_ref idref="oc-140"/>
      </symbol>
      <symbol id="sm-4de">
         <name>WDT_A_initWatchdogTimer</name>
         <value>0x2a89</value>
         <object_component_ref idref="oc-140"/>
      </symbol>
      <symbol id="sm-4df">
         <name>WDT_A_startTimer</name>
         <value>0x2a49</value>
         <object_component_ref idref="oc-140"/>
      </symbol>
      <symbol id="sm-4e0">
         <name>WDT_A_unregisterInterrupt</name>
         <value>0x2aed</value>
         <object_component_ref idref="oc-140"/>
      </symbol>
      <symbol id="sm-505">
         <name>main</name>
         <value>0x2c4d</value>
         <object_component_ref idref="oc-aa"/>
      </symbol>
      <symbol id="sm-506">
         <name>timer_10msec_callback</name>
         <value>0x20000128</value>
         <object_component_ref idref="oc-f8"/>
      </symbol>
      <symbol id="sm-517">
         <name>_c_int00</name>
         <value>0x2e39</value>
         <object_component_ref idref="oc-26"/>
      </symbol>
      <symbol id="sm-518">
         <name>__stack</name>
         <value>0x2000fe00</value>
         <object_component_ref idref="oc-2f"/>
      </symbol>
      <symbol id="sm-536">
         <name>__TI_decompress_lzss</name>
         <value>0x2dd1</value>
         <object_component_ref idref="oc-14"/>
      </symbol>
      <symbol id="sm-54d">
         <name>__TI_decompress_none</name>
         <value>0x2f99</value>
         <object_component_ref idref="oc-1a"/>
      </symbol>
      <symbol id="sm-55f">
         <name>__TI_zero_init</name>
         <value>0x2fb5</value>
         <object_component_ref idref="oc-20"/>
      </symbol>
      <symbol id="sm-580">
         <name>C$$EXIT</name>
         <value>0x2e8d</value>
         <object_component_ref idref="oc-6b"/>
      </symbol>
      <symbol id="sm-581">
         <name>abort</name>
         <value>0x2e91</value>
         <object_component_ref idref="oc-6b"/>
      </symbol>
      <symbol id="sm-582">
         <name>exit</name>
         <value>0x2e99</value>
         <object_component_ref idref="oc-6b"/>
      </symbol>
      <symbol id="sm-583">
         <name>__TI_dtors_ptr</name>
         <value>0x20000118</value>
         <object_component_ref idref="oc-b2"/>
      </symbol>
      <symbol id="sm-584">
         <name>__TI_cleanup_ptr</name>
         <value>0x20000114</value>
         <object_component_ref idref="oc-b2"/>
      </symbol>
      <symbol id="sm-585">
         <name>__TI_enable_exit_profile_output</name>
         <value>0x2000011c</value>
         <object_component_ref idref="oc-b2"/>
      </symbol>
      <symbol id="sm-5a0">
         <name>memcpy</name>
         <value>0x2bb1</value>
         <object_component_ref idref="oc-3b"/>
      </symbol>
      <symbol id="sm-5a1">
         <name>__aeabi_memcpy</name>
         <value>0x2bb1</value>
         <object_component_ref idref="oc-3b"/>
      </symbol>
      <symbol id="sm-5a2">
         <name>__aeabi_memcpy8</name>
         <value>0x2bb1</value>
         <object_component_ref idref="oc-3b"/>
      </symbol>
      <symbol id="sm-5a3">
         <name>__aeabi_memcpy4</name>
         <value>0x2bb1</value>
         <object_component_ref idref="oc-3b"/>
      </symbol>
      <symbol id="sm-5b2">
         <name>__aeabi_memset</name>
         <value>0x2ce7</value>
         <object_component_ref idref="oc-47"/>
      </symbol>
      <symbol id="sm-5b3">
         <name>memset</name>
         <value>0x2ced</value>
         <object_component_ref idref="oc-47"/>
      </symbol>
      <symbol id="sm-5b4">
         <name>__aeabi_memset8</name>
         <value>0x2ce7</value>
         <object_component_ref idref="oc-47"/>
      </symbol>
      <symbol id="sm-5b5">
         <name>__aeabi_memset4</name>
         <value>0x2ce7</value>
         <object_component_ref idref="oc-47"/>
      </symbol>
      <symbol id="sm-5b6">
         <name>__aeabi_memclr8</name>
         <value>0x2ce5</value>
         <object_component_ref idref="oc-47"/>
      </symbol>
      <symbol id="sm-5b7">
         <name>__aeabi_memclr4</name>
         <value>0x2ce5</value>
         <object_component_ref idref="oc-47"/>
      </symbol>
      <symbol id="sm-5b8">
         <name>__aeabi_memclr</name>
         <value>0x2ce5</value>
         <object_component_ref idref="oc-47"/>
      </symbol>
      <symbol id="sm-5c2">
         <name>__mpu_init</name>
         <value>0x2d5f</value>
         <object_component_ref idref="oc-53"/>
      </symbol>
      <symbol id="sm-5cc">
         <name>_system_pre_init</name>
         <value>0x2fc1</value>
         <object_component_ref idref="oc-59"/>
      </symbol>
      <symbol id="sm-5d4">
         <name>main_func_sp</name>
         <value>0x20000130</value>
         <object_component_ref idref="oc-71"/>
      </symbol>
      <symbol id="sm-5ed">
         <name>_nop</name>
         <value>0x2f93</value>
         <object_component_ref idref="oc-105"/>
      </symbol>
      <symbol id="sm-5ee">
         <name>_lock</name>
         <value>0x20000120</value>
         <object_component_ref idref="oc-b5"/>
      </symbol>
      <symbol id="sm-5ef">
         <name>_unlock</name>
         <value>0x20000124</value>
         <object_component_ref idref="oc-b5"/>
      </symbol>
      <symbol id="sm-5f0">
         <name>_register_lock</name>
         <value>0x2f8b</value>
         <object_component_ref idref="oc-105"/>
      </symbol>
      <symbol id="sm-5f1">
         <name>_register_unlock</name>
         <value>0x2f85</value>
         <object_component_ref idref="oc-105"/>
      </symbol>
      <symbol id="sm-605">
         <name>_args_main</name>
         <value>0x2f6d</value>
         <object_component_ref idref="oc-65"/>
      </symbol>
      <symbol id="sm-62f">
         <name>__TI_auto_init</name>
         <value>0x2d61</value>
         <object_component_ref idref="oc-5f"/>
      </symbol>
      <symbol id="sm-649">
         <name>copy_in</name>
         <value>0x2ee1</value>
         <object_component_ref idref="oc-9c"/>
      </symbol>
      <symbol id="sm-653">
         <name>_system_post_cinit</name>
         <value>0x2f6b</value>
         <object_component_ref idref="oc-a2"/>
      </symbol>
      <symbol id="sm-654">
         <name>__TI_static_base__</name>
         <value>0x0</value>
      </symbol>
      <symbol id="sm-657">
         <name>SHT$$INIT_ARRAY$$Limit</name>
         <value>0x0</value>
      </symbol>
      <symbol id="sm-658">
         <name>SHT$$INIT_ARRAY$$Base</name>
         <value>0x0</value>
      </symbol>
      <symbol id="sm-659">
         <name>NMI_Handler</name>
         <value>0x2fb3</value>
      </symbol>
      <symbol id="sm-65a">
         <name>HardFault_Handler</name>
         <value>0x2fb3</value>
      </symbol>
      <symbol id="sm-65b">
         <name>MemManage_Handler</name>
         <value>0x2fb3</value>
      </symbol>
      <symbol id="sm-65c">
         <name>BusFault_Handler</name>
         <value>0x2fb3</value>
      </symbol>
      <symbol id="sm-65d">
         <name>UsageFault_Handler</name>
         <value>0x2fb3</value>
      </symbol>
      <symbol id="sm-65e">
         <name>SVC_Handler</name>
         <value>0x2fb3</value>
      </symbol>
      <symbol id="sm-65f">
         <name>DebugMon_Handler</name>
         <value>0x2fb3</value>
      </symbol>
      <symbol id="sm-660">
         <name>PendSV_Handler</name>
         <value>0x2fb3</value>
      </symbol>
      <symbol id="sm-661">
         <name>SysTick_Handler</name>
         <value>0x2fb3</value>
      </symbol>
      <symbol id="sm-662">
         <name>PSS_IRQHandler</name>
         <value>0x2fb3</value>
      </symbol>
      <symbol id="sm-663">
         <name>CS_IRQHandler</name>
         <value>0x2fb3</value>
      </symbol>
      <symbol id="sm-664">
         <name>PCM_IRQHandler</name>
         <value>0x2fb3</value>
      </symbol>
      <symbol id="sm-665">
         <name>WDT_A_IRQHandler</name>
         <value>0x2fb3</value>
      </symbol>
      <symbol id="sm-666">
         <name>FPU_IRQHandler</name>
         <value>0x2fb3</value>
      </symbol>
      <symbol id="sm-667">
         <name>FLCTL_IRQHandler</name>
         <value>0x2fb3</value>
      </symbol>
      <symbol id="sm-668">
         <name>COMP_E0_IRQHandler</name>
         <value>0x2fb3</value>
      </symbol>
      <symbol id="sm-669">
         <name>COMP_E1_IRQHandler</name>
         <value>0x2fb3</value>
      </symbol>
      <symbol id="sm-66a">
         <name>TA0_0_IRQHandler</name>
         <value>0x2fb3</value>
      </symbol>
      <symbol id="sm-66b">
         <name>TA0_N_IRQHandler</name>
         <value>0x2fb3</value>
      </symbol>
      <symbol id="sm-66c">
         <name>TA1_0_IRQHandler</name>
         <value>0x2fb3</value>
      </symbol>
      <symbol id="sm-66d">
         <name>TA1_N_IRQHandler</name>
         <value>0x2fb3</value>
      </symbol>
      <symbol id="sm-66e">
         <name>TA2_0_IRQHandler</name>
         <value>0x2fb3</value>
      </symbol>
      <symbol id="sm-66f">
         <name>TA2_N_IRQHandler</name>
         <value>0x2fb3</value>
      </symbol>
      <symbol id="sm-670">
         <name>TA3_0_IRQHandler</name>
         <value>0x2fb3</value>
      </symbol>
      <symbol id="sm-671">
         <name>TA3_N_IRQHandler</name>
         <value>0x2fb3</value>
      </symbol>
      <symbol id="sm-672">
         <name>EUSCIA0_IRQHandler</name>
         <value>0x2b13</value>
      </symbol>
      <symbol id="sm-673">
         <name>EUSCIA1_IRQHandler</name>
         <value>0x2fb3</value>
      </symbol>
      <symbol id="sm-674">
         <name>EUSCIA2_IRQHandler</name>
         <value>0x2fb3</value>
      </symbol>
      <symbol id="sm-675">
         <name>EUSCIA3_IRQHandler</name>
         <value>0x2fb3</value>
      </symbol>
      <symbol id="sm-676">
         <name>EUSCIB0_IRQHandler</name>
         <value>0x2fb3</value>
      </symbol>
      <symbol id="sm-677">
         <name>EUSCIB1_IRQHandler</name>
         <value>0x2fb3</value>
      </symbol>
      <symbol id="sm-678">
         <name>EUSCIB2_IRQHandler</name>
         <value>0x2fb3</value>
      </symbol>
      <symbol id="sm-679">
         <name>EUSCIB3_IRQHandler</name>
         <value>0x2fb3</value>
      </symbol>
      <symbol id="sm-67a">
         <name>ADC14_IRQHandler</name>
         <value>0x2fb3</value>
      </symbol>
      <symbol id="sm-67b">
         <name>T32_INT1_IRQHandler</name>
         <value>0x2fb3</value>
      </symbol>
      <symbol id="sm-67c">
         <name>T32_INT2_IRQHandler</name>
         <value>0x2fb3</value>
      </symbol>
      <symbol id="sm-67d">
         <name>T32_INTC_IRQHandler</name>
         <value>0x2fb3</value>
      </symbol>
      <symbol id="sm-67e">
         <name>AES256_IRQHandler</name>
         <value>0x2fb3</value>
      </symbol>
      <symbol id="sm-67f">
         <name>RTC_C_IRQHandler</name>
         <value>0x2fb3</value>
      </symbol>
      <symbol id="sm-680">
         <name>DMA_ERR_IRQHandler</name>
         <value>0x2fb3</value>
      </symbol>
      <symbol id="sm-681">
         <name>DMA_INT3_IRQHandler</name>
         <value>0x2fb3</value>
      </symbol>
      <symbol id="sm-682">
         <name>DMA_INT2_IRQHandler</name>
         <value>0x2fb3</value>
      </symbol>
      <symbol id="sm-683">
         <name>DMA_INT1_IRQHandler</name>
         <value>0x2fb3</value>
      </symbol>
      <symbol id="sm-684">
         <name>DMA_INT0_IRQHandler</name>
         <value>0x2fb3</value>
      </symbol>
      <symbol id="sm-685">
         <name>PORT1_IRQHandler</name>
         <value>0x2fb3</value>
      </symbol>
      <symbol id="sm-686">
         <name>PORT2_IRQHandler</name>
         <value>0x2fb3</value>
      </symbol>
      <symbol id="sm-687">
         <name>PORT3_IRQHandler</name>
         <value>0x2fb3</value>
      </symbol>
      <symbol id="sm-688">
         <name>PORT4_IRQHandler</name>
         <value>0x2fb3</value>
      </symbol>
      <symbol id="sm-689">
         <name>PORT5_IRQHandler</name>
         <value>0x2fb3</value>
      </symbol>
      <symbol id="sm-68a">
         <name>PORT6_IRQHandler</name>
         <value>0x2fb3</value>
      </symbol>
   </symbol_table>
   <title>Link successful</title>
</link_info>
